---
version: 1
interactions:
- request:
    body: ""
    form: {}
    headers: {}
    url: https://api.datadoghq.com/api/v1/validate
    method: GET
  response:
    body: '{"valid":true}'
    headers:
      Cache-Control:
      - no-cache
      Connection:
      - keep-alive
      Content-Length:
      - "14"
      Content-Security-Policy:
      - frame-ancestors 'self'; report-uri https://api.datadoghq.com/csp-report
      Content-Type:
      - application/json
      Date:
      - Thu, 27 Feb 2020 11:38:47 GMT
      Dd-Pool:
      - dogweb
      Pragma:
      - no-cache
      Set-Cookie:
      - DD-PSHARD=224; Max-Age=604800; Path=/; expires=Thu, 05-Mar-2020 11:38:47 GMT;
        secure; HttpOnly
      Strict-Transport-Security:
      - max-age=15724800;
      X-Content-Type-Options:
      - nosniff
      X-Dd-Debug:
      - B/LXPck0nGNX0RSV/Gw7cnZ0oe92FUOfg1ec7WcU0kSvw/UBT+IXTFTD87Snvz2v
      X-Dd-Version:
      - "35.2219923"
      X-Frame-Options:
      - SAMEORIGIN
    status: 200 OK
    code: 200
    duration: ""
- request:
    body: ""
    form: {}
    headers: {}
    url: https://api.datadoghq.com/api/v1/validate
    method: GET
  response:
    body: '{"valid":true}'
    headers:
      Cache-Control:
      - no-cache
      Connection:
      - keep-alive
      Content-Length:
      - "14"
      Content-Security-Policy:
      - frame-ancestors 'self'; report-uri https://api.datadoghq.com/csp-report
      Content-Type:
      - application/json
      Date:
      - Thu, 27 Feb 2020 11:38:47 GMT
      Dd-Pool:
      - dogweb
      Pragma:
      - no-cache
      Set-Cookie:
      - DD-PSHARD=224; Max-Age=604800; Path=/; expires=Thu, 05-Mar-2020 11:38:47 GMT;
        secure; HttpOnly
      Strict-Transport-Security:
      - max-age=15724800;
      X-Content-Type-Options:
      - nosniff
      X-Dd-Debug:
      - Jhz2Lh32XBCZ7PVSj7/lof8hXjgbtiexG4VIRWAEYHPFefqyYpXnVaeT62yBncrB
      X-Dd-Version:
      - "35.2219923"
      X-Frame-Options:
      - SAMEORIGIN
    status: 200 OK
    code: 200
    duration: ""
- request:
    body: '{"type":"query alert","query":"avg(last_1h):anomalies(avg:system.cpu.system{name:cassandra},
      ''basic'', 2, direction=''above'') \u003e= 1","name":"test bug 259","message":"test","tags":null,"options":{"notify_no_data":false,"renotify_interval":60,"new_host_delay":300,"timeout_h":60,"thresholds":{"ok":0.0,"critical":1.0,"warning":0.5,"critical_recovery":0.5,"warning_recovery":0.25},"include_tags":true,"require_full_window":true},"state":{}}'
    form: {}
    headers:
      Content-Type:
      - application/json
      User-Agent:
      - Datadog/dev/terraform (go1.13.6)
    url: https://api.datadoghq.com/api/v1/monitor
    method: POST
  response:
    body: '{"restricted_roles":null,"tags":[],"deleted":null,"query":"avg(last_1h):anomalies(avg:system.cpu.system{name:cassandra},
      ''basic'', 2, direction=''above'') >= 1","message":"test","id":16070498,"multi":false,"name":"test
      bug 259","created":"2020-02-27T11:38:47.451982+00:00","created_at":1582803527000,"creator":{"id":1628996,"handle":"jiri.kuncar@datadoghq.com","name":"Ji\u0159\u00ed
      Kun\u010dar","email":"jiri.kuncar@datadoghq.com"},"org_id":382568,"modified":"2020-02-27T11:38:47.451982+00:00","overall_state_modified":null,"overall_state":"No
      Data","type":"query alert","options":{"notify_audit":false,"locked":false,"timeout_h":60,"silenced":{},"include_tags":true,"thresholds":{"warning":0.5,"ok":0.0,"critical":1.0,"warning_recovery":0.25,"critical_recovery":0.5},"new_host_delay":300,"require_full_window":true,"notify_no_data":false,"renotify_interval":60}}'
    headers:
      Cache-Control:
      - no-cache
      Connection:
      - keep-alive
      Content-Security-Policy:
      - frame-ancestors 'self'; report-uri https://api.datadoghq.com/csp-report
      Content-Type:
      - application/json; charset=utf-8
      Date:
      - Thu, 27 Feb 2020 11:38:48 GMT
      Dd-Pool:
      - dogweb
      Pragma:
      - no-cache
      Set-Cookie:
      - DD-PSHARD=224; Max-Age=604800; Path=/; expires=Thu, 05-Mar-2020 11:38:47 GMT;
        secure; HttpOnly
      Strict-Transport-Security:
      - max-age=15724800;
      Vary:
      - Accept-Encoding
      X-Content-Type-Options:
      - nosniff
      X-Dd-Debug:
      - MZCX71FNdAUQ6AMWRBKW1fkNpiPTypOoXE57zLYE3lG5gigqB2nroYJ/8uMn9muy
      X-Dd-Version:
      - "35.2219923"
      X-Frame-Options:
      - SAMEORIGIN
      X-Ratelimit-Limit:
      - "500"
      X-Ratelimit-Period:
      - "10"
      X-Ratelimit-Remaining:
      - "498"
      X-Ratelimit-Reset:
      - "3"
    status: 200 OK
    code: 200
    duration: ""
- request:
    body: ""
    form: {}
    headers:
      User-Agent:
      - Datadog/dev/terraform (go1.13.6)
    url: https://api.datadoghq.com/api/v1/monitor/16070498
    method: GET
  response:
    body: '{"restricted_roles":null,"tags":[],"deleted":null,"query":"avg(last_1h):anomalies(avg:system.cpu.system{name:cassandra},
      ''basic'', 2, direction=''above'') >= 1","message":"test","id":16070498,"multi":false,"name":"test
      bug 259","created":"2020-02-27T11:38:47.451982+00:00","created_at":1582803527000,"creator":{"id":1628996,"handle":"jiri.kuncar@datadoghq.com","name":"Ji\u0159\u00ed
      Kun\u010dar","email":"jiri.kuncar@datadoghq.com"},"org_id":382568,"modified":"2020-02-27T11:38:47.451982+00:00","overall_state_modified":null,"overall_state":"No
      Data","type":"query alert","options":{"notify_audit":false,"locked":false,"timeout_h":60,"silenced":{},"include_tags":true,"thresholds":{"warning":0.5,"ok":0.0,"critical":1.0,"warning_recovery":0.25,"critical_recovery":0.5},"new_host_delay":300,"require_full_window":true,"notify_no_data":false,"renotify_interval":60}}'
    headers:
      Cache-Control:
      - no-cache
      Connection:
      - keep-alive
      Content-Security-Policy:
      - frame-ancestors 'self'; report-uri https://api.datadoghq.com/csp-report
      Content-Type:
      - application/json; charset=utf-8
      Date:
      - Thu, 27 Feb 2020 11:38:48 GMT
      Dd-Pool:
      - dogweb
      Pragma:
      - no-cache
      Set-Cookie:
      - DD-PSHARD=224; Max-Age=604800; Path=/; expires=Thu, 05-Mar-2020 11:38:48 GMT;
        secure; HttpOnly
      Strict-Transport-Security:
      - max-age=15724800;
      Vary:
      - Accept-Encoding
      X-Content-Type-Options:
      - nosniff
      X-Dd-Debug:
      - PmDXJXCpOnq24qtagNCLPTUoILSRgi3DGaXUca70kUEAM8DZBLYkwSVilYSYEHCG
      X-Dd-Version:
      - "35.2219923"
      X-Frame-Options:
      - SAMEORIGIN
      X-Ratelimit-Limit:
      - "3000"
      X-Ratelimit-Period:
      - "10"
      X-Ratelimit-Remaining:
      - "2984"
      X-Ratelimit-Reset:
      - "2"
    status: 200 OK
    code: 200
    duration: ""
- request:
    body: ""
    form: {}
    headers:
      User-Agent:
      - Datadog/dev/terraform (go1.13.6)
    url: https://api.datadoghq.com/api/v1/monitor/16070498
    method: GET
  response:
    body: '{"restricted_roles":null,"tags":[],"deleted":null,"query":"avg(last_1h):anomalies(avg:system.cpu.system{name:cassandra},
      ''basic'', 2, direction=''above'') >= 1","message":"test","id":16070498,"multi":false,"name":"test
      bug 259","created":"2020-02-27T11:38:47.451982+00:00","created_at":1582803527000,"creator":{"id":1628996,"handle":"jiri.kuncar@datadoghq.com","name":"Ji\u0159\u00ed
      Kun\u010dar","email":"jiri.kuncar@datadoghq.com"},"org_id":382568,"modified":"2020-02-27T11:38:47.451982+00:00","overall_state_modified":null,"overall_state":"No
      Data","type":"query alert","options":{"notify_audit":false,"locked":false,"timeout_h":60,"silenced":{},"include_tags":true,"thresholds":{"warning":0.5,"ok":0.0,"critical":1.0,"warning_recovery":0.25,"critical_recovery":0.5},"new_host_delay":300,"require_full_window":true,"notify_no_data":false,"renotify_interval":60}}'
    headers:
      Cache-Control:
      - no-cache
      Connection:
      - keep-alive
      Content-Security-Policy:
      - frame-ancestors 'self'; report-uri https://api.datadoghq.com/csp-report
      Content-Type:
      - application/json; charset=utf-8
      Date:
      - Thu, 27 Feb 2020 11:38:49 GMT
      Dd-Pool:
      - dogweb
      Pragma:
      - no-cache
      Set-Cookie:
      - DD-PSHARD=224; Max-Age=604800; Path=/; expires=Thu, 05-Mar-2020 11:38:49 GMT;
        secure; HttpOnly
      Strict-Transport-Security:
      - max-age=15724800;
      Vary:
      - Accept-Encoding
      X-Content-Type-Options:
      - nosniff
      X-Dd-Debug:
      - vLqqOLcWkbQm3aIBHfcEmIwzrJtjtqNdArlWt57BFwl8nfWymjIeK67csuZ1woEb
      X-Dd-Version:
      - "35.2219923"
      X-Frame-Options:
      - SAMEORIGIN
      X-Ratelimit-Limit:
      - "3000"
      X-Ratelimit-Period:
      - "10"
      X-Ratelimit-Remaining:
      - "2983"
      X-Ratelimit-Reset:
      - "1"
    status: 200 OK
    code: 200
    duration: ""
- request:
    body: ""
    form: {}
    headers: {}
    url: https://api.datadoghq.com/api/v1/validate
    method: GET
  response:
    body: '{"valid":true}'
    headers:
      Cache-Control:
      - no-cache
      Connection:
      - keep-alive
      Content-Length:
      - "14"
      Content-Security-Policy:
      - frame-ancestors 'self'; report-uri https://api.datadoghq.com/csp-report
      Content-Type:
      - application/json
      Date:
      - Thu, 27 Feb 2020 11:38:49 GMT
      Dd-Pool:
      - dogweb
      Pragma:
      - no-cache
      Set-Cookie:
      - DD-PSHARD=224; Max-Age=604800; Path=/; expires=Thu, 05-Mar-2020 11:38:49 GMT;
        secure; HttpOnly
      Strict-Transport-Security:
      - max-age=15724800;
      X-Content-Type-Options:
      - nosniff
      X-Dd-Debug:
      - zDaLXgTwOglSG/+LeCisOhDwAOr7D4UzTY02i97kQg3V5W3f2nMLfChR6yLoaPN1
      X-Dd-Version:
      - "35.2219923"
      X-Frame-Options:
      - SAMEORIGIN
    status: 200 OK
    code: 200
    duration: ""
- request:
    body: ""
    form: {}
    headers: {}
    url: https://api.datadoghq.com/api/v1/validate
    method: GET
  response:
    body: '{"valid":true}'
    headers:
      Cache-Control:
      - no-cache
      Connection:
      - keep-alive
      Content-Length:
      - "14"
      Content-Security-Policy:
      - frame-ancestors 'self'; report-uri https://api.datadoghq.com/csp-report
      Content-Type:
      - application/json
      Date:
      - Thu, 27 Feb 2020 11:38:49 GMT
      Dd-Pool:
      - dogweb
      Pragma:
      - no-cache
      Set-Cookie:
      - DD-PSHARD=224; Max-Age=604800; Path=/; expires=Thu, 05-Mar-2020 11:38:49 GMT;
        secure; HttpOnly
      Strict-Transport-Security:
      - max-age=15724800;
      X-Content-Type-Options:
      - nosniff
      X-Dd-Debug:
      - F2g1vP9i37Cj4rH5vEufbSNzCmriMTDVzKKqVk/JOUesbIz8psR3R2945wO0PbTf
      X-Dd-Version:
      - "35.2219923"
      X-Frame-Options:
      - SAMEORIGIN
    status: 200 OK
    code: 200
    duration: ""
- request:
    body: ""
    form: {}
    headers:
      User-Agent:
      - Datadog/dev/terraform (go1.13.6)
    url: https://api.datadoghq.com/api/v1/monitor/16070498
    method: GET
  response:
    body: '{"restricted_roles":null,"tags":[],"deleted":null,"query":"avg(last_1h):anomalies(avg:system.cpu.system{name:cassandra},
      ''basic'', 2, direction=''above'') >= 1","message":"test","id":16070498,"multi":false,"name":"test
      bug 259","created":"2020-02-27T11:38:47.451982+00:00","created_at":1582803527000,"creator":{"id":1628996,"handle":"jiri.kuncar@datadoghq.com","name":"Ji\u0159\u00ed
      Kun\u010dar","email":"jiri.kuncar@datadoghq.com"},"org_id":382568,"modified":"2020-02-27T11:38:47.451982+00:00","overall_state_modified":null,"overall_state":"No
      Data","type":"query alert","options":{"notify_audit":false,"locked":false,"timeout_h":60,"silenced":{},"include_tags":true,"thresholds":{"warning":0.5,"ok":0.0,"critical":1.0,"warning_recovery":0.25,"critical_recovery":0.5},"new_host_delay":300,"require_full_window":true,"notify_no_data":false,"renotify_interval":60}}'
    headers:
      Cache-Control:
      - no-cache
      Connection:
      - keep-alive
      Content-Security-Policy:
      - frame-ancestors 'self'; report-uri https://api.datadoghq.com/csp-report
      Content-Type:
      - application/json; charset=utf-8
      Date:
      - Thu, 27 Feb 2020 11:38:49 GMT
      Dd-Pool:
      - dogweb
      Pragma:
      - no-cache
      Set-Cookie:
      - DD-PSHARD=224; Max-Age=604800; Path=/; expires=Thu, 05-Mar-2020 11:38:49 GMT;
        secure; HttpOnly
      Strict-Transport-Security:
      - max-age=15724800;
      Vary:
      - Accept-Encoding
      X-Content-Type-Options:
      - nosniff
      X-Dd-Debug:
      - gCSZ7BDMU1GjNFaR6hO6ZgwcgG3iOVugDLAlbR+YVBEuMFHhC330JIFkvjLveHm3
      X-Dd-Version:
      - "35.2219923"
      X-Frame-Options:
      - SAMEORIGIN
      X-Ratelimit-Limit:
      - "3000"
      X-Ratelimit-Period:
      - "10"
      X-Ratelimit-Remaining:
      - "2982"
      X-Ratelimit-Reset:
      - "1"
    status: 200 OK
    code: 200
    duration: ""
- request:
    body: ""
    form: {}
    headers:
      User-Agent:
      - Datadog/dev/terraform (go1.13.6)
    url: https://api.datadoghq.com/api/v1/monitor/16070498
    method: GET
  response:
    body: '{"restricted_roles":null,"tags":[],"deleted":null,"query":"avg(last_1h):anomalies(avg:system.cpu.system{name:cassandra},
      ''basic'', 2, direction=''above'') >= 1","message":"test","id":16070498,"multi":false,"name":"test
      bug 259","created":"2020-02-27T11:38:47.451982+00:00","created_at":1582803527000,"creator":{"id":1628996,"handle":"jiri.kuncar@datadoghq.com","name":"Ji\u0159\u00ed
      Kun\u010dar","email":"jiri.kuncar@datadoghq.com"},"org_id":382568,"modified":"2020-02-27T11:38:47.451982+00:00","overall_state_modified":null,"overall_state":"No
      Data","type":"query alert","options":{"notify_audit":false,"locked":false,"timeout_h":60,"silenced":{},"include_tags":true,"thresholds":{"warning":0.5,"ok":0.0,"critical":1.0,"warning_recovery":0.25,"critical_recovery":0.5},"new_host_delay":300,"require_full_window":true,"notify_no_data":false,"renotify_interval":60}}'
    headers:
      Cache-Control:
      - no-cache
      Connection:
      - keep-alive
      Content-Security-Policy:
      - frame-ancestors 'self'; report-uri https://api.datadoghq.com/csp-report
      Content-Type:
      - application/json; charset=utf-8
      Date:
      - Thu, 27 Feb 2020 11:38:49 GMT
      Dd-Pool:
      - dogweb
      Pragma:
      - no-cache
      Set-Cookie:
      - DD-PSHARD=224; Max-Age=604800; Path=/; expires=Thu, 05-Mar-2020 11:38:49 GMT;
        secure; HttpOnly
      Strict-Transport-Security:
      - max-age=15724800;
      Vary:
      - Accept-Encoding
      X-Content-Type-Options:
      - nosniff
      X-Dd-Debug:
      - UlUHD7I7ISIp2OTIKJ1HGCksOU1snpAx2HtkPJw2SYzWMPmqzICEuimWl9Uiyokg
      X-Dd-Version:
      - "35.2219923"
      X-Frame-Options:
      - SAMEORIGIN
      X-Ratelimit-Limit:
      - "3000"
      X-Ratelimit-Period:
      - "10"
      X-Ratelimit-Remaining:
      - "2981"
      X-Ratelimit-Reset:
      - "1"
    status: 200 OK
    code: 200
    duration: ""
- request:
    body: ""
    form: {}
    headers: {}
    url: https://api.datadoghq.com/api/v1/validate
    method: GET
  response:
    body: '{"valid":true}'
    headers:
      Cache-Control:
      - no-cache
      Connection:
      - keep-alive
      Content-Length:
      - "14"
      Content-Security-Policy:
      - frame-ancestors 'self'; report-uri https://api.datadoghq.com/csp-report
      Content-Type:
      - application/json
      Date:
      - Thu, 27 Feb 2020 11:38:49 GMT
      Dd-Pool:
      - dogweb
      Pragma:
      - no-cache
      Set-Cookie:
      - DD-PSHARD=224; Max-Age=604800; Path=/; expires=Thu, 05-Mar-2020 11:38:49 GMT;
        secure; HttpOnly
      Strict-Transport-Security:
      - max-age=15724800;
      X-Content-Type-Options:
      - nosniff
      X-Dd-Debug:
      - x4pYHtiOW9rUeREgXmH2iIgBaXVGD7x1RIZUg56H0ghPppdtz0ZBEK6nMs8tuoqc
      X-Dd-Version:
      - "35.2219923"
      X-Frame-Options:
      - SAMEORIGIN
    status: 200 OK
    code: 200
    duration: ""
- request:
    body: ""
    form: {}
    headers: {}
    url: https://api.datadoghq.com/api/v1/validate
    method: GET
  response:
    body: '{"valid":true}'
    headers:
      Cache-Control:
      - no-cache
      Connection:
      - keep-alive
      Content-Length:
      - "14"
      Content-Security-Policy:
      - frame-ancestors 'self'; report-uri https://api.datadoghq.com/csp-report
      Content-Type:
      - application/json
      Date:
      - Thu, 27 Feb 2020 11:38:50 GMT
      Dd-Pool:
      - dogweb
      Pragma:
      - no-cache
      Set-Cookie:
      - DD-PSHARD=224; Max-Age=604800; Path=/; expires=Thu, 05-Mar-2020 11:38:50 GMT;
        secure; HttpOnly
      Strict-Transport-Security:
      - max-age=15724800;
      X-Content-Type-Options:
      - nosniff
      X-Dd-Debug:
      - IRAJ1mQ+c3epm0CLGtZoe/y8O4TCss3jYw+fwQOm7+eSKRCE+p3OtawVnIQ5ts76
      X-Dd-Version:
      - "35.2219923"
      X-Frame-Options:
      - SAMEORIGIN
    status: 200 OK
    code: 200
    duration: ""
- request:
    body: ""
    form: {}
    headers:
      User-Agent:
      - Datadog/dev/terraform (go1.13.6)
    url: https://api.datadoghq.com/api/v1/monitor/16070498
    method: GET
  response:
    body: '{"restricted_roles":null,"tags":[],"deleted":null,"query":"avg(last_1h):anomalies(avg:system.cpu.system{name:cassandra},
      ''basic'', 2, direction=''above'') >= 1","message":"test","id":16070498,"multi":false,"name":"test
      bug 259","created":"2020-02-27T11:38:47.451982+00:00","created_at":1582803527000,"creator":{"id":1628996,"handle":"jiri.kuncar@datadoghq.com","name":"Ji\u0159\u00ed
      Kun\u010dar","email":"jiri.kuncar@datadoghq.com"},"org_id":382568,"modified":"2020-02-27T11:38:47.451982+00:00","overall_state_modified":null,"overall_state":"No
      Data","type":"query alert","options":{"notify_audit":false,"locked":false,"timeout_h":60,"silenced":{},"include_tags":true,"thresholds":{"warning":0.5,"ok":0.0,"critical":1.0,"warning_recovery":0.25,"critical_recovery":0.5},"new_host_delay":300,"require_full_window":true,"notify_no_data":false,"renotify_interval":60}}'
    headers:
      Cache-Control:
      - no-cache
      Connection:
      - keep-alive
      Content-Security-Policy:
      - frame-ancestors 'self'; report-uri https://api.datadoghq.com/csp-report
      Content-Type:
      - application/json; charset=utf-8
      Date:
      - Thu, 27 Feb 2020 11:38:50 GMT
      Dd-Pool:
      - dogweb
      Pragma:
      - no-cache
      Set-Cookie:
      - DD-PSHARD=224; Max-Age=604800; Path=/; expires=Thu, 05-Mar-2020 11:38:50 GMT;
        secure; HttpOnly
      Strict-Transport-Security:
      - max-age=15724800;
      Vary:
      - Accept-Encoding
      X-Content-Type-Options:
      - nosniff
      X-Dd-Debug:
      - u2B27rQjtu8TuEjzrroc8ae3xeJMLmsxU6SiAszW1tH+EI3X0cOP819eGNRqlxzl
      X-Dd-Version:
      - "35.2219923"
      X-Frame-Options:
      - SAMEORIGIN
      X-Ratelimit-Limit:
      - "3000"
      X-Ratelimit-Period:
      - "10"
      X-Ratelimit-Remaining:
      - "2999"
      X-Ratelimit-Reset:
      - "10"
    status: 200 OK
    code: 200
    duration: ""
- request:
    body: ""
    form: {}
    headers:
      User-Agent:
      - Datadog/dev/terraform (go1.13.6)
    url: https://api.datadoghq.com/api/v1/monitor/16070498
    method: GET
  response:
    body: '{"restricted_roles":null,"tags":[],"deleted":null,"query":"avg(last_1h):anomalies(avg:system.cpu.system{name:cassandra},
      ''basic'', 2, direction=''above'') >= 1","message":"test","id":16070498,"multi":false,"name":"test
      bug 259","created":"2020-02-27T11:38:47.451982+00:00","created_at":1582803527000,"creator":{"id":1628996,"handle":"jiri.kuncar@datadoghq.com","name":"Ji\u0159\u00ed
      Kun\u010dar","email":"jiri.kuncar@datadoghq.com"},"org_id":382568,"modified":"2020-02-27T11:38:47.451982+00:00","overall_state_modified":null,"overall_state":"No
      Data","type":"query alert","options":{"notify_audit":false,"locked":false,"timeout_h":60,"silenced":{},"include_tags":true,"thresholds":{"warning":0.5,"ok":0.0,"critical":1.0,"warning_recovery":0.25,"critical_recovery":0.5},"new_host_delay":300,"require_full_window":true,"notify_no_data":false,"renotify_interval":60}}'
    headers:
      Cache-Control:
      - no-cache
      Connection:
      - keep-alive
      Content-Security-Policy:
      - frame-ancestors 'self'; report-uri https://api.datadoghq.com/csp-report
      Content-Type:
      - application/json; charset=utf-8
      Date:
      - Thu, 27 Feb 2020 11:38:50 GMT
      Dd-Pool:
      - dogweb
      Pragma:
      - no-cache
      Set-Cookie:
      - DD-PSHARD=224; Max-Age=604800; Path=/; expires=Thu, 05-Mar-2020 11:38:50 GMT;
        secure; HttpOnly
      Strict-Transport-Security:
      - max-age=15724800;
      Vary:
      - Accept-Encoding
      X-Content-Type-Options:
      - nosniff
      X-Dd-Debug:
      - JbIYRXbRMsAVaKGy+d2H1ud8Z295ghodOPi6eELPzhmBKrZI3+dlseyrUY1cqOAd
      X-Dd-Version:
      - "35.2219923"
      X-Frame-Options:
      - SAMEORIGIN
      X-Ratelimit-Limit:
      - "3000"
      X-Ratelimit-Period:
      - "10"
      X-Ratelimit-Remaining:
      - "2998"
      X-Ratelimit-Reset:
      - "10"
    status: 200 OK
    code: 200
    duration: ""
- request:
    body: ""
    form: {}
    headers: {}
    url: https://api.datadoghq.com/api/v1/validate
    method: GET
  response:
    body: '{"valid":true}'
    headers:
      Cache-Control:
      - no-cache
      Connection:
      - keep-alive
      Content-Length:
      - "14"
      Content-Security-Policy:
      - frame-ancestors 'self'; report-uri https://api.datadoghq.com/csp-report
      Content-Type:
      - application/json
      Date:
      - Thu, 27 Feb 2020 11:38:50 GMT
      Dd-Pool:
      - dogweb
      Pragma:
      - no-cache
      Set-Cookie:
      - DD-PSHARD=224; Max-Age=604800; Path=/; expires=Thu, 05-Mar-2020 11:38:50 GMT;
        secure; HttpOnly
      Strict-Transport-Security:
      - max-age=15724800;
      X-Content-Type-Options:
      - nosniff
      X-Dd-Debug:
      - DAk/CQntZmry+u4cYsuVOELuKFo1I3NzKRNwPlY9WvlbH+rffk5VylB8tKDaSRWP
      X-Dd-Version:
      - "35.2219923"
      X-Frame-Options:
      - SAMEORIGIN
    status: 200 OK
    code: 200
    duration: ""
- request:
    body: ""
    form: {}
    headers:
      User-Agent:
      - Datadog/dev/terraform (go1.13.6)
    url: https://api.datadoghq.com/api/v1/monitor/16070498
    method: DELETE
  response:
    body: '{"deleted_monitor_id":16070498}'
    headers:
      Cache-Control:
      - no-cache
      Connection:
      - keep-alive
      Content-Security-Policy:
      - frame-ancestors 'self'; report-uri https://api.datadoghq.com/csp-report
      Content-Type:
      - application/json; charset=utf-8
      Date:
      - Thu, 27 Feb 2020 11:38:50 GMT
      Dd-Pool:
      - dogweb
      Pragma:
      - no-cache
      Set-Cookie:
      - DD-PSHARD=224; Max-Age=604800; Path=/; expires=Thu, 05-Mar-2020 11:38:50 GMT;
        secure; HttpOnly
      Strict-Transport-Security:
      - max-age=15724800;
      Vary:
      - Accept-Encoding
      X-Content-Type-Options:
      - nosniff
      X-Dd-Debug:
      - EbXB0e7cF4uDRViRvI+w6qPg1YzykoJqZiw5SbqL/81VRQW4a286h09eTGyIVvXJ
      X-Dd-Version:
      - "35.2219923"
      X-Frame-Options:
      - SAMEORIGIN
    status: 200 OK
    code: 200
    duration: ""
- request:
    body: ""
    form: {}
    headers:
      User-Agent:
      - Datadog/dev/terraform (go1.13.6)
    url: https://api.datadoghq.com/api/v1/monitor/16070498
    method: GET
  response:
    body: '{"errors":["Monitor not found"]}'
    headers:
      Cache-Control:
      - no-cache
      Connection:
      - keep-alive
      Content-Security-Policy:
      - frame-ancestors 'self'; report-uri https://api.datadoghq.com/csp-report
      Content-Type:
      - application/json
      Date:
      - Thu, 27 Feb 2020 11:38:51 GMT
      Dd-Pool:
      - dogweb
      Pragma:
      - no-cache
      Strict-Transport-Security:
      - max-age=15724800;
      Vary:
      - Accept-Encoding
      X-Content-Type-Options:
      - nosniff
      X-Dd-Version:
      - "35.2219923"
      X-Frame-Options:
      - SAMEORIGIN
      X-Ratelimit-Limit:
      - "3000"
      X-Ratelimit-Period:
      - "10"
      X-Ratelimit-Remaining:
      - "2997"
      X-Ratelimit-Reset:
      - "9"
    status: 404 Not Found
    code: 404
    duration: ""
