---
version: 1
interactions:
- request:
    body: ""
    form: {}
    headers: {}
    url: https://api.datadoghq.com/api/v1/validate
    method: GET
  response:
    body: '{"valid":true}'
    headers:
      Cache-Control:
      - no-cache
      Connection:
      - keep-alive
      Content-Length:
      - "14"
      Content-Security-Policy:
      - frame-ancestors 'self'; report-uri https://api.datadoghq.com/csp-report
      Content-Type:
      - application/json
      Date:
      - Thu, 27 Feb 2020 11:37:59 GMT
      Dd-Pool:
      - dogweb
      Pragma:
      - no-cache
      Set-Cookie:
      - DD-PSHARD=224; Max-Age=604800; Path=/; expires=Thu, 05-Mar-2020 11:37:59 GMT;
        secure; HttpOnly
      Strict-Transport-Security:
      - max-age=15724800;
      X-Content-Type-Options:
      - nosniff
      X-Dd-Debug:
      - WatxAL43AyqgfI4tyA152NzYM3DLdjL7IWr0SzhldiWriTsbw9vUaRZnaqhOCdUk
      X-Dd-Version:
      - "35.2219923"
      X-Frame-Options:
      - SAMEORIGIN
    status: 200 OK
    code: 200
    duration: ""
- request:
    body: ""
    form: {}
    headers: {}
    url: https://api.datadoghq.com/api/v1/validate
    method: GET
  response:
    body: '{"valid":true}'
    headers:
      Cache-Control:
      - no-cache
      Connection:
      - keep-alive
      Content-Length:
      - "14"
      Content-Security-Policy:
      - frame-ancestors 'self'; report-uri https://api.datadoghq.com/csp-report
      Content-Type:
      - application/json
      Date:
      - Thu, 27 Feb 2020 11:37:59 GMT
      Dd-Pool:
      - dogweb
      Pragma:
      - no-cache
      Set-Cookie:
      - DD-PSHARD=224; Max-Age=604800; Path=/; expires=Thu, 05-Mar-2020 11:37:59 GMT;
        secure; HttpOnly
      Strict-Transport-Security:
      - max-age=15724800;
      X-Content-Type-Options:
      - nosniff
      X-Dd-Debug:
      - tp1qdVxoUmtlsVp6hgBWraWfL5vEbA116VZkaWKWIZtgPr5Ima8zysCBv+o2WoZ/
      X-Dd-Version:
      - "35.2219923"
      X-Frame-Options:
      - SAMEORIGIN
    status: 200 OK
    code: 200
    duration: ""
- request:
    body: '{"type":"query alert","query":"avg(last_1h):avg:aws.ec2.cpu{environment:foo,host:foo}
      by {host} \u003e 2","name":"name for monitor foo","message":"some message Notify:
      @hipchat-channel","tags":["baz","foo:bar"],"options":{"notify_no_data":false,"renotify_interval":60,"new_host_delay":600,"evaluation_delay":700,"timeout_h":60,"escalation_message":"the
      situation has escalated @pagerduty","thresholds":{"critical":2.0,"warning":1.0,"critical_recovery":1.5,"warning_recovery":0.5},"include_tags":true,"require_full_window":true},"state":{}}'
    form: {}
    headers:
      Content-Type:
      - application/json
      User-Agent:
      - Datadog/dev/terraform (go1.13.6)
    url: https://api.datadoghq.com/api/v1/monitor
    method: POST
  response:
    body: '{"restricted_roles":null,"tags":["baz","foo:bar"],"deleted":null,"query":"avg(last_1h):avg:aws.ec2.cpu{environment:foo,host:foo}
      by {host} > 2","message":"some message Notify: @hipchat-channel","id":16070484,"multi":true,"name":"name
      for monitor foo","created":"2020-02-27T11:38:00.012822+00:00","created_at":1582803480000,"creator":{"id":1628996,"handle":"jiri.kuncar@datadoghq.com","name":"Ji\u0159\u00ed
      Kun\u010dar","email":"jiri.kuncar@datadoghq.com"},"org_id":382568,"modified":"2020-02-27T11:38:00.012822+00:00","overall_state_modified":null,"overall_state":"No
      Data","type":"query alert","options":{"notify_audit":false,"locked":false,"timeout_h":60,"silenced":{},"include_tags":true,"thresholds":{"critical":2.0,"warning":1.0,"warning_recovery":0.5,"critical_recovery":1.5},"new_host_delay":600,"require_full_window":true,"notify_no_data":false,"renotify_interval":60,"evaluation_delay":700,"escalation_message":"the
      situation has escalated @pagerduty"}}'
    headers:
      Cache-Control:
      - no-cache
      Connection:
      - keep-alive
      Content-Security-Policy:
      - frame-ancestors 'self'; report-uri https://api.datadoghq.com/csp-report
      Content-Type:
      - application/json; charset=utf-8
      Date:
      - Thu, 27 Feb 2020 11:38:00 GMT
      Dd-Pool:
      - dogweb
      Pragma:
      - no-cache
      Set-Cookie:
      - DD-PSHARD=224; Max-Age=604800; Path=/; expires=Thu, 05-Mar-2020 11:37:59 GMT;
        secure; HttpOnly
      Strict-Transport-Security:
      - max-age=15724800;
      Vary:
      - Accept-Encoding
      X-Content-Type-Options:
      - nosniff
      X-Dd-Debug:
      - YNGrI7M9aLfuf6Npp7n/51e6xDtYCO9Rm/LB+HGbX4I6A/e7rnC+cgQxIZnsU+fj
      X-Dd-Version:
      - "35.2219923"
      X-Frame-Options:
      - SAMEORIGIN
      X-Ratelimit-Limit:
      - "500"
      X-Ratelimit-Period:
      - "10"
      X-Ratelimit-Remaining:
      - "499"
      X-Ratelimit-Reset:
      - "10"
    status: 200 OK
    code: 200
    duration: ""
- request:
    body: ""
    form: {}
    headers:
      User-Agent:
      - Datadog/dev/terraform (go1.13.6)
    url: https://api.datadoghq.com/api/v1/monitor/16070484
    method: GET
  response:
    body: '{"restricted_roles":null,"tags":["baz","foo:bar"],"deleted":null,"query":"avg(last_1h):avg:aws.ec2.cpu{environment:foo,host:foo}
      by {host} > 2","message":"some message Notify: @hipchat-channel","id":16070484,"multi":true,"name":"name
      for monitor foo","created":"2020-02-27T11:38:00.012822+00:00","created_at":1582803480000,"creator":{"id":1628996,"handle":"jiri.kuncar@datadoghq.com","name":"Ji\u0159\u00ed
      Kun\u010dar","email":"jiri.kuncar@datadoghq.com"},"org_id":382568,"modified":"2020-02-27T11:38:00.012822+00:00","overall_state_modified":null,"overall_state":"No
      Data","type":"query alert","options":{"notify_audit":false,"locked":false,"timeout_h":60,"silenced":{},"include_tags":true,"thresholds":{"critical":2.0,"warning":1.0,"warning_recovery":0.5,"critical_recovery":1.5},"new_host_delay":600,"require_full_window":true,"notify_no_data":false,"renotify_interval":60,"evaluation_delay":700,"escalation_message":"the
      situation has escalated @pagerduty"}}'
    headers:
      Cache-Control:
      - no-cache
      Connection:
      - keep-alive
      Content-Security-Policy:
      - frame-ancestors 'self'; report-uri https://api.datadoghq.com/csp-report
      Content-Type:
      - application/json; charset=utf-8
      Date:
      - Thu, 27 Feb 2020 11:38:00 GMT
      Dd-Pool:
      - dogweb
      Pragma:
      - no-cache
      Set-Cookie:
      - DD-PSHARD=224; Max-Age=604800; Path=/; expires=Thu, 05-Mar-2020 11:38:00 GMT;
        secure; HttpOnly
      Strict-Transport-Security:
      - max-age=15724800;
      Vary:
      - Accept-Encoding
      X-Content-Type-Options:
      - nosniff
      X-Dd-Debug:
      - YCJuwY9AAFMveejFq3DmCuXNgWrXpDBQxqXi3LxQxaHO16MK3yMSWa14TOuRlDjy
      X-Dd-Version:
      - "35.2219923"
      X-Frame-Options:
      - SAMEORIGIN
      X-Ratelimit-Limit:
      - "3000"
      X-Ratelimit-Period:
      - "10"
      X-Ratelimit-Remaining:
      - "2999"
      X-Ratelimit-Reset:
      - "10"
    status: 200 OK
    code: 200
    duration: ""
- request:
    body: ""
    form: {}
    headers:
      User-Agent:
      - Datadog/dev/terraform (go1.13.6)
    url: https://api.datadoghq.com/api/v1/monitor/16070484
    method: GET
  response:
    body: '{"restricted_roles":null,"tags":["baz","foo:bar"],"deleted":null,"query":"avg(last_1h):avg:aws.ec2.cpu{environment:foo,host:foo}
      by {host} > 2","message":"some message Notify: @hipchat-channel","id":16070484,"multi":true,"name":"name
      for monitor foo","created":"2020-02-27T11:38:00.012822+00:00","created_at":1582803480000,"creator":{"id":1628996,"handle":"jiri.kuncar@datadoghq.com","name":"Ji\u0159\u00ed
      Kun\u010dar","email":"jiri.kuncar@datadoghq.com"},"org_id":382568,"modified":"2020-02-27T11:38:00.012822+00:00","overall_state_modified":null,"overall_state":"No
      Data","type":"query alert","options":{"notify_audit":false,"locked":false,"timeout_h":60,"silenced":{},"include_tags":true,"thresholds":{"critical":2.0,"warning":1.0,"warning_recovery":0.5,"critical_recovery":1.5},"new_host_delay":600,"require_full_window":true,"notify_no_data":false,"renotify_interval":60,"evaluation_delay":700,"escalation_message":"the
      situation has escalated @pagerduty"}}'
    headers:
      Cache-Control:
      - no-cache
      Connection:
      - keep-alive
      Content-Security-Policy:
      - frame-ancestors 'self'; report-uri https://api.datadoghq.com/csp-report
      Content-Type:
      - application/json; charset=utf-8
      Date:
      - Thu, 27 Feb 2020 11:38:00 GMT
      Dd-Pool:
      - dogweb
      Pragma:
      - no-cache
      Set-Cookie:
      - DD-PSHARD=224; Max-Age=604800; Path=/; expires=Thu, 05-Mar-2020 11:38:00 GMT;
        secure; HttpOnly
      Strict-Transport-Security:
      - max-age=15724800;
      Vary:
      - Accept-Encoding
      X-Content-Type-Options:
      - nosniff
      X-Dd-Debug:
      - IkXBg4ZNMRmDsobzMjEa2v35+NuPiQI0gFmho/o6e7+hfyyJl3rjuklsE4uVJo7l
      X-Dd-Version:
      - "35.2219923"
      X-Frame-Options:
      - SAMEORIGIN
      X-Ratelimit-Limit:
      - "3000"
      X-Ratelimit-Period:
      - "10"
      X-Ratelimit-Remaining:
      - "2998"
      X-Ratelimit-Reset:
      - "10"
    status: 200 OK
    code: 200
    duration: ""
- request:
    body: ""
    form: {}
    headers: {}
    url: https://api.datadoghq.com/api/v1/validate
    method: GET
  response:
    body: '{"valid":true}'
    headers:
      Cache-Control:
      - no-cache
      Connection:
      - keep-alive
      Content-Length:
      - "14"
      Content-Security-Policy:
      - frame-ancestors 'self'; report-uri https://api.datadoghq.com/csp-report
      Content-Type:
      - application/json
      Date:
      - Thu, 27 Feb 2020 11:38:00 GMT
      Dd-Pool:
      - dogweb
      Pragma:
      - no-cache
      Set-Cookie:
      - DD-PSHARD=224; Max-Age=604800; Path=/; expires=Thu, 05-Mar-2020 11:38:00 GMT;
        secure; HttpOnly
      Strict-Transport-Security:
      - max-age=15724800;
      X-Content-Type-Options:
      - nosniff
      X-Dd-Debug:
      - PmDXJXCpOnq24qtagNCLPTUoILSRgi3DGaXUca70kUEAM8DZBLYkwSVilYSYEHCG
      X-Dd-Version:
      - "35.2219923"
      X-Frame-Options:
      - SAMEORIGIN
    status: 200 OK
    code: 200
    duration: ""
- request:
    body: ""
    form: {}
    headers: {}
    url: https://api.datadoghq.com/api/v1/validate
    method: GET
  response:
    body: '{"valid":true}'
    headers:
      Cache-Control:
      - no-cache
      Connection:
      - keep-alive
      Content-Length:
      - "14"
      Content-Security-Policy:
      - frame-ancestors 'self'; report-uri https://api.datadoghq.com/csp-report
      Content-Type:
      - application/json
      Date:
      - Thu, 27 Feb 2020 11:38:00 GMT
      Dd-Pool:
      - dogweb
      Pragma:
      - no-cache
      Set-Cookie:
      - DD-PSHARD=224; Max-Age=604800; Path=/; expires=Thu, 05-Mar-2020 11:38:00 GMT;
        secure; HttpOnly
      Strict-Transport-Security:
      - max-age=15724800;
      X-Content-Type-Options:
      - nosniff
      X-Dd-Debug:
      - LSmCynIhKaei2ZXhUwyt9n5ny5nHZCYRNYsTU4+Q86mceDsWCQtfUVf4lac22qNa
      X-Dd-Version:
      - "35.2219923"
      X-Frame-Options:
      - SAMEORIGIN
    status: 200 OK
    code: 200
    duration: ""
- request:
    body: ""
    form: {}
    headers:
      User-Agent:
      - Datadog/dev/terraform (go1.13.6)
    url: https://api.datadoghq.com/api/v1/monitor/16070484
    method: GET
  response:
    body: '{"restricted_roles":null,"tags":["baz","foo:bar"],"deleted":null,"query":"avg(last_1h):avg:aws.ec2.cpu{environment:foo,host:foo}
      by {host} > 2","message":"some message Notify: @hipchat-channel","id":16070484,"multi":true,"name":"name
      for monitor foo","created":"2020-02-27T11:38:00.012822+00:00","created_at":1582803480000,"creator":{"id":1628996,"handle":"jiri.kuncar@datadoghq.com","name":"Ji\u0159\u00ed
      Kun\u010dar","email":"jiri.kuncar@datadoghq.com"},"org_id":382568,"modified":"2020-02-27T11:38:00.012822+00:00","overall_state_modified":null,"overall_state":"No
      Data","type":"query alert","options":{"notify_audit":false,"locked":false,"timeout_h":60,"silenced":{},"include_tags":true,"thresholds":{"critical":2.0,"warning":1.0,"warning_recovery":0.5,"critical_recovery":1.5},"new_host_delay":600,"require_full_window":true,"notify_no_data":false,"renotify_interval":60,"evaluation_delay":700,"escalation_message":"the
      situation has escalated @pagerduty"}}'
    headers:
      Cache-Control:
      - no-cache
      Connection:
      - keep-alive
      Content-Security-Policy:
      - frame-ancestors 'self'; report-uri https://api.datadoghq.com/csp-report
      Content-Type:
      - application/json; charset=utf-8
      Date:
      - Thu, 27 Feb 2020 11:38:00 GMT
      Dd-Pool:
      - dogweb
      Pragma:
      - no-cache
      Set-Cookie:
      - DD-PSHARD=224; Max-Age=604800; Path=/; expires=Thu, 05-Mar-2020 11:38:00 GMT;
        secure; HttpOnly
      Strict-Transport-Security:
      - max-age=15724800;
      Vary:
      - Accept-Encoding
      X-Content-Type-Options:
      - nosniff
      X-Dd-Debug:
      - 2AZOmbSnS2o4jaTO55IoEgDi10r3ewUAnpo5XLuAFAThAxt0uvbRy8dZoSIDmBYA
      X-Dd-Version:
      - "35.2219923"
      X-Frame-Options:
      - SAMEORIGIN
      X-Ratelimit-Limit:
      - "3000"
      X-Ratelimit-Period:
      - "10"
      X-Ratelimit-Remaining:
      - "2997"
      X-Ratelimit-Reset:
      - "10"
    status: 200 OK
    code: 200
    duration: ""
- request:
    body: ""
    form: {}
    headers:
      User-Agent:
      - Datadog/dev/terraform (go1.13.6)
    url: https://api.datadoghq.com/api/v1/monitor/16070484
    method: GET
  response:
    body: '{"restricted_roles":null,"tags":["baz","foo:bar"],"deleted":null,"query":"avg(last_1h):avg:aws.ec2.cpu{environment:foo,host:foo}
      by {host} > 2","message":"some message Notify: @hipchat-channel","id":16070484,"multi":true,"name":"name
      for monitor foo","created":"2020-02-27T11:38:00.012822+00:00","created_at":1582803480000,"creator":{"id":1628996,"handle":"jiri.kuncar@datadoghq.com","name":"Ji\u0159\u00ed
      Kun\u010dar","email":"jiri.kuncar@datadoghq.com"},"org_id":382568,"modified":"2020-02-27T11:38:00.012822+00:00","overall_state_modified":null,"overall_state":"No
      Data","type":"query alert","options":{"notify_audit":false,"locked":false,"timeout_h":60,"silenced":{},"include_tags":true,"thresholds":{"critical":2.0,"warning":1.0,"warning_recovery":0.5,"critical_recovery":1.5},"new_host_delay":600,"require_full_window":true,"notify_no_data":false,"renotify_interval":60,"evaluation_delay":700,"escalation_message":"the
      situation has escalated @pagerduty"}}'
    headers:
      Cache-Control:
      - no-cache
      Connection:
      - keep-alive
      Content-Security-Policy:
      - frame-ancestors 'self'; report-uri https://api.datadoghq.com/csp-report
      Content-Type:
      - application/json; charset=utf-8
      Date:
      - Thu, 27 Feb 2020 11:38:01 GMT
      Dd-Pool:
      - dogweb
      Pragma:
      - no-cache
      Set-Cookie:
      - DD-PSHARD=224; Max-Age=604800; Path=/; expires=Thu, 05-Mar-2020 11:38:00 GMT;
        secure; HttpOnly
      Strict-Transport-Security:
      - max-age=15724800;
      Vary:
      - Accept-Encoding
      X-Content-Type-Options:
      - nosniff
      X-Dd-Debug:
      - EE74ncTR989SomsonUvABJWdGDkXBs7Emqj3HVDpp6NYddpvHp95kXsnHux1Es9E
      X-Dd-Version:
      - "35.2219923"
      X-Frame-Options:
      - SAMEORIGIN
      X-Ratelimit-Limit:
      - "3000"
      X-Ratelimit-Period:
      - "10"
      X-Ratelimit-Remaining:
      - "2996"
      X-Ratelimit-Reset:
      - "9"
    status: 200 OK
    code: 200
    duration: ""
- request:
    body: ""
    form: {}
    headers: {}
    url: https://api.datadoghq.com/api/v1/validate
    method: GET
  response:
    body: '{"valid":true}'
    headers:
      Cache-Control:
      - no-cache
      Connection:
      - keep-alive
      Content-Length:
      - "14"
      Content-Security-Policy:
      - frame-ancestors 'self'; report-uri https://api.datadoghq.com/csp-report
      Content-Type:
      - application/json
      Date:
      - Thu, 27 Feb 2020 11:38:01 GMT
      Dd-Pool:
      - dogweb
      Pragma:
      - no-cache
      Set-Cookie:
      - DD-PSHARD=224; Max-Age=604800; Path=/; expires=Thu, 05-Mar-2020 11:38:01 GMT;
        secure; HttpOnly
      Strict-Transport-Security:
      - max-age=15724800;
      X-Content-Type-Options:
      - nosniff
      X-Dd-Debug:
      - QO3HutZQjgMDp/HqClcLon+qq5lEghb3LRV+gXMIQ2Jivd1m1eEGCh0RxplUQMIV
      X-Dd-Version:
      - "35.2219923"
      X-Frame-Options:
      - SAMEORIGIN
    status: 200 OK
    code: 200
    duration: ""
- request:
    body: ""
    form: {}
    headers: {}
    url: https://api.datadoghq.com/api/v1/validate
    method: GET
  response:
    body: '{"valid":true}'
    headers:
      Cache-Control:
      - no-cache
      Connection:
      - keep-alive
      Content-Length:
      - "14"
      Content-Security-Policy:
      - frame-ancestors 'self'; report-uri https://api.datadoghq.com/csp-report
      Content-Type:
      - application/json
      Date:
      - Thu, 27 Feb 2020 11:38:01 GMT
      Dd-Pool:
      - dogweb
      Pragma:
      - no-cache
      Set-Cookie:
      - DD-PSHARD=224; Max-Age=604800; Path=/; expires=Thu, 05-Mar-2020 11:38:01 GMT;
        secure; HttpOnly
      Strict-Transport-Security:
      - max-age=15724800;
      X-Content-Type-Options:
      - nosniff
      X-Dd-Debug:
      - 2AZOmbSnS2o4jaTO55IoEgDi10r3ewUAnpo5XLuAFAThAxt0uvbRy8dZoSIDmBYA
      X-Dd-Version:
      - "35.2219923"
      X-Frame-Options:
      - SAMEORIGIN
    status: 200 OK
    code: 200
    duration: ""
- request:
    body: ""
    form: {}
    headers:
      User-Agent:
      - Datadog/dev/terraform (go1.13.6)
    url: https://api.datadoghq.com/api/v1/monitor/16070484
    method: GET
  response:
    body: '{"restricted_roles":null,"tags":["baz","foo:bar"],"deleted":null,"query":"avg(last_1h):avg:aws.ec2.cpu{environment:foo,host:foo}
      by {host} > 2","message":"some message Notify: @hipchat-channel","id":16070484,"multi":true,"name":"name
      for monitor foo","created":"2020-02-27T11:38:00.012822+00:00","created_at":1582803480000,"creator":{"id":1628996,"handle":"jiri.kuncar@datadoghq.com","name":"Ji\u0159\u00ed
      Kun\u010dar","email":"jiri.kuncar@datadoghq.com"},"org_id":382568,"modified":"2020-02-27T11:38:00.012822+00:00","overall_state_modified":null,"overall_state":"No
      Data","type":"query alert","options":{"notify_audit":false,"locked":false,"timeout_h":60,"silenced":{},"include_tags":true,"thresholds":{"critical":2.0,"warning":1.0,"warning_recovery":0.5,"critical_recovery":1.5},"new_host_delay":600,"require_full_window":true,"notify_no_data":false,"renotify_interval":60,"evaluation_delay":700,"escalation_message":"the
      situation has escalated @pagerduty"}}'
    headers:
      Cache-Control:
      - no-cache
      Connection:
      - keep-alive
      Content-Security-Policy:
      - frame-ancestors 'self'; report-uri https://api.datadoghq.com/csp-report
      Content-Type:
      - application/json; charset=utf-8
      Date:
      - Thu, 27 Feb 2020 11:38:01 GMT
      Dd-Pool:
      - dogweb
      Pragma:
      - no-cache
      Set-Cookie:
      - DD-PSHARD=224; Max-Age=604800; Path=/; expires=Thu, 05-Mar-2020 11:38:01 GMT;
        secure; HttpOnly
      Strict-Transport-Security:
      - max-age=15724800;
      Vary:
      - Accept-Encoding
      X-Content-Type-Options:
      - nosniff
      X-Dd-Debug:
      - +24qoGfe5Pp4qbS1m8KO9qioq2P4fxuj80XQhtr/9vInDLECmYZT0VSsbqISZgqC
      X-Dd-Version:
      - "35.2219923"
      X-Frame-Options:
      - SAMEORIGIN
      X-Ratelimit-Limit:
      - "3000"
      X-Ratelimit-Period:
      - "10"
      X-Ratelimit-Remaining:
      - "2995"
      X-Ratelimit-Reset:
      - "9"
    status: 200 OK
    code: 200
    duration: ""
- request:
    body: ""
    form: {}
    headers:
      User-Agent:
      - Datadog/dev/terraform (go1.13.6)
    url: https://api.datadoghq.com/api/v1/monitor/16070484
    method: GET
  response:
    body: '{"restricted_roles":null,"tags":["baz","foo:bar"],"deleted":null,"query":"avg(last_1h):avg:aws.ec2.cpu{environment:foo,host:foo}
      by {host} > 2","message":"some message Notify: @hipchat-channel","id":16070484,"multi":true,"name":"name
      for monitor foo","created":"2020-02-27T11:38:00.012822+00:00","created_at":1582803480000,"creator":{"id":1628996,"handle":"jiri.kuncar@datadoghq.com","name":"Ji\u0159\u00ed
      Kun\u010dar","email":"jiri.kuncar@datadoghq.com"},"org_id":382568,"modified":"2020-02-27T11:38:00.012822+00:00","overall_state_modified":null,"overall_state":"No
      Data","type":"query alert","options":{"notify_audit":false,"locked":false,"timeout_h":60,"silenced":{},"include_tags":true,"thresholds":{"critical":2.0,"warning":1.0,"warning_recovery":0.5,"critical_recovery":1.5},"new_host_delay":600,"require_full_window":true,"notify_no_data":false,"renotify_interval":60,"evaluation_delay":700,"escalation_message":"the
      situation has escalated @pagerduty"}}'
    headers:
      Cache-Control:
      - no-cache
      Connection:
      - keep-alive
      Content-Security-Policy:
      - frame-ancestors 'self'; report-uri https://api.datadoghq.com/csp-report
      Content-Type:
      - application/json; charset=utf-8
      Date:
      - Thu, 27 Feb 2020 11:38:01 GMT
      Dd-Pool:
      - dogweb
      Pragma:
      - no-cache
      Set-Cookie:
      - DD-PSHARD=224; Max-Age=604800; Path=/; expires=Thu, 05-Mar-2020 11:38:01 GMT;
        secure; HttpOnly
      Strict-Transport-Security:
      - max-age=15724800;
      Vary:
      - Accept-Encoding
      X-Content-Type-Options:
      - nosniff
      X-Dd-Debug:
      - SaHvyR/hQzhMjBxXmmuM76vwlwfocpgL0LhX3u6R0CFONYqUGm7Xe/7/HyTliTFX
      X-Dd-Version:
      - "35.2219923"
      X-Frame-Options:
      - SAMEORIGIN
      X-Ratelimit-Limit:
      - "3000"
      X-Ratelimit-Period:
      - "10"
      X-Ratelimit-Remaining:
      - "2994"
      X-Ratelimit-Reset:
      - "9"
    status: 200 OK
    code: 200
    duration: ""
- request:
    body: ""
    form: {}
    headers: {}
    url: https://api.datadoghq.com/api/v1/validate
    method: GET
  response:
    body: '{"valid":true}'
    headers:
      Cache-Control:
      - no-cache
      Connection:
      - keep-alive
      Content-Length:
      - "14"
      Content-Security-Policy:
      - frame-ancestors 'self'; report-uri https://api.datadoghq.com/csp-report
      Content-Type:
      - application/json
      Date:
      - Thu, 27 Feb 2020 11:38:01 GMT
      Dd-Pool:
      - dogweb
      Pragma:
      - no-cache
      Set-Cookie:
      - DD-PSHARD=224; Max-Age=604800; Path=/; expires=Thu, 05-Mar-2020 11:38:01 GMT;
        secure; HttpOnly
      Strict-Transport-Security:
      - max-age=15724800;
      X-Content-Type-Options:
      - nosniff
      X-Dd-Debug:
      - FB5oGxuL9E/cplxahdQnU5Nw5E7KX0Smq18it9qYKIt8BXsSloE0IpDRA39tfQwn
      X-Dd-Version:
      - "35.2219923"
      X-Frame-Options:
      - SAMEORIGIN
    status: 200 OK
    code: 200
    duration: ""
- request:
    body: ""
    form: {}
    headers:
      User-Agent:
      - Datadog/dev/terraform (go1.13.6)
    url: https://api.datadoghq.com/api/v1/monitor/16070484
    method: DELETE
  response:
    body: '{"deleted_monitor_id":16070484}'
    headers:
      Cache-Control:
      - no-cache
      Connection:
      - keep-alive
      Content-Security-Policy:
      - frame-ancestors 'self'; report-uri https://api.datadoghq.com/csp-report
      Content-Type:
      - application/json; charset=utf-8
      Date:
      - Thu, 27 Feb 2020 11:38:03 GMT
      Dd-Pool:
      - dogweb
      Pragma:
      - no-cache
      Set-Cookie:
      - DD-PSHARD=224; Max-Age=604800; Path=/; expires=Thu, 05-Mar-2020 11:38:01 GMT;
        secure; HttpOnly
      Strict-Transport-Security:
      - max-age=15724800;
      Vary:
      - Accept-Encoding
      X-Content-Type-Options:
      - nosniff
      X-Dd-Debug:
      - Jhz2Lh32XBCZ7PVSj7/lof8hXjgbtiexG4VIRWAEYHPFefqyYpXnVaeT62yBncrB
      X-Dd-Version:
      - "35.2219923"
      X-Frame-Options:
      - SAMEORIGIN
    status: 200 OK
    code: 200
    duration: ""
- request:
    body: ""
    form: {}
    headers:
      User-Agent:
      - Datadog/dev/terraform (go1.13.6)
    url: https://api.datadoghq.com/api/v1/monitor/16070484
    method: GET
  response:
    body: '{"errors":["Monitor not found"]}'
    headers:
      Cache-Control:
      - no-cache
      Connection:
      - keep-alive
      Content-Security-Policy:
      - frame-ancestors 'self'; report-uri https://api.datadoghq.com/csp-report
      Content-Type:
      - application/json
      Date:
      - Thu, 27 Feb 2020 11:38:03 GMT
      Dd-Pool:
      - dogweb
      Pragma:
      - no-cache
      Strict-Transport-Security:
      - max-age=15724800;
      Vary:
      - Accept-Encoding
      X-Content-Type-Options:
      - nosniff
      X-Dd-Version:
      - "35.2219923"
      X-Frame-Options:
      - SAMEORIGIN
      X-Ratelimit-Limit:
      - "3000"
      X-Ratelimit-Period:
      - "10"
      X-Ratelimit-Remaining:
      - "2993"
      X-Ratelimit-Reset:
      - "7"
    status: 404 Not Found
    code: 404
    duration: ""
