---
version: 1
interactions:
- request:
    body: |
      {"description":"Created using the Datadog provider in Terraform","id":"","layout_type":"free","notify_list":[],"template_variable_presets":[{"name":"preset_1","template_variables":[{"name":"var_1","value":"var_1_value"},{"name":"var_2","value":"var_2_value"}]},{"name":"preset_2","template_variables":[{"name":"var_1","value":"var_1_value"}]}],"template_variables":[{"default":"aws","name":"var_1","prefix":"host"},{"default":"autoscaling","name":"var_2","prefix":"service_name"}],"title":"Acceptance Test Free Dashboard","widgets":[{"definition":{"event_size":"l","query":"*","time":{"live_span":"1h"},"title":"Widget Title","title_align":"left","title_size":"16","type":"event_stream"},"layout":{"height":43,"width":32,"x":5,"y":5}},{"definition":{"query":"*","time":{"live_span":"1h"},"title":"Widget Title","title_align":"left","title_size":"16","type":"event_timeline"},"layout":{"height":9,"width":65,"x":42,"y":73}},{"definition":{"color":"#d00","font_size":"88","text":"free text content","text_align":"left","type":"free_text"},"layout":{"height":20,"width":30,"x":42,"y":5}},{"definition":{"type":"iframe","url":"http://google.com"},"layout":{"height":46,"width":39,"x":111,"y":8}},{"definition":{"margin":"small","sizing":"fit","type":"image","url":"https://images.pexels.com/photos/67636/rose-blue-flower-rose-blooms-67636.jpeg?auto=compress\u0026cs=tinysrgb\u0026h=350"},"layout":{"height":20,"width":30,"x":77,"y":7}},{"definition":{"columns":["core_host","core_service","tag_source"],"indexes":["main"],"query":"error","type":"log_stream"},"layout":{"height":36,"width":32,"x":5,"y":51}},{"definition":{"color_preference":"text","display_format":"countsAndList","hide_zero_counts":true,"query":"type:metric","show_last_triggered":true,"sort":"status,asc","summary_type":"monitors","title":"Widget Title","title_align":"left","title_size":"16","type":"manage_status"},"layout":{"height":40,"width":30,"x":112,"y":55}},{"definition":{"display_format":"three_column","env":"datad0g.com","service":"alerting-cassandra","show_breakdown":true,"show_distribution":true,"show_errors":true,"show_hits":true,"show_latency":false,"show_resource_list":false,"size_format":"large","span_name":"cassandra.query","time":{"live_span":"1h"},"title":"alerting-cassandra #env:datad0g.com","title_align":"center","title_size":"13","type":"trace_service"},"layout":{"height":38,"width":67,"x":40,"y":28}}]}
    form: {}
    headers:
      Accept:
      - application/json
      Content-Type:
      - application/json
      Dd-Operation-Id:
      - CreateDashboard
      User-Agent:
      - datadog-api-client-go/1.0.0-beta.1+dev.1 (go go1.13.4; os darwin; arch amd64)
    url: https://api.datadoghq.com/api/v1/dashboard
    method: POST
  response:
    body: '{"notify_list":[],"description":"Created using the Datadog provider in
      Terraform","author_name":null,"template_variable_presets":[{"template_variables":[{"name":"var_1","value":"var_1_value"},{"name":"var_2","value":"var_2_value"}],"name":"preset_1"},{"template_variables":[{"name":"var_1","value":"var_1_value"}],"name":"preset_2"}],"template_variables":[{"default":"aws","prefix":"host","name":"var_1"},{"default":"autoscaling","prefix":"service_name","name":"var_2"}],"is_read_only":false,"id":"kye-kzk-bux","title":"Acceptance
      Test Free Dashboard","url":"/dashboard/kye-kzk-bux/acceptance-test-free-dashboard","created_at":"2020-04-26T18:55:44.982411+00:00","modified_at":"2020-04-26T18:55:44.982417+00:00","author_handle":"frog@datadoghq.com","widgets":[{"definition":{"title_size":"16","title":"Widget
      Title","title_align":"left","time":{"live_span":"1h"},"query":"*","type":"event_stream","event_size":"l"},"layout":{"y":5,"x":5,"width":32,"height":43},"id":5053840593259334},{"definition":{"title_size":"16","title":"Widget
      Title","title_align":"left","time":{"live_span":"1h"},"query":"*","type":"event_timeline"},"layout":{"y":73,"x":42,"width":65,"height":9},"id":1161865820801082},{"definition":{"color":"#d00","text":"free
      text content","type":"free_text","font_size":"88","text_align":"left"},"layout":{"y":5,"x":42,"width":30,"height":20},"id":7840977193320840},{"definition":{"url":"http://google.com","type":"iframe"},"layout":{"y":8,"x":111,"width":39,"height":46},"id":1377180619362860},{"definition":{"url":"https://images.pexels.com/photos/67636/rose-blue-flower-rose-blooms-67636.jpeg?auto=compress&cs=tinysrgb&h=350","sizing":"fit","margin":"small","type":"image"},"layout":{"y":7,"x":77,"width":30,"height":20},"id":4005590357810314},{"definition":{"query":"error","type":"log_stream","columns":["core_host","core_service","tag_source"],"indexes":["main"]},"layout":{"y":51,"x":5,"width":32,"height":36},"id":6391000816392380},{"definition":{"sort":"status,asc","title_align":"left","title_size":"16","title":"Widget
      Title","show_last_triggered":true,"hide_zero_counts":true,"summary_type":"monitors","color_preference":"text","query":"type:metric","display_format":"countsAndList","type":"manage_status"},"layout":{"y":55,"x":112,"width":30,"height":40},"id":1251135919965957},{"definition":{"span_name":"cassandra.query","title_size":"13","service":"alerting-cassandra","title":"alerting-cassandra
      #env:datad0g.com","size_format":"large","show_hits":true,"show_latency":false,"title_align":"center","show_errors":true,"show_breakdown":true,"env":"datad0g.com","time":{"live_span":"1h"},"show_distribution":true,"display_format":"three_column","type":"trace_service","show_resource_list":false},"layout":{"y":28,"x":40,"width":67,"height":38},"id":994461518016544}],"layout_type":"free"}'
    headers:
      Cache-Control:
      - no-cache
      Connection:
      - keep-alive
      Content-Security-Policy:
      - frame-ancestors 'self'; report-uri https://api.datadoghq.com/csp-report
      Content-Type:
      - application/json
      Date:
      - Sun, 26 Apr 2020 18:55:45 GMT
      Dd-Pool:
      - dogweb
      Pragma:
      - no-cache
      Set-Cookie:
      - DD-PSHARD=233; Max-Age=604800; Path=/; expires=Sun, 03-May-2020 18:55:44 GMT;
        secure; HttpOnly
      Strict-Transport-Security:
      - max-age=15724800;
      Vary:
      - Accept-Encoding
      X-Content-Type-Options:
      - nosniff
      X-Dd-Debug:
      - wB7h0Rt2IYxDUBLtoJ4y0ZOq10ZaMdDZiRuFZ3d/FUUtC7gfBEZWTs0Y6dZhoLZS
      X-Dd-Version:
      - "35.2432369"
      X-Frame-Options:
      - SAMEORIGIN
    status: 200 OK
    code: 200
    duration: ""
- request:
    body: ""
    form: {}
    headers:
      Accept:
      - application/json
      Dd-Operation-Id:
      - GetDashboard
      User-Agent:
      - datadog-api-client-go/1.0.0-beta.1+dev.1 (go go1.13.4; os darwin; arch amd64)
    url: https://api.datadoghq.com/api/v1/dashboard/kye-kzk-bux
    method: GET
  response:
    body: '{"notify_list":[],"description":"Created using the Datadog provider in
      Terraform","author_name":null,"template_variable_presets":[{"template_variables":[{"name":"var_1","value":"var_1_value"},{"name":"var_2","value":"var_2_value"}],"name":"preset_1"},{"template_variables":[{"name":"var_1","value":"var_1_value"}],"name":"preset_2"}],"template_variables":[{"default":"aws","prefix":"host","name":"var_1"},{"default":"autoscaling","prefix":"service_name","name":"var_2"}],"is_read_only":false,"id":"kye-kzk-bux","title":"Acceptance
      Test Free Dashboard","url":"/dashboard/kye-kzk-bux/acceptance-test-free-dashboard","created_at":"2020-04-26T18:55:44.982411+00:00","modified_at":"2020-04-26T18:55:44.982417+00:00","author_handle":"frog@datadoghq.com","widgets":[{"definition":{"title_size":"16","title":"Widget
      Title","title_align":"left","time":{"live_span":"1h"},"query":"*","type":"event_stream","event_size":"l"},"layout":{"y":5,"x":5,"width":32,"height":43},"id":5053840593259334},{"definition":{"title_size":"16","title":"Widget
      Title","title_align":"left","time":{"live_span":"1h"},"query":"*","type":"event_timeline"},"layout":{"y":73,"x":42,"width":65,"height":9},"id":1161865820801082},{"definition":{"color":"#d00","text":"free
      text content","type":"free_text","font_size":"88","text_align":"left"},"layout":{"y":5,"x":42,"width":30,"height":20},"id":7840977193320840},{"definition":{"url":"http://google.com","type":"iframe"},"layout":{"y":8,"x":111,"width":39,"height":46},"id":1377180619362860},{"definition":{"url":"https://images.pexels.com/photos/67636/rose-blue-flower-rose-blooms-67636.jpeg?auto=compress&cs=tinysrgb&h=350","sizing":"fit","margin":"small","type":"image"},"layout":{"y":7,"x":77,"width":30,"height":20},"id":4005590357810314},{"definition":{"query":"error","type":"log_stream","columns":["core_host","core_service","tag_source"],"indexes":["main"]},"layout":{"y":51,"x":5,"width":32,"height":36},"id":6391000816392380},{"definition":{"sort":"status,asc","title_align":"left","title_size":"16","title":"Widget
      Title","show_last_triggered":true,"hide_zero_counts":true,"summary_type":"monitors","color_preference":"text","query":"type:metric","display_format":"countsAndList","type":"manage_status"},"layout":{"y":55,"x":112,"width":30,"height":40},"id":1251135919965957},{"definition":{"span_name":"cassandra.query","title_size":"13","service":"alerting-cassandra","title":"alerting-cassandra
      #env:datad0g.com","size_format":"large","show_hits":true,"show_latency":false,"title_align":"center","show_errors":true,"show_breakdown":true,"env":"datad0g.com","time":{"live_span":"1h"},"show_distribution":true,"display_format":"three_column","type":"trace_service","show_resource_list":false},"layout":{"y":28,"x":40,"width":67,"height":38},"id":994461518016544}],"layout_type":"free"}'
    headers:
      Cache-Control:
      - no-cache
      Connection:
      - keep-alive
      Content-Security-Policy:
      - frame-ancestors 'self'; report-uri https://api.datadoghq.com/csp-report
      Content-Type:
      - application/json
      Date:
      - Sun, 26 Apr 2020 18:55:45 GMT
      Dd-Pool:
      - dogweb
      Pragma:
      - no-cache
      Set-Cookie:
      - DD-PSHARD=233; Max-Age=604800; Path=/; expires=Sun, 03-May-2020 18:55:45 GMT;
        secure; HttpOnly
      Strict-Transport-Security:
      - max-age=15724800;
      Vary:
      - Accept-Encoding
      X-Content-Type-Options:
      - nosniff
      X-Dd-Debug:
      - YCJuwY9AAFMveejFq3DmCuXNgWrXpDBQxqXi3LxQxaHO16MK3yMSWa14TOuRlDjy
      X-Dd-Version:
      - "35.2432369"
      X-Frame-Options:
      - SAMEORIGIN
    status: 200 OK
    code: 200
    duration: ""
- request:
    body: |
      {"description":"Created using the Datadog provider in Terraform","id":"","is_read_only":true,"layout_type":"ordered","notify_list":[],"template_variable_presets":[{"name":"preset_1","template_variables":[{"name":"var_1","value":"var_1_value"},{"name":"var_2","value":"var_2_value"}]},{"name":"preset_2","template_variables":[{"name":"var_1","value":"var_1_value"}]}],"template_variables":[{"default":"aws","name":"var_1","prefix":"host"},{"default":"autoscaling","name":"var_2","prefix":"service_name"}],"title":"Acceptance Test Ordered Dashboard","widgets":[{"definition":{"alert_id":"895605","time":{"live_span":"1h"},"title":"Widget Title","type":"alert_graph","viz_type":"timeseries"}},{"definition":{"alert_id":"895605","precision":3,"text_align":"center","title":"Widget Title","type":"alert_value","unit":"b"}},{"definition":{"requests":[{"change_type":"absolute","compare_to":"week_before","increase_good":true,"order_by":"name","order_dir":"desc","q":"avg:system.load.1{env:staging} by {account}","show_present":true}],"time":{"live_span":"1h"},"title":"Widget Title","type":"change"}},{"definition":{"requests":[{"q":"avg:system.load.1{env:staging} by {account}","style":{"palette":"warm"}}],"time":{"live_span":"1h"},"title":"Widget Title","type":"distribution"}},{"definition":{"check":"aws.ecs.agent_connected","group_by":["account","cluster"],"grouping":"cluster","tags":["account:demo","cluster:awseb-ruthebdog-env-8-dn3m6u3gvk"],"time":{"live_span":"1h"},"title":"Widget Title","type":"check_status"}},{"definition":{"requests":[{"q":"avg:system.load.1{env:staging} by {account}","style":{"palette":"warm"}}],"time":{"live_span":"1h"},"title":"Widget Title","type":"heatmap","yaxis":{"include_zero":true,"max":"2","min":"1","scale":"sqrt"}}},{"definition":{"group":["host","region"],"no_group_hosts":true,"no_metric_hosts":true,"node_type":"container","requests":{"fill":{"q":"avg:system.load.1{*} by {host}"},"size":{"q":"avg:memcache.uptime{*} by {host}"}},"scope":["region:us-east-1","aws_account:727006795293"],"style":{"fill_max":"20","fill_min":"10","palette":"yellow_to_green","palette_flip":true},"title":"Widget Title","type":"hostmap"}},{"definition":{"background_color":"pink","content":"note text","font_size":"14","show_tick":true,"text_align":"center","tick_edge":"left","tick_pos":"50%","type":"note"}},{"definition":{"autoscale":true,"custom_unit":"xx","precision":4,"requests":[{"aggregator":"sum","conditional_formats":[{"comparator":"\u003c","hide_value":false,"palette":"white_on_green","value":2},{"comparator":"\u003e","hide_value":false,"palette":"white_on_red","value":2.2}],"q":"avg:system.load.1{env:staging} by {account}"}],"text_align":"right","time":{"live_span":"1h"},"title":"Widget Title","type":"query_value"}},{"definition":{"color_by_groups":["account","apm-role-group"],"requests":{"x":{"aggregator":"max","q":"avg:system.cpu.user{*} by {service, account}"},"y":{"aggregator":"min","q":"avg:system.mem.used{*} by {service, account}"}},"time":{"live_span":"1h"},"title":"Widget Title","type":"scatterplot","xaxis":{"include_zero":true,"label":"x","max":"2000","min":"1","scale":"pow"},"yaxis":{"include_zero":false,"label":"y","max":"2222","min":"5","scale":"log"}}},{"definition":{"events":[{"q":"sources:test tags:1"},{"q":"sources:test tags:2"}],"markers":[{"display_type":"error dashed","label":" z=6 ","value":"y = 4"},{"display_type":"ok solid","label":" x=8 ","value":"10 \u003c y \u003c 999"}],"requests":[{"display_type":"line","metadata":[{"alias_name":"Alpha","expression":"avg:system.cpu.user{app:general} by {env}"}],"q":"avg:system.cpu.user{app:general} by {env}","style":{"line_type":"dashed","line_width":"thin","palette":"warm"}},{"display_type":"area","log_query":{"compute":{"aggregation":"count","facet":"@duration","interval":5000},"group_by":[{"facet":"host","limit":10,"sort":{"aggregation":"avg","facet":"@duration","order":"desc"}}],"index":"mcnulty","search":{"query":"status:info"}}},{"apm_query":{"compute":{"aggregation":"count","facet":"@duration","interval":5000},"group_by":[{"facet":"resource_name","limit":50,"sort":{"aggregation":"avg","facet":"@string_query.interval","order":"desc"}}],"index":"apm-search","search":{"query":"type:web"}},"display_type":"bars"},{"display_type":"area","process_query":{"filter_by":["active"],"limit":50,"metric":"process.stat.cpu.total_pct","search_by":"error"}}],"show_legend":true,"time":{"live_span":"1h"},"title":"Widget Title","type":"timeseries","yaxis":{"include_zero":false,"max":"100","scale":"log"}}},{"definition":{"requests":[{"conditional_formats":[{"comparator":"\u003c","hide_value":false,"palette":"white_on_green","value":2},{"comparator":"\u003e","hide_value":false,"palette":"white_on_red","value":2.2}],"q":"avg:system.cpu.user{app:general} by {env}"}],"title":"Widget Title","type":"toplist"}},{"definition":{"layout_type":"ordered","title":"Group Widget","type":"group","widgets":[{"definition":{"background_color":"yellow","content":"cluster note widget","font_size":"16","show_tick":false,"text_align":"left","tick_edge":"left","tick_pos":"50%","type":"note"}},{"definition":{"alert_id":"123","time":{"live_span":"1h"},"title":"Alert Graph","type":"alert_graph","viz_type":"toplist"}}]}},{"definition":{"show_error_budget":true,"slo_id":"56789","time_windows":["7d","previous_week"],"title":"Widget Title","type":"slo","view_mode":"overall","view_type":"detail"}},{"definition":{"requests":[{"aggregator":"sum","conditional_formats":[{"comparator":"\u003c","hide_value":false,"palette":"white_on_green","value":2},{"comparator":"\u003e","hide_value":false,"palette":"white_on_red","value":2.2}],"limit":10,"q":"avg:system.load.1{env:staging} by {account}"}],"time":{"live_span":"1h"},"title":"Widget Title","type":"query_table"}}]}
    form: {}
    headers:
      Accept:
      - application/json
      Content-Type:
      - application/json
      Dd-Operation-Id:
      - CreateDashboard
      User-Agent:
      - datadog-api-client-go/1.0.0-beta.1+dev.1 (go go1.13.4; os darwin; arch amd64)
    url: https://api.datadoghq.com/api/v1/dashboard
    method: POST
  response:
    body: '{"notify_list":[],"description":"Created using the Datadog provider in
      Terraform","author_name":null,"template_variable_presets":[{"template_variables":[{"name":"var_1","value":"var_1_value"},{"name":"var_2","value":"var_2_value"}],"name":"preset_1"},{"template_variables":[{"name":"var_1","value":"var_1_value"}],"name":"preset_2"}],"template_variables":[{"default":"aws","prefix":"host","name":"var_1"},{"default":"autoscaling","prefix":"service_name","name":"var_2"}],"is_read_only":true,"id":"tht-6zq-a8x","title":"Acceptance
      Test Ordered Dashboard","url":"/dashboard/tht-6zq-a8x/acceptance-test-ordered-dashboard","created_at":"2020-04-26T18:55:45.247059+00:00","modified_at":"2020-04-26T18:55:45.247059+00:00","author_handle":"frog@datadoghq.com","widgets":[{"definition":{"alert_id":"895605","title":"Widget
      Title","type":"alert_graph","viz_type":"timeseries","time":{"live_span":"1h"}},"id":8702989897261219},{"definition":{"title":"Widget
      Title","text_align":"center","precision":3,"alert_id":"895605","type":"alert_value","unit":"b"},"id":6804847193311522},{"definition":{"requests":[{"change_type":"absolute","order_dir":"desc","compare_to":"week_before","q":"avg:system.load.1{env:staging}
      by {account}","show_present":true,"increase_good":true,"order_by":"name"}],"title":"Widget
      Title","type":"change","time":{"live_span":"1h"}},"id":6562059639467848},{"definition":{"requests":[{"q":"avg:system.load.1{env:staging}
      by {account}","style":{"palette":"warm"}}],"title":"Widget Title","type":"distribution","time":{"live_span":"1h"}},"id":5236559053872999},{"definition":{"title":"Widget
      Title","tags":["account:demo","cluster:awseb-ruthebdog-env-8-dn3m6u3gvk"],"group_by":["account","cluster"],"time":{"live_span":"1h"},"type":"check_status","check":"aws.ecs.agent_connected","grouping":"cluster"},"id":3515895980293909},{"definition":{"yaxis":{"include_zero":true,"scale":"sqrt","min":"1","max":"2"},"requests":[{"q":"avg:system.load.1{env:staging}
      by {account}","style":{"palette":"warm"}}],"time":{"live_span":"1h"},"type":"heatmap","title":"Widget
      Title"},"id":7955209565799711},{"definition":{"style":{"fill_min":"10","fill_max":"20","palette":"yellow_to_green","palette_flip":true},"group":["host","region"],"title":"Widget
      Title","node_type":"container","no_metric_hosts":true,"scope":["region:us-east-1","aws_account:727006795293"],"requests":{"size":{"q":"avg:memcache.uptime{*}
      by {host}"},"fill":{"q":"avg:system.load.1{*} by {host}"}},"no_group_hosts":true,"type":"hostmap"},"id":8282224423968153},{"definition":{"tick_pos":"50%","font_size":"14","type":"note","tick_edge":"left","text_align":"center","content":"note
      text","show_tick":true,"background_color":"pink"},"id":461628649135192},{"definition":{"autoscale":true,"title":"Widget
      Title","text_align":"right","custom_unit":"xx","precision":4,"time":{"live_span":"1h"},"requests":[{"q":"avg:system.load.1{env:staging}
      by {account}","aggregator":"sum","conditional_formats":[{"palette":"white_on_green","hide_value":false,"value":2,"comparator":"<"},{"palette":"white_on_red","hide_value":false,"value":2.2,"comparator":">"}]}],"type":"query_value"},"id":8281290211091724},{"definition":{"title":"Widget
      Title","yaxis":{"include_zero":false,"max":"2222","min":"5","scale":"log","label":"y"},"color_by_groups":["account","apm-role-group"],"xaxis":{"include_zero":true,"max":"2000","min":"1","scale":"pow","label":"x"},"time":{"live_span":"1h"},"requests":{"y":{"q":"avg:system.mem.used{*}
      by {service, account}","aggregator":"min"},"x":{"q":"avg:system.cpu.user{*}
      by {service, account}","aggregator":"max"}},"type":"scatterplot"},"id":2351552777175481},{"definition":{"title":"Widget
      Title","yaxis":{"include_zero":false,"scale":"log","max":"100"},"markers":[{"display_type":"error
      dashed","value":"y = 4","label":" z=6 "},{"display_type":"ok solid","value":"10
      < y < 999","label":" x=8 "}],"show_legend":true,"time":{"live_span":"1h"},"requests":[{"q":"avg:system.cpu.user{app:general}
      by {env}","style":{"line_width":"thin","palette":"warm","line_type":"dashed"},"display_type":"line","metadata":[{"expression":"avg:system.cpu.user{app:general}
      by {env}","alias_name":"Alpha"}]},{"display_type":"area","log_query":{"index":"mcnulty","search":{"query":"status:info"},"group_by":[{"facet":"host","sort":{"facet":"@duration","aggregation":"avg","order":"desc"},"limit":10}],"compute":{"facet":"@duration","interval":5000,"aggregation":"count"}}},{"apm_query":{"index":"apm-search","search":{"query":"type:web"},"group_by":[{"facet":"resource_name","sort":{"facet":"@string_query.interval","aggregation":"avg","order":"desc"},"limit":50}],"compute":{"facet":"@duration","interval":5000,"aggregation":"count"}},"display_type":"bars"},{"process_query":{"search_by":"error","metric":"process.stat.cpu.total_pct","limit":50,"filter_by":["active"]},"display_type":"area"}],"type":"timeseries","events":[{"q":"sources:test
      tags:1"},{"q":"sources:test tags:2"}]},"id":2700962191867495},{"definition":{"requests":[{"q":"avg:system.cpu.user{app:general}
      by {env}","conditional_formats":[{"palette":"white_on_green","hide_value":false,"value":2,"comparator":"<"},{"palette":"white_on_red","hide_value":false,"value":2.2,"comparator":">"}]}],"type":"toplist","title":"Widget
      Title"},"id":1223147340092785},{"definition":{"widgets":[{"definition":{"tick_pos":"50%","font_size":"16","type":"note","tick_edge":"left","text_align":"left","content":"cluster
      note widget","show_tick":false,"background_color":"yellow"},"id":1024625167624520},{"definition":{"alert_id":"123","title":"Alert
      Graph","type":"alert_graph","viz_type":"toplist","time":{"live_span":"1h"}},"id":339011135010046}],"layout_type":"ordered","type":"group","title":"Group
      Widget"},"id":259689145357096},{"definition":{"time_windows":["7d","previous_week"],"show_error_budget":true,"title":"Widget
      Title","view_type":"detail","slo_id":"56789","view_mode":"overall","type":"slo"},"id":4804876138969782},{"definition":{"requests":[{"q":"avg:system.load.1{env:staging}
      by {account}","aggregator":"sum","conditional_formats":[{"palette":"white_on_green","hide_value":false,"value":2,"comparator":"<"},{"palette":"white_on_red","hide_value":false,"value":2.2,"comparator":">"}],"limit":10}],"title":"Widget
      Title","type":"query_table","time":{"live_span":"1h"}},"id":5500962748634077}],"layout_type":"ordered"}'
    headers:
      Cache-Control:
      - no-cache
      Connection:
      - keep-alive
      Content-Security-Policy:
      - frame-ancestors 'self'; report-uri https://api.datadoghq.com/csp-report
      Content-Type:
      - application/json
      Date:
      - Sun, 26 Apr 2020 18:55:45 GMT
      Dd-Pool:
      - dogweb
      Pragma:
      - no-cache
      Set-Cookie:
      - DD-PSHARD=233; Max-Age=604800; Path=/; expires=Sun, 03-May-2020 18:55:45 GMT;
        secure; HttpOnly
      Strict-Transport-Security:
      - max-age=15724800;
      Vary:
      - Accept-Encoding
      X-Content-Type-Options:
      - nosniff
      X-Dd-Debug:
      - ucJMu0SEwqvJ36fqkYRsP+glKObktTtdBf6X17lKXJ4+xOn7nFKnx11beu1ycofn
      X-Dd-Version:
      - "35.2432369"
      X-Frame-Options:
      - SAMEORIGIN
    status: 200 OK
    code: 200
    duration: ""
- request:
    body: ""
    form: {}
    headers:
      Accept:
      - application/json
      Dd-Operation-Id:
      - GetDashboard
      User-Agent:
      - datadog-api-client-go/1.0.0-beta.1+dev.1 (go go1.13.4; os darwin; arch amd64)
    url: https://api.datadoghq.com/api/v1/dashboard/tht-6zq-a8x
    method: GET
  response:
    body: '{"notify_list":[],"description":"Created using the Datadog provider in
      Terraform","author_name":null,"template_variable_presets":[{"template_variables":[{"name":"var_1","value":"var_1_value"},{"name":"var_2","value":"var_2_value"}],"name":"preset_1"},{"template_variables":[{"name":"var_1","value":"var_1_value"}],"name":"preset_2"}],"template_variables":[{"default":"aws","prefix":"host","name":"var_1"},{"default":"autoscaling","prefix":"service_name","name":"var_2"}],"is_read_only":true,"id":"tht-6zq-a8x","title":"Acceptance
      Test Ordered Dashboard","url":"/dashboard/tht-6zq-a8x/acceptance-test-ordered-dashboard","created_at":"2020-04-26T18:55:45.247059+00:00","modified_at":"2020-04-26T18:55:45.247059+00:00","author_handle":"frog@datadoghq.com","widgets":[{"definition":{"alert_id":"895605","title":"Widget
      Title","type":"alert_graph","viz_type":"timeseries","time":{"live_span":"1h"}},"id":8702989897261219},{"definition":{"title":"Widget
      Title","text_align":"center","precision":3,"alert_id":"895605","type":"alert_value","unit":"b"},"id":6804847193311522},{"definition":{"requests":[{"change_type":"absolute","order_dir":"desc","compare_to":"week_before","q":"avg:system.load.1{env:staging}
      by {account}","show_present":true,"increase_good":true,"order_by":"name"}],"title":"Widget
      Title","type":"change","time":{"live_span":"1h"}},"id":6562059639467848},{"definition":{"requests":[{"q":"avg:system.load.1{env:staging}
      by {account}","style":{"palette":"warm"}}],"title":"Widget Title","type":"distribution","time":{"live_span":"1h"}},"id":5236559053872999},{"definition":{"title":"Widget
      Title","tags":["account:demo","cluster:awseb-ruthebdog-env-8-dn3m6u3gvk"],"group_by":["account","cluster"],"time":{"live_span":"1h"},"type":"check_status","check":"aws.ecs.agent_connected","grouping":"cluster"},"id":3515895980293909},{"definition":{"yaxis":{"include_zero":true,"scale":"sqrt","min":"1","max":"2"},"requests":[{"q":"avg:system.load.1{env:staging}
      by {account}","style":{"palette":"warm"}}],"time":{"live_span":"1h"},"type":"heatmap","title":"Widget
      Title"},"id":7955209565799711},{"definition":{"style":{"fill_min":"10","fill_max":"20","palette":"yellow_to_green","palette_flip":true},"group":["host","region"],"title":"Widget
      Title","node_type":"container","no_metric_hosts":true,"scope":["region:us-east-1","aws_account:727006795293"],"requests":{"size":{"q":"avg:memcache.uptime{*}
      by {host}"},"fill":{"q":"avg:system.load.1{*} by {host}"}},"no_group_hosts":true,"type":"hostmap"},"id":8282224423968153},{"definition":{"tick_pos":"50%","font_size":"14","type":"note","tick_edge":"left","text_align":"center","content":"note
      text","show_tick":true,"background_color":"pink"},"id":461628649135192},{"definition":{"autoscale":true,"title":"Widget
      Title","text_align":"right","custom_unit":"xx","precision":4,"time":{"live_span":"1h"},"requests":[{"q":"avg:system.load.1{env:staging}
      by {account}","aggregator":"sum","conditional_formats":[{"palette":"white_on_green","hide_value":false,"value":2,"comparator":"<"},{"palette":"white_on_red","hide_value":false,"value":2.2,"comparator":">"}]}],"type":"query_value"},"id":8281290211091724},{"definition":{"title":"Widget
      Title","yaxis":{"include_zero":false,"max":"2222","min":"5","scale":"log","label":"y"},"color_by_groups":["account","apm-role-group"],"xaxis":{"include_zero":true,"max":"2000","min":"1","scale":"pow","label":"x"},"time":{"live_span":"1h"},"requests":{"y":{"q":"avg:system.mem.used{*}
      by {service, account}","aggregator":"min"},"x":{"q":"avg:system.cpu.user{*}
      by {service, account}","aggregator":"max"}},"type":"scatterplot"},"id":2351552777175481},{"definition":{"title":"Widget
      Title","yaxis":{"include_zero":false,"scale":"log","max":"100"},"markers":[{"display_type":"error
      dashed","value":"y = 4","label":" z=6 "},{"display_type":"ok solid","value":"10
      < y < 999","label":" x=8 "}],"show_legend":true,"time":{"live_span":"1h"},"requests":[{"q":"avg:system.cpu.user{app:general}
      by {env}","style":{"line_width":"thin","palette":"warm","line_type":"dashed"},"display_type":"line","metadata":[{"expression":"avg:system.cpu.user{app:general}
      by {env}","alias_name":"Alpha"}]},{"display_type":"area","log_query":{"index":"mcnulty","search":{"query":"status:info"},"group_by":[{"facet":"host","sort":{"facet":"@duration","aggregation":"avg","order":"desc"},"limit":10}],"compute":{"facet":"@duration","interval":5000,"aggregation":"count"}}},{"apm_query":{"index":"apm-search","search":{"query":"type:web"},"group_by":[{"facet":"resource_name","sort":{"facet":"@string_query.interval","aggregation":"avg","order":"desc"},"limit":50}],"compute":{"facet":"@duration","interval":5000,"aggregation":"count"}},"display_type":"bars"},{"process_query":{"search_by":"error","metric":"process.stat.cpu.total_pct","limit":50,"filter_by":["active"]},"display_type":"area"}],"type":"timeseries","events":[{"q":"sources:test
      tags:1"},{"q":"sources:test tags:2"}]},"id":2700962191867495},{"definition":{"requests":[{"q":"avg:system.cpu.user{app:general}
      by {env}","conditional_formats":[{"palette":"white_on_green","hide_value":false,"value":2,"comparator":"<"},{"palette":"white_on_red","hide_value":false,"value":2.2,"comparator":">"}]}],"type":"toplist","title":"Widget
      Title"},"id":1223147340092785},{"definition":{"widgets":[{"definition":{"tick_pos":"50%","font_size":"16","type":"note","tick_edge":"left","text_align":"left","content":"cluster
      note widget","show_tick":false,"background_color":"yellow"},"id":1024625167624520},{"definition":{"alert_id":"123","title":"Alert
      Graph","type":"alert_graph","viz_type":"toplist","time":{"live_span":"1h"}},"id":339011135010046}],"layout_type":"ordered","type":"group","title":"Group
      Widget"},"id":259689145357096},{"definition":{"time_windows":["7d","previous_week"],"show_error_budget":true,"title":"Widget
      Title","view_type":"detail","slo_id":"56789","view_mode":"overall","type":"slo"},"id":4804876138969782},{"definition":{"requests":[{"q":"avg:system.load.1{env:staging}
      by {account}","aggregator":"sum","conditional_formats":[{"palette":"white_on_green","hide_value":false,"value":2,"comparator":"<"},{"palette":"white_on_red","hide_value":false,"value":2.2,"comparator":">"}],"limit":10}],"title":"Widget
      Title","type":"query_table","time":{"live_span":"1h"}},"id":5500962748634077}],"layout_type":"ordered"}'
    headers:
      Cache-Control:
      - no-cache
      Connection:
      - keep-alive
      Content-Security-Policy:
      - frame-ancestors 'self'; report-uri https://api.datadoghq.com/csp-report
      Content-Type:
      - application/json
      Date:
      - Sun, 26 Apr 2020 18:55:45 GMT
      Dd-Pool:
      - dogweb
      Pragma:
      - no-cache
      Set-Cookie:
      - DD-PSHARD=233; Max-Age=604800; Path=/; expires=Sun, 03-May-2020 18:55:45 GMT;
        secure; HttpOnly
      Strict-Transport-Security:
      - max-age=15724800;
      Vary:
      - Accept-Encoding
      X-Content-Type-Options:
      - nosniff
      X-Dd-Debug:
      - e8t0cvW5uVKXk1zUsTcAcDpqv28dgy+lCs/R2sCfbKW6stomFiq2a4ijzxRdPBn5
      X-Dd-Version:
      - "35.2432369"
      X-Frame-Options:
      - SAMEORIGIN
    status: 200 OK
    code: 200
    duration: ""
- request:
    body: ""
    form: {}
    headers:
      Accept:
      - application/json
      Dd-Operation-Id:
      - GetDashboard
      User-Agent:
      - datadog-api-client-go/1.0.0-beta.1+dev.1 (go go1.13.4; os darwin; arch amd64)
    url: https://api.datadoghq.com/api/v1/dashboard/tht-6zq-a8x
    method: GET
  response:
    body: '{"notify_list":[],"description":"Created using the Datadog provider in
      Terraform","author_name":null,"template_variable_presets":[{"template_variables":[{"name":"var_1","value":"var_1_value"},{"name":"var_2","value":"var_2_value"}],"name":"preset_1"},{"template_variables":[{"name":"var_1","value":"var_1_value"}],"name":"preset_2"}],"template_variables":[{"default":"aws","prefix":"host","name":"var_1"},{"default":"autoscaling","prefix":"service_name","name":"var_2"}],"is_read_only":true,"id":"tht-6zq-a8x","title":"Acceptance
      Test Ordered Dashboard","url":"/dashboard/tht-6zq-a8x/acceptance-test-ordered-dashboard","created_at":"2020-04-26T18:55:45.247059+00:00","modified_at":"2020-04-26T18:55:45.247059+00:00","author_handle":"frog@datadoghq.com","widgets":[{"definition":{"alert_id":"895605","title":"Widget
      Title","type":"alert_graph","viz_type":"timeseries","time":{"live_span":"1h"}},"id":8702989897261219},{"definition":{"title":"Widget
      Title","text_align":"center","precision":3,"alert_id":"895605","type":"alert_value","unit":"b"},"id":6804847193311522},{"definition":{"requests":[{"change_type":"absolute","order_dir":"desc","compare_to":"week_before","q":"avg:system.load.1{env:staging}
      by {account}","show_present":true,"increase_good":true,"order_by":"name"}],"title":"Widget
      Title","type":"change","time":{"live_span":"1h"}},"id":6562059639467848},{"definition":{"requests":[{"q":"avg:system.load.1{env:staging}
      by {account}","style":{"palette":"warm"}}],"title":"Widget Title","type":"distribution","time":{"live_span":"1h"}},"id":5236559053872999},{"definition":{"title":"Widget
      Title","tags":["account:demo","cluster:awseb-ruthebdog-env-8-dn3m6u3gvk"],"group_by":["account","cluster"],"time":{"live_span":"1h"},"type":"check_status","check":"aws.ecs.agent_connected","grouping":"cluster"},"id":3515895980293909},{"definition":{"yaxis":{"include_zero":true,"scale":"sqrt","min":"1","max":"2"},"requests":[{"q":"avg:system.load.1{env:staging}
      by {account}","style":{"palette":"warm"}}],"time":{"live_span":"1h"},"type":"heatmap","title":"Widget
      Title"},"id":7955209565799711},{"definition":{"style":{"fill_min":"10","fill_max":"20","palette":"yellow_to_green","palette_flip":true},"group":["host","region"],"title":"Widget
      Title","node_type":"container","no_metric_hosts":true,"scope":["region:us-east-1","aws_account:727006795293"],"requests":{"size":{"q":"avg:memcache.uptime{*}
      by {host}"},"fill":{"q":"avg:system.load.1{*} by {host}"}},"no_group_hosts":true,"type":"hostmap"},"id":8282224423968153},{"definition":{"tick_pos":"50%","font_size":"14","type":"note","tick_edge":"left","text_align":"center","content":"note
      text","show_tick":true,"background_color":"pink"},"id":461628649135192},{"definition":{"autoscale":true,"title":"Widget
      Title","text_align":"right","custom_unit":"xx","precision":4,"time":{"live_span":"1h"},"requests":[{"q":"avg:system.load.1{env:staging}
      by {account}","aggregator":"sum","conditional_formats":[{"palette":"white_on_green","hide_value":false,"value":2,"comparator":"<"},{"palette":"white_on_red","hide_value":false,"value":2.2,"comparator":">"}]}],"type":"query_value"},"id":8281290211091724},{"definition":{"title":"Widget
      Title","yaxis":{"include_zero":false,"max":"2222","min":"5","scale":"log","label":"y"},"color_by_groups":["account","apm-role-group"],"xaxis":{"include_zero":true,"max":"2000","min":"1","scale":"pow","label":"x"},"time":{"live_span":"1h"},"requests":{"y":{"q":"avg:system.mem.used{*}
      by {service, account}","aggregator":"min"},"x":{"q":"avg:system.cpu.user{*}
      by {service, account}","aggregator":"max"}},"type":"scatterplot"},"id":2351552777175481},{"definition":{"title":"Widget
      Title","yaxis":{"include_zero":false,"scale":"log","max":"100"},"markers":[{"display_type":"error
      dashed","value":"y = 4","label":" z=6 "},{"display_type":"ok solid","value":"10
      < y < 999","label":" x=8 "}],"show_legend":true,"time":{"live_span":"1h"},"requests":[{"q":"avg:system.cpu.user{app:general}
      by {env}","style":{"line_width":"thin","palette":"warm","line_type":"dashed"},"display_type":"line","metadata":[{"expression":"avg:system.cpu.user{app:general}
      by {env}","alias_name":"Alpha"}]},{"display_type":"area","log_query":{"index":"mcnulty","search":{"query":"status:info"},"group_by":[{"facet":"host","sort":{"facet":"@duration","aggregation":"avg","order":"desc"},"limit":10}],"compute":{"facet":"@duration","interval":5000,"aggregation":"count"}}},{"apm_query":{"index":"apm-search","search":{"query":"type:web"},"group_by":[{"facet":"resource_name","sort":{"facet":"@string_query.interval","aggregation":"avg","order":"desc"},"limit":50}],"compute":{"facet":"@duration","interval":5000,"aggregation":"count"}},"display_type":"bars"},{"process_query":{"search_by":"error","metric":"process.stat.cpu.total_pct","limit":50,"filter_by":["active"]},"display_type":"area"}],"type":"timeseries","events":[{"q":"sources:test
      tags:1"},{"q":"sources:test tags:2"}]},"id":2700962191867495},{"definition":{"requests":[{"q":"avg:system.cpu.user{app:general}
      by {env}","conditional_formats":[{"palette":"white_on_green","hide_value":false,"value":2,"comparator":"<"},{"palette":"white_on_red","hide_value":false,"value":2.2,"comparator":">"}]}],"type":"toplist","title":"Widget
      Title"},"id":1223147340092785},{"definition":{"widgets":[{"definition":{"tick_pos":"50%","font_size":"16","type":"note","tick_edge":"left","text_align":"left","content":"cluster
      note widget","show_tick":false,"background_color":"yellow"},"id":1024625167624520},{"definition":{"alert_id":"123","title":"Alert
      Graph","type":"alert_graph","viz_type":"toplist","time":{"live_span":"1h"}},"id":339011135010046}],"layout_type":"ordered","type":"group","title":"Group
      Widget"},"id":259689145357096},{"definition":{"time_windows":["7d","previous_week"],"show_error_budget":true,"title":"Widget
      Title","view_type":"detail","slo_id":"56789","view_mode":"overall","type":"slo"},"id":4804876138969782},{"definition":{"requests":[{"q":"avg:system.load.1{env:staging}
      by {account}","aggregator":"sum","conditional_formats":[{"palette":"white_on_green","hide_value":false,"value":2,"comparator":"<"},{"palette":"white_on_red","hide_value":false,"value":2.2,"comparator":">"}],"limit":10}],"title":"Widget
      Title","type":"query_table","time":{"live_span":"1h"}},"id":5500962748634077}],"layout_type":"ordered"}'
    headers:
      Cache-Control:
      - no-cache
      Connection:
      - keep-alive
      Content-Security-Policy:
      - frame-ancestors 'self'; report-uri https://api.datadoghq.com/csp-report
      Content-Type:
      - application/json
      Date:
      - Sun, 26 Apr 2020 18:55:45 GMT
      Dd-Pool:
      - dogweb
      Pragma:
      - no-cache
      Set-Cookie:
      - DD-PSHARD=233; Max-Age=604800; Path=/; expires=Sun, 03-May-2020 18:55:45 GMT;
        secure; HttpOnly
      Strict-Transport-Security:
      - max-age=15724800;
      Vary:
      - Accept-Encoding
      X-Content-Type-Options:
      - nosniff
      X-Dd-Debug:
      - 0pa1dtuadfHOUeVqLiK3mljtwHC7xKOrqXlG1EXfeExc1YyvZm51+jZLEiJ3YUs6
      X-Dd-Version:
      - "35.2432369"
      X-Frame-Options:
      - SAMEORIGIN
    status: 200 OK
    code: 200
    duration: ""
- request:
    body: ""
    form: {}
    headers:
      Accept:
      - application/json
      Dd-Operation-Id:
      - GetDashboard
      User-Agent:
      - datadog-api-client-go/1.0.0-beta.1+dev.1 (go go1.13.4; os darwin; arch amd64)
    url: https://api.datadoghq.com/api/v1/dashboard/kye-kzk-bux
    method: GET
  response:
    body: '{"notify_list":[],"description":"Created using the Datadog provider in
      Terraform","author_name":null,"template_variable_presets":[{"template_variables":[{"name":"var_1","value":"var_1_value"},{"name":"var_2","value":"var_2_value"}],"name":"preset_1"},{"template_variables":[{"name":"var_1","value":"var_1_value"}],"name":"preset_2"}],"template_variables":[{"default":"aws","prefix":"host","name":"var_1"},{"default":"autoscaling","prefix":"service_name","name":"var_2"}],"is_read_only":false,"id":"kye-kzk-bux","title":"Acceptance
      Test Free Dashboard","url":"/dashboard/kye-kzk-bux/acceptance-test-free-dashboard","created_at":"2020-04-26T18:55:44.982411+00:00","modified_at":"2020-04-26T18:55:44.982417+00:00","author_handle":"frog@datadoghq.com","widgets":[{"definition":{"title_size":"16","title":"Widget
      Title","title_align":"left","time":{"live_span":"1h"},"query":"*","type":"event_stream","event_size":"l"},"layout":{"y":5,"x":5,"width":32,"height":43},"id":5053840593259334},{"definition":{"title_size":"16","title":"Widget
      Title","title_align":"left","time":{"live_span":"1h"},"query":"*","type":"event_timeline"},"layout":{"y":73,"x":42,"width":65,"height":9},"id":1161865820801082},{"definition":{"color":"#d00","text":"free
      text content","type":"free_text","font_size":"88","text_align":"left"},"layout":{"y":5,"x":42,"width":30,"height":20},"id":7840977193320840},{"definition":{"url":"http://google.com","type":"iframe"},"layout":{"y":8,"x":111,"width":39,"height":46},"id":1377180619362860},{"definition":{"url":"https://images.pexels.com/photos/67636/rose-blue-flower-rose-blooms-67636.jpeg?auto=compress&cs=tinysrgb&h=350","sizing":"fit","margin":"small","type":"image"},"layout":{"y":7,"x":77,"width":30,"height":20},"id":4005590357810314},{"definition":{"query":"error","type":"log_stream","columns":["core_host","core_service","tag_source"],"indexes":["main"]},"layout":{"y":51,"x":5,"width":32,"height":36},"id":6391000816392380},{"definition":{"sort":"status,asc","title_align":"left","title_size":"16","title":"Widget
      Title","show_last_triggered":true,"hide_zero_counts":true,"summary_type":"monitors","color_preference":"text","query":"type:metric","display_format":"countsAndList","type":"manage_status"},"layout":{"y":55,"x":112,"width":30,"height":40},"id":1251135919965957},{"definition":{"span_name":"cassandra.query","title_size":"13","service":"alerting-cassandra","title":"alerting-cassandra
      #env:datad0g.com","size_format":"large","show_hits":true,"show_latency":false,"title_align":"center","show_errors":true,"show_breakdown":true,"env":"datad0g.com","time":{"live_span":"1h"},"show_distribution":true,"display_format":"three_column","type":"trace_service","show_resource_list":false},"layout":{"y":28,"x":40,"width":67,"height":38},"id":994461518016544}],"layout_type":"free"}'
    headers:
      Cache-Control:
      - no-cache
      Connection:
      - keep-alive
      Content-Security-Policy:
      - frame-ancestors 'self'; report-uri https://api.datadoghq.com/csp-report
      Content-Type:
      - application/json
      Date:
      - Sun, 26 Apr 2020 18:55:45 GMT
      Dd-Pool:
      - dogweb
      Pragma:
      - no-cache
      Set-Cookie:
      - DD-PSHARD=233; Max-Age=604800; Path=/; expires=Sun, 03-May-2020 18:55:45 GMT;
        secure; HttpOnly
      Strict-Transport-Security:
      - max-age=15724800;
      Vary:
      - Accept-Encoding
      X-Content-Type-Options:
      - nosniff
      X-Dd-Debug:
      - gH++OYwf8a2QZXnzDsHHnXqPhHbI48oqNvFjE/0p0ObpMBY4290QCI5SB0tU0MAF
      X-Dd-Version:
      - "35.2432369"
      X-Frame-Options:
      - SAMEORIGIN
    status: 200 OK
    code: 200
    duration: ""
- request:
    body: ""
    form: {}
    headers:
      User-Agent:
      - Datadog/dev/terraform (go1.13.4)
    url: https://api.datadoghq.com/api/v1/dashboard/kye-kzk-bux
    method: GET
  response:
    body: '{"notify_list":[],"description":"Created using the Datadog provider in
      Terraform","author_name":null,"template_variable_presets":[{"template_variables":[{"name":"var_1","value":"var_1_value"},{"name":"var_2","value":"var_2_value"}],"name":"preset_1"},{"template_variables":[{"name":"var_1","value":"var_1_value"}],"name":"preset_2"}],"template_variables":[{"default":"aws","prefix":"host","name":"var_1"},{"default":"autoscaling","prefix":"service_name","name":"var_2"}],"is_read_only":false,"id":"kye-kzk-bux","title":"Acceptance
      Test Free Dashboard","url":"/dashboard/kye-kzk-bux/acceptance-test-free-dashboard","created_at":"2020-04-26T18:55:44.982411+00:00","modified_at":"2020-04-26T18:55:44.982417+00:00","author_handle":"frog@datadoghq.com","widgets":[{"definition":{"title_size":"16","title":"Widget
      Title","title_align":"left","time":{"live_span":"1h"},"query":"*","type":"event_stream","event_size":"l"},"layout":{"y":5,"x":5,"width":32,"height":43},"id":5053840593259334},{"definition":{"title_size":"16","title":"Widget
      Title","title_align":"left","time":{"live_span":"1h"},"query":"*","type":"event_timeline"},"layout":{"y":73,"x":42,"width":65,"height":9},"id":1161865820801082},{"definition":{"color":"#d00","text":"free
      text content","type":"free_text","font_size":"88","text_align":"left"},"layout":{"y":5,"x":42,"width":30,"height":20},"id":7840977193320840},{"definition":{"url":"http://google.com","type":"iframe"},"layout":{"y":8,"x":111,"width":39,"height":46},"id":1377180619362860},{"definition":{"url":"https://images.pexels.com/photos/67636/rose-blue-flower-rose-blooms-67636.jpeg?auto=compress&cs=tinysrgb&h=350","sizing":"fit","margin":"small","type":"image"},"layout":{"y":7,"x":77,"width":30,"height":20},"id":4005590357810314},{"definition":{"query":"error","type":"log_stream","columns":["core_host","core_service","tag_source"],"indexes":["main"]},"layout":{"y":51,"x":5,"width":32,"height":36},"id":6391000816392380},{"definition":{"sort":"status,asc","title_align":"left","title_size":"16","title":"Widget
      Title","show_last_triggered":true,"hide_zero_counts":true,"summary_type":"monitors","color_preference":"text","query":"type:metric","display_format":"countsAndList","type":"manage_status"},"layout":{"y":55,"x":112,"width":30,"height":40},"id":1251135919965957},{"definition":{"span_name":"cassandra.query","title_size":"13","service":"alerting-cassandra","title":"alerting-cassandra
      #env:datad0g.com","size_format":"large","show_hits":true,"show_latency":false,"title_align":"center","show_errors":true,"show_breakdown":true,"env":"datad0g.com","time":{"live_span":"1h"},"show_distribution":true,"display_format":"three_column","type":"trace_service","show_resource_list":false},"layout":{"y":28,"x":40,"width":67,"height":38},"id":994461518016544}],"layout_type":"free"}'
    headers:
      Cache-Control:
      - no-cache
      Connection:
      - keep-alive
      Content-Security-Policy:
      - frame-ancestors 'self'; report-uri https://api.datadoghq.com/csp-report
      Content-Type:
      - application/json
      Date:
      - Sun, 26 Apr 2020 18:55:48 GMT
      Dd-Pool:
      - dogweb
      Pragma:
      - no-cache
      Set-Cookie:
      - DD-PSHARD=233; Max-Age=604800; Path=/; expires=Sun, 03-May-2020 18:55:48 GMT;
        secure; HttpOnly
      Strict-Transport-Security:
      - max-age=15724800;
      Vary:
      - Accept-Encoding
      X-Content-Type-Options:
      - nosniff
      X-Dd-Debug:
      - FiLv+OaMPfXL1uddbn+9yDPMV5awac1EEhAgzXF2ZG6GNVh7KFUCM+HhGv6IDSg0
      X-Dd-Version:
      - "35.2432369"
      X-Frame-Options:
      - SAMEORIGIN
    status: 200 OK
    code: 200
    duration: ""
- request:
    body: ""
    form: {}
    headers:
      User-Agent:
      - Datadog/dev/terraform (go1.13.4)
    url: https://api.datadoghq.com/api/v1/dashboard/tht-6zq-a8x
    method: GET
  response:
    body: '{"notify_list":[],"description":"Created using the Datadog provider in
      Terraform","author_name":null,"template_variable_presets":[{"template_variables":[{"name":"var_1","value":"var_1_value"},{"name":"var_2","value":"var_2_value"}],"name":"preset_1"},{"template_variables":[{"name":"var_1","value":"var_1_value"}],"name":"preset_2"}],"template_variables":[{"default":"aws","prefix":"host","name":"var_1"},{"default":"autoscaling","prefix":"service_name","name":"var_2"}],"is_read_only":true,"id":"tht-6zq-a8x","title":"Acceptance
      Test Ordered Dashboard","url":"/dashboard/tht-6zq-a8x/acceptance-test-ordered-dashboard","created_at":"2020-04-26T18:55:45.247059+00:00","modified_at":"2020-04-26T18:55:45.247059+00:00","author_handle":"frog@datadoghq.com","widgets":[{"definition":{"alert_id":"895605","title":"Widget
      Title","type":"alert_graph","viz_type":"timeseries","time":{"live_span":"1h"}},"id":8702989897261219},{"definition":{"title":"Widget
      Title","text_align":"center","precision":3,"alert_id":"895605","type":"alert_value","unit":"b"},"id":6804847193311522},{"definition":{"requests":[{"change_type":"absolute","order_dir":"desc","compare_to":"week_before","q":"avg:system.load.1{env:staging}
      by {account}","show_present":true,"increase_good":true,"order_by":"name"}],"title":"Widget
      Title","type":"change","time":{"live_span":"1h"}},"id":6562059639467848},{"definition":{"requests":[{"q":"avg:system.load.1{env:staging}
      by {account}","style":{"palette":"warm"}}],"title":"Widget Title","type":"distribution","time":{"live_span":"1h"}},"id":5236559053872999},{"definition":{"title":"Widget
      Title","tags":["account:demo","cluster:awseb-ruthebdog-env-8-dn3m6u3gvk"],"group_by":["account","cluster"],"time":{"live_span":"1h"},"type":"check_status","check":"aws.ecs.agent_connected","grouping":"cluster"},"id":3515895980293909},{"definition":{"yaxis":{"include_zero":true,"scale":"sqrt","min":"1","max":"2"},"requests":[{"q":"avg:system.load.1{env:staging}
      by {account}","style":{"palette":"warm"}}],"time":{"live_span":"1h"},"type":"heatmap","title":"Widget
      Title"},"id":7955209565799711},{"definition":{"style":{"fill_min":"10","fill_max":"20","palette":"yellow_to_green","palette_flip":true},"group":["host","region"],"title":"Widget
      Title","node_type":"container","no_metric_hosts":true,"scope":["region:us-east-1","aws_account:727006795293"],"requests":{"size":{"q":"avg:memcache.uptime{*}
      by {host}"},"fill":{"q":"avg:system.load.1{*} by {host}"}},"no_group_hosts":true,"type":"hostmap"},"id":8282224423968153},{"definition":{"tick_pos":"50%","font_size":"14","type":"note","tick_edge":"left","text_align":"center","content":"note
      text","show_tick":true,"background_color":"pink"},"id":461628649135192},{"definition":{"autoscale":true,"title":"Widget
      Title","text_align":"right","custom_unit":"xx","precision":4,"time":{"live_span":"1h"},"requests":[{"q":"avg:system.load.1{env:staging}
      by {account}","aggregator":"sum","conditional_formats":[{"palette":"white_on_green","hide_value":false,"value":2,"comparator":"<"},{"palette":"white_on_red","hide_value":false,"value":2.2,"comparator":">"}]}],"type":"query_value"},"id":8281290211091724},{"definition":{"title":"Widget
      Title","yaxis":{"include_zero":false,"max":"2222","min":"5","scale":"log","label":"y"},"color_by_groups":["account","apm-role-group"],"xaxis":{"include_zero":true,"max":"2000","min":"1","scale":"pow","label":"x"},"time":{"live_span":"1h"},"requests":{"y":{"q":"avg:system.mem.used{*}
      by {service, account}","aggregator":"min"},"x":{"q":"avg:system.cpu.user{*}
      by {service, account}","aggregator":"max"}},"type":"scatterplot"},"id":2351552777175481},{"definition":{"title":"Widget
      Title","yaxis":{"include_zero":false,"scale":"log","max":"100"},"markers":[{"display_type":"error
      dashed","value":"y = 4","label":" z=6 "},{"display_type":"ok solid","value":"10
      < y < 999","label":" x=8 "}],"show_legend":true,"time":{"live_span":"1h"},"requests":[{"q":"avg:system.cpu.user{app:general}
      by {env}","style":{"line_width":"thin","palette":"warm","line_type":"dashed"},"display_type":"line","metadata":[{"expression":"avg:system.cpu.user{app:general}
      by {env}","alias_name":"Alpha"}]},{"display_type":"area","log_query":{"index":"mcnulty","search":{"query":"status:info"},"group_by":[{"facet":"host","sort":{"facet":"@duration","aggregation":"avg","order":"desc"},"limit":10}],"compute":{"facet":"@duration","interval":5000,"aggregation":"count"}}},{"apm_query":{"index":"apm-search","search":{"query":"type:web"},"group_by":[{"facet":"resource_name","sort":{"facet":"@string_query.interval","aggregation":"avg","order":"desc"},"limit":50}],"compute":{"facet":"@duration","interval":5000,"aggregation":"count"}},"display_type":"bars"},{"process_query":{"search_by":"error","metric":"process.stat.cpu.total_pct","limit":50,"filter_by":["active"]},"display_type":"area"}],"type":"timeseries","events":[{"q":"sources:test
      tags:1"},{"q":"sources:test tags:2"}]},"id":2700962191867495},{"definition":{"requests":[{"q":"avg:system.cpu.user{app:general}
      by {env}","conditional_formats":[{"palette":"white_on_green","hide_value":false,"value":2,"comparator":"<"},{"palette":"white_on_red","hide_value":false,"value":2.2,"comparator":">"}]}],"type":"toplist","title":"Widget
      Title"},"id":1223147340092785},{"definition":{"widgets":[{"definition":{"tick_pos":"50%","font_size":"16","type":"note","tick_edge":"left","text_align":"left","content":"cluster
      note widget","show_tick":false,"background_color":"yellow"},"id":1024625167624520},{"definition":{"alert_id":"123","title":"Alert
      Graph","type":"alert_graph","viz_type":"toplist","time":{"live_span":"1h"}},"id":339011135010046}],"layout_type":"ordered","type":"group","title":"Group
      Widget"},"id":259689145357096},{"definition":{"time_windows":["7d","previous_week"],"show_error_budget":true,"title":"Widget
      Title","view_type":"detail","slo_id":"56789","view_mode":"overall","type":"slo"},"id":4804876138969782},{"definition":{"requests":[{"q":"avg:system.load.1{env:staging}
      by {account}","aggregator":"sum","conditional_formats":[{"palette":"white_on_green","hide_value":false,"value":2,"comparator":"<"},{"palette":"white_on_red","hide_value":false,"value":2.2,"comparator":">"}],"limit":10}],"title":"Widget
      Title","type":"query_table","time":{"live_span":"1h"}},"id":5500962748634077}],"layout_type":"ordered"}'
    headers:
      Cache-Control:
      - no-cache
      Connection:
      - keep-alive
      Content-Security-Policy:
      - frame-ancestors 'self'; report-uri https://api.datadoghq.com/csp-report
      Content-Type:
      - application/json
      Date:
      - Sun, 26 Apr 2020 18:55:48 GMT
      Dd-Pool:
      - dogweb
      Pragma:
      - no-cache
      Set-Cookie:
      - DD-PSHARD=233; Max-Age=604800; Path=/; expires=Sun, 03-May-2020 18:55:48 GMT;
        secure; HttpOnly
      Strict-Transport-Security:
      - max-age=15724800;
      Vary:
      - Accept-Encoding
      X-Content-Type-Options:
      - nosniff
      X-Dd-Debug:
      - ztq+F8HwxRthTKNo0l2MCEDK5uwvgQzF00nWu49lHsBM51hGZBm/pPILDqupy+Xd
      X-Dd-Version:
      - "35.2432369"
      X-Frame-Options:
      - SAMEORIGIN
    status: 200 OK
    code: 200
    duration: ""
- request:
    body: ""
    form: {}
    headers:
      Accept:
      - application/json
      Dd-Operation-Id:
      - GetDashboard
      User-Agent:
      - datadog-api-client-go/1.0.0-beta.1+dev.1 (go go1.13.4; os darwin; arch amd64)
    url: https://api.datadoghq.com/api/v1/dashboard/tht-6zq-a8x
    method: GET
  response:
    body: '{"notify_list":[],"description":"Created using the Datadog provider in
      Terraform","author_name":null,"template_variable_presets":[{"template_variables":[{"name":"var_1","value":"var_1_value"},{"name":"var_2","value":"var_2_value"}],"name":"preset_1"},{"template_variables":[{"name":"var_1","value":"var_1_value"}],"name":"preset_2"}],"template_variables":[{"default":"aws","prefix":"host","name":"var_1"},{"default":"autoscaling","prefix":"service_name","name":"var_2"}],"is_read_only":true,"id":"tht-6zq-a8x","title":"Acceptance
      Test Ordered Dashboard","url":"/dashboard/tht-6zq-a8x/acceptance-test-ordered-dashboard","created_at":"2020-04-26T18:55:45.247059+00:00","modified_at":"2020-04-26T18:55:45.247059+00:00","author_handle":"frog@datadoghq.com","widgets":[{"definition":{"alert_id":"895605","title":"Widget
      Title","type":"alert_graph","viz_type":"timeseries","time":{"live_span":"1h"}},"id":8702989897261219},{"definition":{"title":"Widget
      Title","text_align":"center","precision":3,"alert_id":"895605","type":"alert_value","unit":"b"},"id":6804847193311522},{"definition":{"requests":[{"change_type":"absolute","order_dir":"desc","compare_to":"week_before","q":"avg:system.load.1{env:staging}
      by {account}","show_present":true,"increase_good":true,"order_by":"name"}],"title":"Widget
      Title","type":"change","time":{"live_span":"1h"}},"id":6562059639467848},{"definition":{"requests":[{"q":"avg:system.load.1{env:staging}
      by {account}","style":{"palette":"warm"}}],"title":"Widget Title","type":"distribution","time":{"live_span":"1h"}},"id":5236559053872999},{"definition":{"title":"Widget
      Title","tags":["account:demo","cluster:awseb-ruthebdog-env-8-dn3m6u3gvk"],"group_by":["account","cluster"],"time":{"live_span":"1h"},"type":"check_status","check":"aws.ecs.agent_connected","grouping":"cluster"},"id":3515895980293909},{"definition":{"yaxis":{"include_zero":true,"scale":"sqrt","min":"1","max":"2"},"requests":[{"q":"avg:system.load.1{env:staging}
      by {account}","style":{"palette":"warm"}}],"time":{"live_span":"1h"},"type":"heatmap","title":"Widget
      Title"},"id":7955209565799711},{"definition":{"style":{"fill_min":"10","fill_max":"20","palette":"yellow_to_green","palette_flip":true},"group":["host","region"],"title":"Widget
      Title","node_type":"container","no_metric_hosts":true,"scope":["region:us-east-1","aws_account:727006795293"],"requests":{"size":{"q":"avg:memcache.uptime{*}
      by {host}"},"fill":{"q":"avg:system.load.1{*} by {host}"}},"no_group_hosts":true,"type":"hostmap"},"id":8282224423968153},{"definition":{"tick_pos":"50%","font_size":"14","type":"note","tick_edge":"left","text_align":"center","content":"note
      text","show_tick":true,"background_color":"pink"},"id":461628649135192},{"definition":{"autoscale":true,"title":"Widget
      Title","text_align":"right","custom_unit":"xx","precision":4,"time":{"live_span":"1h"},"requests":[{"q":"avg:system.load.1{env:staging}
      by {account}","aggregator":"sum","conditional_formats":[{"palette":"white_on_green","hide_value":false,"value":2,"comparator":"<"},{"palette":"white_on_red","hide_value":false,"value":2.2,"comparator":">"}]}],"type":"query_value"},"id":8281290211091724},{"definition":{"title":"Widget
      Title","yaxis":{"include_zero":false,"max":"2222","min":"5","scale":"log","label":"y"},"color_by_groups":["account","apm-role-group"],"xaxis":{"include_zero":true,"max":"2000","min":"1","scale":"pow","label":"x"},"time":{"live_span":"1h"},"requests":{"y":{"q":"avg:system.mem.used{*}
      by {service, account}","aggregator":"min"},"x":{"q":"avg:system.cpu.user{*}
      by {service, account}","aggregator":"max"}},"type":"scatterplot"},"id":2351552777175481},{"definition":{"title":"Widget
      Title","yaxis":{"include_zero":false,"scale":"log","max":"100"},"markers":[{"display_type":"error
      dashed","value":"y = 4","label":" z=6 "},{"display_type":"ok solid","value":"10
      < y < 999","label":" x=8 "}],"show_legend":true,"time":{"live_span":"1h"},"requests":[{"q":"avg:system.cpu.user{app:general}
      by {env}","style":{"line_width":"thin","palette":"warm","line_type":"dashed"},"display_type":"line","metadata":[{"expression":"avg:system.cpu.user{app:general}
      by {env}","alias_name":"Alpha"}]},{"display_type":"area","log_query":{"index":"mcnulty","search":{"query":"status:info"},"group_by":[{"facet":"host","sort":{"facet":"@duration","aggregation":"avg","order":"desc"},"limit":10}],"compute":{"facet":"@duration","interval":5000,"aggregation":"count"}}},{"apm_query":{"index":"apm-search","search":{"query":"type:web"},"group_by":[{"facet":"resource_name","sort":{"facet":"@string_query.interval","aggregation":"avg","order":"desc"},"limit":50}],"compute":{"facet":"@duration","interval":5000,"aggregation":"count"}},"display_type":"bars"},{"process_query":{"search_by":"error","metric":"process.stat.cpu.total_pct","limit":50,"filter_by":["active"]},"display_type":"area"}],"type":"timeseries","events":[{"q":"sources:test
      tags:1"},{"q":"sources:test tags:2"}]},"id":2700962191867495},{"definition":{"requests":[{"q":"avg:system.cpu.user{app:general}
      by {env}","conditional_formats":[{"palette":"white_on_green","hide_value":false,"value":2,"comparator":"<"},{"palette":"white_on_red","hide_value":false,"value":2.2,"comparator":">"}]}],"type":"toplist","title":"Widget
      Title"},"id":1223147340092785},{"definition":{"widgets":[{"definition":{"tick_pos":"50%","font_size":"16","type":"note","tick_edge":"left","text_align":"left","content":"cluster
      note widget","show_tick":false,"background_color":"yellow"},"id":1024625167624520},{"definition":{"alert_id":"123","title":"Alert
      Graph","type":"alert_graph","viz_type":"toplist","time":{"live_span":"1h"}},"id":339011135010046}],"layout_type":"ordered","type":"group","title":"Group
      Widget"},"id":259689145357096},{"definition":{"time_windows":["7d","previous_week"],"show_error_budget":true,"title":"Widget
      Title","view_type":"detail","slo_id":"56789","view_mode":"overall","type":"slo"},"id":4804876138969782},{"definition":{"requests":[{"q":"avg:system.load.1{env:staging}
      by {account}","aggregator":"sum","conditional_formats":[{"palette":"white_on_green","hide_value":false,"value":2,"comparator":"<"},{"palette":"white_on_red","hide_value":false,"value":2.2,"comparator":">"}],"limit":10}],"title":"Widget
      Title","type":"query_table","time":{"live_span":"1h"}},"id":5500962748634077}],"layout_type":"ordered"}'
    headers:
      Cache-Control:
      - no-cache
      Connection:
      - keep-alive
      Content-Security-Policy:
      - frame-ancestors 'self'; report-uri https://api.datadoghq.com/csp-report
      Content-Type:
      - application/json
      Date:
      - Sun, 26 Apr 2020 18:55:48 GMT
      Dd-Pool:
      - dogweb
      Pragma:
      - no-cache
      Set-Cookie:
      - DD-PSHARD=233; Max-Age=604800; Path=/; expires=Sun, 03-May-2020 18:55:48 GMT;
        secure; HttpOnly
      Strict-Transport-Security:
      - max-age=15724800;
      Vary:
      - Accept-Encoding
      X-Content-Type-Options:
      - nosniff
      X-Dd-Debug:
      - Jhz2Lh32XBCZ7PVSj7/lof8hXjgbtiexG4VIRWAEYHPFefqyYpXnVaeT62yBncrB
      X-Dd-Version:
      - "35.2432369"
      X-Frame-Options:
      - SAMEORIGIN
    status: 200 OK
    code: 200
    duration: ""
- request:
    body: ""
    form: {}
    headers:
      Accept:
      - application/json
      Dd-Operation-Id:
      - GetDashboard
      User-Agent:
      - datadog-api-client-go/1.0.0-beta.1+dev.1 (go go1.13.4; os darwin; arch amd64)
    url: https://api.datadoghq.com/api/v1/dashboard/kye-kzk-bux
    method: GET
  response:
    body: '{"notify_list":[],"description":"Created using the Datadog provider in
      Terraform","author_name":null,"template_variable_presets":[{"template_variables":[{"name":"var_1","value":"var_1_value"},{"name":"var_2","value":"var_2_value"}],"name":"preset_1"},{"template_variables":[{"name":"var_1","value":"var_1_value"}],"name":"preset_2"}],"template_variables":[{"default":"aws","prefix":"host","name":"var_1"},{"default":"autoscaling","prefix":"service_name","name":"var_2"}],"is_read_only":false,"id":"kye-kzk-bux","title":"Acceptance
      Test Free Dashboard","url":"/dashboard/kye-kzk-bux/acceptance-test-free-dashboard","created_at":"2020-04-26T18:55:44.982411+00:00","modified_at":"2020-04-26T18:55:44.982417+00:00","author_handle":"frog@datadoghq.com","widgets":[{"definition":{"title_size":"16","title":"Widget
      Title","title_align":"left","time":{"live_span":"1h"},"query":"*","type":"event_stream","event_size":"l"},"layout":{"y":5,"x":5,"width":32,"height":43},"id":5053840593259334},{"definition":{"title_size":"16","title":"Widget
      Title","title_align":"left","time":{"live_span":"1h"},"query":"*","type":"event_timeline"},"layout":{"y":73,"x":42,"width":65,"height":9},"id":1161865820801082},{"definition":{"color":"#d00","text":"free
      text content","type":"free_text","font_size":"88","text_align":"left"},"layout":{"y":5,"x":42,"width":30,"height":20},"id":7840977193320840},{"definition":{"url":"http://google.com","type":"iframe"},"layout":{"y":8,"x":111,"width":39,"height":46},"id":1377180619362860},{"definition":{"url":"https://images.pexels.com/photos/67636/rose-blue-flower-rose-blooms-67636.jpeg?auto=compress&cs=tinysrgb&h=350","sizing":"fit","margin":"small","type":"image"},"layout":{"y":7,"x":77,"width":30,"height":20},"id":4005590357810314},{"definition":{"query":"error","type":"log_stream","columns":["core_host","core_service","tag_source"],"indexes":["main"]},"layout":{"y":51,"x":5,"width":32,"height":36},"id":6391000816392380},{"definition":{"sort":"status,asc","title_align":"left","title_size":"16","title":"Widget
      Title","show_last_triggered":true,"hide_zero_counts":true,"summary_type":"monitors","color_preference":"text","query":"type:metric","display_format":"countsAndList","type":"manage_status"},"layout":{"y":55,"x":112,"width":30,"height":40},"id":1251135919965957},{"definition":{"span_name":"cassandra.query","title_size":"13","service":"alerting-cassandra","title":"alerting-cassandra
      #env:datad0g.com","size_format":"large","show_hits":true,"show_latency":false,"title_align":"center","show_errors":true,"show_breakdown":true,"env":"datad0g.com","time":{"live_span":"1h"},"show_distribution":true,"display_format":"three_column","type":"trace_service","show_resource_list":false},"layout":{"y":28,"x":40,"width":67,"height":38},"id":994461518016544}],"layout_type":"free"}'
    headers:
      Cache-Control:
      - no-cache
      Connection:
      - keep-alive
      Content-Security-Policy:
      - frame-ancestors 'self'; report-uri https://api.datadoghq.com/csp-report
      Content-Type:
      - application/json
      Date:
      - Sun, 26 Apr 2020 18:55:49 GMT
      Dd-Pool:
      - dogweb
      Pragma:
      - no-cache
      Set-Cookie:
      - DD-PSHARD=233; Max-Age=604800; Path=/; expires=Sun, 03-May-2020 18:55:49 GMT;
        secure; HttpOnly
      Strict-Transport-Security:
      - max-age=15724800;
      Vary:
      - Accept-Encoding
      X-Content-Type-Options:
      - nosniff
      X-Dd-Debug:
      - fFk0sZgwwse+ZeEmqVGZPgcNG+SDXdM7Y74n6iOGuvoZenvaYEqZOvpOSMu1XDXx
      X-Dd-Version:
      - "35.2432369"
      X-Frame-Options:
      - SAMEORIGIN
    status: 200 OK
    code: 200
    duration: ""
- request:
    body: ""
    form: {}
    headers:
      User-Agent:
      - Datadog/dev/terraform (go1.13.4)
    url: https://api.datadoghq.com/api/v1/dashboard/tht-6zq-a8x
    method: GET
  response:
    body: '{"notify_list":[],"description":"Created using the Datadog provider in
      Terraform","author_name":null,"template_variable_presets":[{"template_variables":[{"name":"var_1","value":"var_1_value"},{"name":"var_2","value":"var_2_value"}],"name":"preset_1"},{"template_variables":[{"name":"var_1","value":"var_1_value"}],"name":"preset_2"}],"template_variables":[{"default":"aws","prefix":"host","name":"var_1"},{"default":"autoscaling","prefix":"service_name","name":"var_2"}],"is_read_only":true,"id":"tht-6zq-a8x","title":"Acceptance
      Test Ordered Dashboard","url":"/dashboard/tht-6zq-a8x/acceptance-test-ordered-dashboard","created_at":"2020-04-26T18:55:45.247059+00:00","modified_at":"2020-04-26T18:55:45.247059+00:00","author_handle":"frog@datadoghq.com","widgets":[{"definition":{"alert_id":"895605","title":"Widget
      Title","type":"alert_graph","viz_type":"timeseries","time":{"live_span":"1h"}},"id":8702989897261219},{"definition":{"title":"Widget
      Title","text_align":"center","precision":3,"alert_id":"895605","type":"alert_value","unit":"b"},"id":6804847193311522},{"definition":{"requests":[{"change_type":"absolute","order_dir":"desc","compare_to":"week_before","q":"avg:system.load.1{env:staging}
      by {account}","show_present":true,"increase_good":true,"order_by":"name"}],"title":"Widget
      Title","type":"change","time":{"live_span":"1h"}},"id":6562059639467848},{"definition":{"requests":[{"q":"avg:system.load.1{env:staging}
      by {account}","style":{"palette":"warm"}}],"title":"Widget Title","type":"distribution","time":{"live_span":"1h"}},"id":5236559053872999},{"definition":{"title":"Widget
      Title","tags":["account:demo","cluster:awseb-ruthebdog-env-8-dn3m6u3gvk"],"group_by":["account","cluster"],"time":{"live_span":"1h"},"type":"check_status","check":"aws.ecs.agent_connected","grouping":"cluster"},"id":3515895980293909},{"definition":{"yaxis":{"include_zero":true,"scale":"sqrt","min":"1","max":"2"},"requests":[{"q":"avg:system.load.1{env:staging}
      by {account}","style":{"palette":"warm"}}],"time":{"live_span":"1h"},"type":"heatmap","title":"Widget
      Title"},"id":7955209565799711},{"definition":{"style":{"fill_min":"10","fill_max":"20","palette":"yellow_to_green","palette_flip":true},"group":["host","region"],"title":"Widget
      Title","node_type":"container","no_metric_hosts":true,"scope":["region:us-east-1","aws_account:727006795293"],"requests":{"size":{"q":"avg:memcache.uptime{*}
      by {host}"},"fill":{"q":"avg:system.load.1{*} by {host}"}},"no_group_hosts":true,"type":"hostmap"},"id":8282224423968153},{"definition":{"tick_pos":"50%","font_size":"14","type":"note","tick_edge":"left","text_align":"center","content":"note
      text","show_tick":true,"background_color":"pink"},"id":461628649135192},{"definition":{"autoscale":true,"title":"Widget
      Title","text_align":"right","custom_unit":"xx","precision":4,"time":{"live_span":"1h"},"requests":[{"q":"avg:system.load.1{env:staging}
      by {account}","aggregator":"sum","conditional_formats":[{"palette":"white_on_green","hide_value":false,"value":2,"comparator":"<"},{"palette":"white_on_red","hide_value":false,"value":2.2,"comparator":">"}]}],"type":"query_value"},"id":8281290211091724},{"definition":{"title":"Widget
      Title","yaxis":{"include_zero":false,"max":"2222","min":"5","scale":"log","label":"y"},"color_by_groups":["account","apm-role-group"],"xaxis":{"include_zero":true,"max":"2000","min":"1","scale":"pow","label":"x"},"time":{"live_span":"1h"},"requests":{"y":{"q":"avg:system.mem.used{*}
      by {service, account}","aggregator":"min"},"x":{"q":"avg:system.cpu.user{*}
      by {service, account}","aggregator":"max"}},"type":"scatterplot"},"id":2351552777175481},{"definition":{"title":"Widget
      Title","yaxis":{"include_zero":false,"scale":"log","max":"100"},"markers":[{"display_type":"error
      dashed","value":"y = 4","label":" z=6 "},{"display_type":"ok solid","value":"10
      < y < 999","label":" x=8 "}],"show_legend":true,"time":{"live_span":"1h"},"requests":[{"q":"avg:system.cpu.user{app:general}
      by {env}","style":{"line_width":"thin","palette":"warm","line_type":"dashed"},"display_type":"line","metadata":[{"expression":"avg:system.cpu.user{app:general}
      by {env}","alias_name":"Alpha"}]},{"display_type":"area","log_query":{"index":"mcnulty","search":{"query":"status:info"},"group_by":[{"facet":"host","sort":{"facet":"@duration","aggregation":"avg","order":"desc"},"limit":10}],"compute":{"facet":"@duration","interval":5000,"aggregation":"count"}}},{"apm_query":{"index":"apm-search","search":{"query":"type:web"},"group_by":[{"facet":"resource_name","sort":{"facet":"@string_query.interval","aggregation":"avg","order":"desc"},"limit":50}],"compute":{"facet":"@duration","interval":5000,"aggregation":"count"}},"display_type":"bars"},{"process_query":{"search_by":"error","metric":"process.stat.cpu.total_pct","limit":50,"filter_by":["active"]},"display_type":"area"}],"type":"timeseries","events":[{"q":"sources:test
      tags:1"},{"q":"sources:test tags:2"}]},"id":2700962191867495},{"definition":{"requests":[{"q":"avg:system.cpu.user{app:general}
      by {env}","conditional_formats":[{"palette":"white_on_green","hide_value":false,"value":2,"comparator":"<"},{"palette":"white_on_red","hide_value":false,"value":2.2,"comparator":">"}]}],"type":"toplist","title":"Widget
      Title"},"id":1223147340092785},{"definition":{"widgets":[{"definition":{"tick_pos":"50%","font_size":"16","type":"note","tick_edge":"left","text_align":"left","content":"cluster
      note widget","show_tick":false,"background_color":"yellow"},"id":1024625167624520},{"definition":{"alert_id":"123","title":"Alert
      Graph","type":"alert_graph","viz_type":"toplist","time":{"live_span":"1h"}},"id":339011135010046}],"layout_type":"ordered","type":"group","title":"Group
      Widget"},"id":259689145357096},{"definition":{"time_windows":["7d","previous_week"],"show_error_budget":true,"title":"Widget
      Title","view_type":"detail","slo_id":"56789","view_mode":"overall","type":"slo"},"id":4804876138969782},{"definition":{"requests":[{"q":"avg:system.load.1{env:staging}
      by {account}","aggregator":"sum","conditional_formats":[{"palette":"white_on_green","hide_value":false,"value":2,"comparator":"<"},{"palette":"white_on_red","hide_value":false,"value":2.2,"comparator":">"}],"limit":10}],"title":"Widget
      Title","type":"query_table","time":{"live_span":"1h"}},"id":5500962748634077}],"layout_type":"ordered"}'
    headers:
      Cache-Control:
      - no-cache
      Connection:
      - keep-alive
      Content-Security-Policy:
      - frame-ancestors 'self'; report-uri https://api.datadoghq.com/csp-report
      Content-Type:
      - application/json
      Date:
      - Sun, 26 Apr 2020 18:55:52 GMT
      Dd-Pool:
      - dogweb
      Pragma:
      - no-cache
      Set-Cookie:
      - DD-PSHARD=233; Max-Age=604800; Path=/; expires=Sun, 03-May-2020 18:55:52 GMT;
        secure; HttpOnly
      Strict-Transport-Security:
      - max-age=15724800;
      Vary:
      - Accept-Encoding
      X-Content-Type-Options:
      - nosniff
      X-Dd-Debug:
      - 5gIeAyE850e1lqVwTAgwvudewR8EzuQd3qGaXsS2D0CKQVhFOIjBoeQYiH0qPohy
      X-Dd-Version:
      - "35.2432369"
      X-Frame-Options:
      - SAMEORIGIN
    status: 200 OK
    code: 200
    duration: ""
- request:
    body: ""
    form: {}
    headers:
      User-Agent:
      - Datadog/dev/terraform (go1.13.4)
    url: https://api.datadoghq.com/api/v1/dashboard/kye-kzk-bux
    method: GET
  response:
    body: '{"notify_list":[],"description":"Created using the Datadog provider in
      Terraform","author_name":null,"template_variable_presets":[{"template_variables":[{"name":"var_1","value":"var_1_value"},{"name":"var_2","value":"var_2_value"}],"name":"preset_1"},{"template_variables":[{"name":"var_1","value":"var_1_value"}],"name":"preset_2"}],"template_variables":[{"default":"aws","prefix":"host","name":"var_1"},{"default":"autoscaling","prefix":"service_name","name":"var_2"}],"is_read_only":false,"id":"kye-kzk-bux","title":"Acceptance
      Test Free Dashboard","url":"/dashboard/kye-kzk-bux/acceptance-test-free-dashboard","created_at":"2020-04-26T18:55:44.982411+00:00","modified_at":"2020-04-26T18:55:44.982417+00:00","author_handle":"frog@datadoghq.com","widgets":[{"definition":{"title_size":"16","title":"Widget
      Title","title_align":"left","time":{"live_span":"1h"},"query":"*","type":"event_stream","event_size":"l"},"layout":{"y":5,"x":5,"width":32,"height":43},"id":5053840593259334},{"definition":{"title_size":"16","title":"Widget
      Title","title_align":"left","time":{"live_span":"1h"},"query":"*","type":"event_timeline"},"layout":{"y":73,"x":42,"width":65,"height":9},"id":1161865820801082},{"definition":{"color":"#d00","text":"free
      text content","type":"free_text","font_size":"88","text_align":"left"},"layout":{"y":5,"x":42,"width":30,"height":20},"id":7840977193320840},{"definition":{"url":"http://google.com","type":"iframe"},"layout":{"y":8,"x":111,"width":39,"height":46},"id":1377180619362860},{"definition":{"url":"https://images.pexels.com/photos/67636/rose-blue-flower-rose-blooms-67636.jpeg?auto=compress&cs=tinysrgb&h=350","sizing":"fit","margin":"small","type":"image"},"layout":{"y":7,"x":77,"width":30,"height":20},"id":4005590357810314},{"definition":{"query":"error","type":"log_stream","columns":["core_host","core_service","tag_source"],"indexes":["main"]},"layout":{"y":51,"x":5,"width":32,"height":36},"id":6391000816392380},{"definition":{"sort":"status,asc","title_align":"left","title_size":"16","title":"Widget
      Title","show_last_triggered":true,"hide_zero_counts":true,"summary_type":"monitors","color_preference":"text","query":"type:metric","display_format":"countsAndList","type":"manage_status"},"layout":{"y":55,"x":112,"width":30,"height":40},"id":1251135919965957},{"definition":{"span_name":"cassandra.query","title_size":"13","service":"alerting-cassandra","title":"alerting-cassandra
      #env:datad0g.com","size_format":"large","show_hits":true,"show_latency":false,"title_align":"center","show_errors":true,"show_breakdown":true,"env":"datad0g.com","time":{"live_span":"1h"},"show_distribution":true,"display_format":"three_column","type":"trace_service","show_resource_list":false},"layout":{"y":28,"x":40,"width":67,"height":38},"id":994461518016544}],"layout_type":"free"}'
    headers:
      Cache-Control:
      - no-cache
      Connection:
      - keep-alive
      Content-Security-Policy:
      - frame-ancestors 'self'; report-uri https://api.datadoghq.com/csp-report
      Content-Type:
      - application/json
      Date:
      - Sun, 26 Apr 2020 18:55:52 GMT
      Dd-Pool:
      - dogweb
      Pragma:
      - no-cache
      Set-Cookie:
      - DD-PSHARD=233; Max-Age=604800; Path=/; expires=Sun, 03-May-2020 18:55:52 GMT;
        secure; HttpOnly
      Strict-Transport-Security:
      - max-age=15724800;
      Vary:
      - Accept-Encoding
      X-Content-Type-Options:
      - nosniff
      X-Dd-Debug:
      - pT9LlAdgAzlrCUxMXQkBRs/Qti76jKIHng1uB0/SctAaYjB4WqOgOZYpCbOMQKll
      X-Dd-Version:
      - "35.2432369"
      X-Frame-Options:
      - SAMEORIGIN
    status: 200 OK
    code: 200
    duration: ""
- request:
    body: ""
    form: {}
    headers:
      Accept:
      - application/json
      Dd-Operation-Id:
      - GetDashboard
      User-Agent:
      - datadog-api-client-go/1.0.0-beta.1+dev.1 (go go1.13.4; os darwin; arch amd64)
    url: https://api.datadoghq.com/api/v1/dashboard/tht-6zq-a8x
    method: GET
  response:
    body: '{"notify_list":[],"description":"Created using the Datadog provider in
      Terraform","author_name":null,"template_variable_presets":[{"template_variables":[{"name":"var_1","value":"var_1_value"},{"name":"var_2","value":"var_2_value"}],"name":"preset_1"},{"template_variables":[{"name":"var_1","value":"var_1_value"}],"name":"preset_2"}],"template_variables":[{"default":"aws","prefix":"host","name":"var_1"},{"default":"autoscaling","prefix":"service_name","name":"var_2"}],"is_read_only":true,"id":"tht-6zq-a8x","title":"Acceptance
      Test Ordered Dashboard","url":"/dashboard/tht-6zq-a8x/acceptance-test-ordered-dashboard","created_at":"2020-04-26T18:55:45.247059+00:00","modified_at":"2020-04-26T18:55:45.247059+00:00","author_handle":"frog@datadoghq.com","widgets":[{"definition":{"alert_id":"895605","title":"Widget
      Title","type":"alert_graph","viz_type":"timeseries","time":{"live_span":"1h"}},"id":8702989897261219},{"definition":{"title":"Widget
      Title","text_align":"center","precision":3,"alert_id":"895605","type":"alert_value","unit":"b"},"id":6804847193311522},{"definition":{"requests":[{"change_type":"absolute","order_dir":"desc","compare_to":"week_before","q":"avg:system.load.1{env:staging}
      by {account}","show_present":true,"increase_good":true,"order_by":"name"}],"title":"Widget
      Title","type":"change","time":{"live_span":"1h"}},"id":6562059639467848},{"definition":{"requests":[{"q":"avg:system.load.1{env:staging}
      by {account}","style":{"palette":"warm"}}],"title":"Widget Title","type":"distribution","time":{"live_span":"1h"}},"id":5236559053872999},{"definition":{"title":"Widget
      Title","tags":["account:demo","cluster:awseb-ruthebdog-env-8-dn3m6u3gvk"],"group_by":["account","cluster"],"time":{"live_span":"1h"},"type":"check_status","check":"aws.ecs.agent_connected","grouping":"cluster"},"id":3515895980293909},{"definition":{"yaxis":{"include_zero":true,"scale":"sqrt","min":"1","max":"2"},"requests":[{"q":"avg:system.load.1{env:staging}
      by {account}","style":{"palette":"warm"}}],"time":{"live_span":"1h"},"type":"heatmap","title":"Widget
      Title"},"id":7955209565799711},{"definition":{"style":{"fill_min":"10","fill_max":"20","palette":"yellow_to_green","palette_flip":true},"group":["host","region"],"title":"Widget
      Title","node_type":"container","no_metric_hosts":true,"scope":["region:us-east-1","aws_account:727006795293"],"requests":{"size":{"q":"avg:memcache.uptime{*}
      by {host}"},"fill":{"q":"avg:system.load.1{*} by {host}"}},"no_group_hosts":true,"type":"hostmap"},"id":8282224423968153},{"definition":{"tick_pos":"50%","font_size":"14","type":"note","tick_edge":"left","text_align":"center","content":"note
      text","show_tick":true,"background_color":"pink"},"id":461628649135192},{"definition":{"autoscale":true,"title":"Widget
      Title","text_align":"right","custom_unit":"xx","precision":4,"time":{"live_span":"1h"},"requests":[{"q":"avg:system.load.1{env:staging}
      by {account}","aggregator":"sum","conditional_formats":[{"palette":"white_on_green","hide_value":false,"value":2,"comparator":"<"},{"palette":"white_on_red","hide_value":false,"value":2.2,"comparator":">"}]}],"type":"query_value"},"id":8281290211091724},{"definition":{"title":"Widget
      Title","yaxis":{"include_zero":false,"max":"2222","min":"5","scale":"log","label":"y"},"color_by_groups":["account","apm-role-group"],"xaxis":{"include_zero":true,"max":"2000","min":"1","scale":"pow","label":"x"},"time":{"live_span":"1h"},"requests":{"y":{"q":"avg:system.mem.used{*}
      by {service, account}","aggregator":"min"},"x":{"q":"avg:system.cpu.user{*}
      by {service, account}","aggregator":"max"}},"type":"scatterplot"},"id":2351552777175481},{"definition":{"title":"Widget
      Title","yaxis":{"include_zero":false,"scale":"log","max":"100"},"markers":[{"display_type":"error
      dashed","value":"y = 4","label":" z=6 "},{"display_type":"ok solid","value":"10
      < y < 999","label":" x=8 "}],"show_legend":true,"time":{"live_span":"1h"},"requests":[{"q":"avg:system.cpu.user{app:general}
      by {env}","style":{"line_width":"thin","palette":"warm","line_type":"dashed"},"display_type":"line","metadata":[{"expression":"avg:system.cpu.user{app:general}
      by {env}","alias_name":"Alpha"}]},{"display_type":"area","log_query":{"index":"mcnulty","search":{"query":"status:info"},"group_by":[{"facet":"host","sort":{"facet":"@duration","aggregation":"avg","order":"desc"},"limit":10}],"compute":{"facet":"@duration","interval":5000,"aggregation":"count"}}},{"apm_query":{"index":"apm-search","search":{"query":"type:web"},"group_by":[{"facet":"resource_name","sort":{"facet":"@string_query.interval","aggregation":"avg","order":"desc"},"limit":50}],"compute":{"facet":"@duration","interval":5000,"aggregation":"count"}},"display_type":"bars"},{"process_query":{"search_by":"error","metric":"process.stat.cpu.total_pct","limit":50,"filter_by":["active"]},"display_type":"area"}],"type":"timeseries","events":[{"q":"sources:test
      tags:1"},{"q":"sources:test tags:2"}]},"id":2700962191867495},{"definition":{"requests":[{"q":"avg:system.cpu.user{app:general}
      by {env}","conditional_formats":[{"palette":"white_on_green","hide_value":false,"value":2,"comparator":"<"},{"palette":"white_on_red","hide_value":false,"value":2.2,"comparator":">"}]}],"type":"toplist","title":"Widget
      Title"},"id":1223147340092785},{"definition":{"widgets":[{"definition":{"tick_pos":"50%","font_size":"16","type":"note","tick_edge":"left","text_align":"left","content":"cluster
      note widget","show_tick":false,"background_color":"yellow"},"id":1024625167624520},{"definition":{"alert_id":"123","title":"Alert
      Graph","type":"alert_graph","viz_type":"toplist","time":{"live_span":"1h"}},"id":339011135010046}],"layout_type":"ordered","type":"group","title":"Group
      Widget"},"id":259689145357096},{"definition":{"time_windows":["7d","previous_week"],"show_error_budget":true,"title":"Widget
      Title","view_type":"detail","slo_id":"56789","view_mode":"overall","type":"slo"},"id":4804876138969782},{"definition":{"requests":[{"q":"avg:system.load.1{env:staging}
      by {account}","aggregator":"sum","conditional_formats":[{"palette":"white_on_green","hide_value":false,"value":2,"comparator":"<"},{"palette":"white_on_red","hide_value":false,"value":2.2,"comparator":">"}],"limit":10}],"title":"Widget
      Title","type":"query_table","time":{"live_span":"1h"}},"id":5500962748634077}],"layout_type":"ordered"}'
    headers:
      Cache-Control:
      - no-cache
      Connection:
      - keep-alive
      Content-Security-Policy:
      - frame-ancestors 'self'; report-uri https://api.datadoghq.com/csp-report
      Content-Type:
      - application/json
      Date:
      - Sun, 26 Apr 2020 18:55:53 GMT
      Dd-Pool:
      - dogweb
      Pragma:
      - no-cache
      Set-Cookie:
      - DD-PSHARD=233; Max-Age=604800; Path=/; expires=Sun, 03-May-2020 18:55:53 GMT;
        secure; HttpOnly
      Strict-Transport-Security:
      - max-age=15724800;
      Vary:
      - Accept-Encoding
      X-Content-Type-Options:
      - nosniff
      X-Dd-Debug:
      - ldNaA6dSEPDapjFoBolZNm9KKT/3iEJM/Q1IyMe2D0P7l2S/rGI4bTGzxgP0/9Zs
      X-Dd-Version:
      - "35.2432369"
      X-Frame-Options:
      - SAMEORIGIN
    status: 200 OK
    code: 200
    duration: ""
- request:
    body: ""
    form: {}
    headers:
      Accept:
      - application/json
      Dd-Operation-Id:
      - GetDashboard
      User-Agent:
      - datadog-api-client-go/1.0.0-beta.1+dev.1 (go go1.13.4; os darwin; arch amd64)
    url: https://api.datadoghq.com/api/v1/dashboard/kye-kzk-bux
    method: GET
  response:
    body: '{"notify_list":[],"description":"Created using the Datadog provider in
      Terraform","author_name":null,"template_variable_presets":[{"template_variables":[{"name":"var_1","value":"var_1_value"},{"name":"var_2","value":"var_2_value"}],"name":"preset_1"},{"template_variables":[{"name":"var_1","value":"var_1_value"}],"name":"preset_2"}],"template_variables":[{"default":"aws","prefix":"host","name":"var_1"},{"default":"autoscaling","prefix":"service_name","name":"var_2"}],"is_read_only":false,"id":"kye-kzk-bux","title":"Acceptance
      Test Free Dashboard","url":"/dashboard/kye-kzk-bux/acceptance-test-free-dashboard","created_at":"2020-04-26T18:55:44.982411+00:00","modified_at":"2020-04-26T18:55:44.982417+00:00","author_handle":"frog@datadoghq.com","widgets":[{"definition":{"title_size":"16","title":"Widget
      Title","title_align":"left","time":{"live_span":"1h"},"query":"*","type":"event_stream","event_size":"l"},"layout":{"y":5,"x":5,"width":32,"height":43},"id":5053840593259334},{"definition":{"title_size":"16","title":"Widget
      Title","title_align":"left","time":{"live_span":"1h"},"query":"*","type":"event_timeline"},"layout":{"y":73,"x":42,"width":65,"height":9},"id":1161865820801082},{"definition":{"color":"#d00","text":"free
      text content","type":"free_text","font_size":"88","text_align":"left"},"layout":{"y":5,"x":42,"width":30,"height":20},"id":7840977193320840},{"definition":{"url":"http://google.com","type":"iframe"},"layout":{"y":8,"x":111,"width":39,"height":46},"id":1377180619362860},{"definition":{"url":"https://images.pexels.com/photos/67636/rose-blue-flower-rose-blooms-67636.jpeg?auto=compress&cs=tinysrgb&h=350","sizing":"fit","margin":"small","type":"image"},"layout":{"y":7,"x":77,"width":30,"height":20},"id":4005590357810314},{"definition":{"query":"error","type":"log_stream","columns":["core_host","core_service","tag_source"],"indexes":["main"]},"layout":{"y":51,"x":5,"width":32,"height":36},"id":6391000816392380},{"definition":{"sort":"status,asc","title_align":"left","title_size":"16","title":"Widget
      Title","show_last_triggered":true,"hide_zero_counts":true,"summary_type":"monitors","color_preference":"text","query":"type:metric","display_format":"countsAndList","type":"manage_status"},"layout":{"y":55,"x":112,"width":30,"height":40},"id":1251135919965957},{"definition":{"span_name":"cassandra.query","title_size":"13","service":"alerting-cassandra","title":"alerting-cassandra
      #env:datad0g.com","size_format":"large","show_hits":true,"show_latency":false,"title_align":"center","show_errors":true,"show_breakdown":true,"env":"datad0g.com","time":{"live_span":"1h"},"show_distribution":true,"display_format":"three_column","type":"trace_service","show_resource_list":false},"layout":{"y":28,"x":40,"width":67,"height":38},"id":994461518016544}],"layout_type":"free"}'
    headers:
      Cache-Control:
      - no-cache
      Connection:
      - keep-alive
      Content-Security-Policy:
      - frame-ancestors 'self'; report-uri https://api.datadoghq.com/csp-report
      Content-Type:
      - application/json
      Date:
      - Sun, 26 Apr 2020 18:55:53 GMT
      Dd-Pool:
      - dogweb
      Pragma:
      - no-cache
      Set-Cookie:
      - DD-PSHARD=233; Max-Age=604800; Path=/; expires=Sun, 03-May-2020 18:55:53 GMT;
        secure; HttpOnly
      Strict-Transport-Security:
      - max-age=15724800;
      Vary:
      - Accept-Encoding
      X-Content-Type-Options:
      - nosniff
      X-Dd-Debug:
      - RL7BSOiWXeq2P2iJbmiDo/2BPpcpoCDzQceVuBkp6yO348trcqTrfm/pm8rvZRoT
      X-Dd-Version:
      - "35.2432369"
      X-Frame-Options:
      - SAMEORIGIN
    status: 200 OK
    code: 200
    duration: ""
- request:
    body: ""
    form: {}
    headers:
      User-Agent:
      - Datadog/dev/terraform (go1.13.4)
    url: https://api.datadoghq.com/api/v1/dashboard/tht-6zq-a8x
    method: DELETE
  response:
    body: '{"deleted_dashboard_id":"tht-6zq-a8x"}'
    headers:
      Cache-Control:
      - no-cache
      Connection:
      - keep-alive
      Content-Security-Policy:
      - frame-ancestors 'self'; report-uri https://api.datadoghq.com/csp-report
      Content-Type:
      - application/json
      Date:
      - Sun, 26 Apr 2020 18:55:57 GMT
      Dd-Pool:
      - dogweb
      Pragma:
      - no-cache
      Set-Cookie:
      - DD-PSHARD=233; Max-Age=604800; Path=/; expires=Sun, 03-May-2020 18:55:54 GMT;
        secure; HttpOnly
      Strict-Transport-Security:
      - max-age=15724800;
      Vary:
      - Accept-Encoding
      X-Content-Type-Options:
      - nosniff
      X-Dd-Debug:
      - 8jOW1djIgkdkj4STw+0pQ3G+kGKfu548DWINvnE6phacY0k9vgC3cU1LaI38XIYk
      X-Dd-Version:
      - "35.2432369"
      X-Frame-Options:
      - SAMEORIGIN
    status: 200 OK
    code: 200
    duration: ""
- request:
    body: ""
    form: {}
    headers:
      User-Agent:
      - Datadog/dev/terraform (go1.13.4)
    url: https://api.datadoghq.com/api/v1/dashboard/kye-kzk-bux
    method: DELETE
  response:
    body: '{"deleted_dashboard_id":"kye-kzk-bux"}'
    headers:
      Cache-Control:
      - no-cache
      Connection:
      - keep-alive
      Content-Security-Policy:
      - frame-ancestors 'self'; report-uri https://api.datadoghq.com/csp-report
      Content-Type:
      - application/json
      Date:
      - Sun, 26 Apr 2020 18:55:58 GMT
      Dd-Pool:
      - dogweb
      Pragma:
      - no-cache
      Set-Cookie:
      - DD-PSHARD=233; Max-Age=604800; Path=/; expires=Sun, 03-May-2020 18:55:54 GMT;
        secure; HttpOnly
      Strict-Transport-Security:
      - max-age=15724800;
      Vary:
      - Accept-Encoding
      X-Content-Type-Options:
      - nosniff
      X-Dd-Debug:
      - wB7h0Rt2IYxDUBLtoJ4y0ZOq10ZaMdDZiRuFZ3d/FUUtC7gfBEZWTs0Y6dZhoLZS
      X-Dd-Version:
      - "35.2432369"
      X-Frame-Options:
      - SAMEORIGIN
    status: 200 OK
    code: 200
    duration: ""
- request:
    body: ""
    form: {}
    headers:
      Accept:
      - application/json
      Dd-Operation-Id:
      - GetDashboard
      User-Agent:
      - datadog-api-client-go/1.0.0-beta.1+dev.1 (go go1.13.4; os darwin; arch amd64)
    url: https://api.datadoghq.com/api/v1/dashboard/kye-kzk-bux
    method: GET
  response:
    body: '{"errors": ["Dashboard with ID kye-kzk-bux not found"]}'
    headers:
      Cache-Control:
      - no-cache
      Connection:
      - keep-alive
      Content-Security-Policy:
      - frame-ancestors 'self'; report-uri https://api.datadoghq.com/csp-report
      Content-Type:
      - application/json
      Date:
      - Sun, 26 Apr 2020 18:55:59 GMT
      Dd-Pool:
      - dogweb
      Pragma:
      - no-cache
      Strict-Transport-Security:
      - max-age=15724800;
      Vary:
      - Accept-Encoding
      X-Content-Type-Options:
      - nosniff
      X-Dd-Version:
      - "35.2432369"
      X-Frame-Options:
      - SAMEORIGIN
    status: 404 Not Found
    code: 404
    duration: ""
- request:
    body: ""
    form: {}
    headers:
      Accept:
      - application/json
      Dd-Operation-Id:
      - GetDashboard
      User-Agent:
      - datadog-api-client-go/1.0.0-beta.1+dev.1 (go go1.13.4; os darwin; arch amd64)
    url: https://api.datadoghq.com/api/v1/dashboard/tht-6zq-a8x
    method: GET
  response:
    body: '{"errors": ["Dashboard with ID tht-6zq-a8x not found"]}'
    headers:
      Cache-Control:
      - no-cache
      Connection:
      - keep-alive
      Content-Security-Policy:
      - frame-ancestors 'self'; report-uri https://api.datadoghq.com/csp-report
      Content-Type:
      - application/json
      Date:
      - Sun, 26 Apr 2020 18:55:59 GMT
      Dd-Pool:
      - dogweb
      Pragma:
      - no-cache
      Strict-Transport-Security:
      - max-age=15724800;
      Vary:
      - Accept-Encoding
      X-Content-Type-Options:
      - nosniff
      X-Dd-Version:
      - "35.2432369"
      X-Frame-Options:
      - SAMEORIGIN
    status: 404 Not Found
    code: 404
    duration: ""
