---
version: 1
interactions:
- request:
    body: '{"end":1735765200,"message":"Example Datadog downtime message.","monitor_tags":["foo:bar"],"timezone":"UTC","scope":["host:X","host:Y"],"start":1735707600}'
    form: {}
    headers:
      Content-Type:
      - application/json
      User-Agent:
      - Datadog/dev/terraform (go1.14)
    url: https://api.datadoghq.com/api/v1/downtime
    method: POST
  response:
    body: '{"recurrence":null,"end":1735765200,"monitor_tags":["foo:bar"],"canceled":null,"monitor_id":null,"org_id":321813,"disabled":false,"start":1735707600,"creator_id":1445416,"parent_id":null,"timezone":"UTC","active":false,"scope":["host:X","host:Y"],"message":"Example
      Datadog downtime message.","downtime_type":2,"id":750609999,"updater_id":null}'
    headers:
      Cache-Control:
      - no-cache
      Connection:
      - keep-alive
      Content-Security-Policy:
      - frame-ancestors 'self'; report-uri https://api.datadoghq.com/csp-report
      Content-Type:
      - application/json; charset=utf-8
      Date:
      - Fri, 28 Feb 2020 16:40:03 GMT
      Dd-Pool:
      - dogweb
      Pragma:
      - no-cache
      Set-Cookie:
      - DD-PSHARD=233; Max-Age=604800; Path=/; expires=Fri, 06-Mar-2020 16:40:03 GMT;
        secure; HttpOnly
      Strict-Transport-Security:
      - max-age=15724800;
      Vary:
      - Accept-Encoding
      X-Content-Type-Options:
      - nosniff
      X-Dd-Debug:
      - yqCkAb2Y8/4OgTSGYvedTl/k5gsPukDI7OLTlGSm9adIbRDVlGb00Ve5DDv9ImFD
      X-Dd-Version:
      - "35.2224896"
      X-Frame-Options:
      - SAMEORIGIN
    status: 200 OK
    code: 200
    duration: ""
- request:
    body: ""
    form: {}
    headers:
      User-Agent:
      - Datadog/dev/terraform (go1.14)
    url: https://api.datadoghq.com/api/v1/downtime/750609999
    method: GET
  response:
    body: '{"recurrence":null,"end":1735765200,"monitor_tags":["foo:bar"],"canceled":null,"monitor_id":null,"org_id":321813,"disabled":false,"start":1735707600,"creator_id":1445416,"parent_id":null,"timezone":"UTC","active":false,"scope":["host:X","host:Y"],"message":"Example
      Datadog downtime message.","downtime_type":2,"id":750609999,"updater_id":null}'
    headers:
      Cache-Control:
      - no-cache
      Connection:
      - keep-alive
      Content-Security-Policy:
      - frame-ancestors 'self'; report-uri https://api.datadoghq.com/csp-report
      Content-Type:
      - application/json; charset=utf-8
      Date:
      - Fri, 28 Feb 2020 16:40:03 GMT
      Dd-Pool:
      - dogweb
      Pragma:
      - no-cache
      Set-Cookie:
      - DD-PSHARD=233; Max-Age=604800; Path=/; expires=Fri, 06-Mar-2020 16:40:03 GMT;
        secure; HttpOnly
      Strict-Transport-Security:
      - max-age=15724800;
      Vary:
      - Accept-Encoding
      X-Content-Type-Options:
      - nosniff
      X-Dd-Debug:
      - aq7EAvMMXGdldXT5eVhOcqdveqp5VDY6MoO0A/xKTuSa7v4Cc6HWT9iWUnYD+m1F
      X-Dd-Version:
      - "35.2224609"
      X-Frame-Options:
      - SAMEORIGIN
    status: 200 OK
    code: 200
    duration: ""
- request:
    body: ""
    form: {}
    headers:
      User-Agent:
      - Datadog/dev/terraform (go1.14)
    url: https://api.datadoghq.com/api/v1/downtime/750609999
    method: GET
  response:
    body: '{"recurrence":null,"end":1735765200,"monitor_tags":["foo:bar"],"canceled":null,"monitor_id":null,"org_id":321813,"disabled":false,"start":1735707600,"creator_id":1445416,"parent_id":null,"timezone":"UTC","active":false,"scope":["host:X","host:Y"],"message":"Example
      Datadog downtime message.","downtime_type":2,"id":750609999,"updater_id":null}'
    headers:
      Cache-Control:
      - no-cache
      Connection:
      - keep-alive
      Content-Security-Policy:
      - frame-ancestors 'self'; report-uri https://api.datadoghq.com/csp-report
      Content-Type:
      - application/json; charset=utf-8
      Date:
      - Fri, 28 Feb 2020 16:40:03 GMT
      Dd-Pool:
      - dogweb
      Pragma:
      - no-cache
      Set-Cookie:
      - DD-PSHARD=233; Max-Age=604800; Path=/; expires=Fri, 06-Mar-2020 16:40:03 GMT;
        secure; HttpOnly
      Strict-Transport-Security:
      - max-age=15724800;
      Vary:
      - Accept-Encoding
      X-Content-Type-Options:
      - nosniff
      X-Dd-Debug:
      - o8MFmk+4Ge4vq85ax+5C1nfQs0lbtaPPYZrpqzeG6IsYGNLGMu/G7PbJElpjPS5i
      X-Dd-Version:
      - "35.2224896"
      X-Frame-Options:
      - SAMEORIGIN
    status: 200 OK
    code: 200
    duration: ""
- request:
    body: ""
    form: {}
    headers:
      User-Agent:
      - Datadog/dev/terraform (go1.14)
    url: https://api.datadoghq.com/api/v1/downtime/750609999
    method: GET
  response:
    body: '{"recurrence":null,"end":1735765200,"monitor_tags":["foo:bar"],"canceled":null,"monitor_id":null,"org_id":321813,"disabled":false,"start":1735707600,"creator_id":1445416,"parent_id":null,"timezone":"UTC","active":false,"scope":["host:X","host:Y"],"message":"Example
      Datadog downtime message.","downtime_type":2,"id":750609999,"updater_id":null}'
    headers:
      Cache-Control:
      - no-cache
      Connection:
      - keep-alive
      Content-Security-Policy:
      - frame-ancestors 'self'; report-uri https://api.datadoghq.com/csp-report
      Content-Type:
      - application/json; charset=utf-8
      Date:
      - Fri, 28 Feb 2020 16:40:03 GMT
      Dd-Pool:
      - dogweb
      Pragma:
      - no-cache
      Set-Cookie:
      - DD-PSHARD=233; Max-Age=604800; Path=/; expires=Fri, 06-Mar-2020 16:40:03 GMT;
        secure; HttpOnly
      Strict-Transport-Security:
      - max-age=15724800;
      Vary:
      - Accept-Encoding
      X-Content-Type-Options:
      - nosniff
      X-Dd-Debug:
      - gH++OYwf8a2QZXnzDsHHnXqPhHbI48oqNvFjE/0p0ObpMBY4290QCI5SB0tU0MAF
      X-Dd-Version:
      - "35.2224896"
      X-Frame-Options:
      - SAMEORIGIN
    status: 200 OK
    code: 200
    duration: ""
- request:
    body: ""
    form: {}
    headers:
      User-Agent:
      - Datadog/dev/terraform (go1.14)
    url: https://api.datadoghq.com/api/v1/downtime/750609999
    method: GET
  response:
    body: '{"recurrence":null,"end":1735765200,"monitor_tags":["foo:bar"],"canceled":null,"monitor_id":null,"org_id":321813,"disabled":false,"start":1735707600,"creator_id":1445416,"parent_id":null,"timezone":"UTC","active":false,"scope":["host:X","host:Y"],"message":"Example
      Datadog downtime message.","downtime_type":2,"id":750609999,"updater_id":null}'
    headers:
      Cache-Control:
      - no-cache
      Connection:
      - keep-alive
      Content-Security-Policy:
      - frame-ancestors 'self'; report-uri https://api.datadoghq.com/csp-report
      Content-Type:
      - application/json; charset=utf-8
      Date:
      - Fri, 28 Feb 2020 16:40:03 GMT
      Dd-Pool:
      - dogweb
      Pragma:
      - no-cache
      Set-Cookie:
      - DD-PSHARD=233; Max-Age=604800; Path=/; expires=Fri, 06-Mar-2020 16:40:03 GMT;
        secure; HttpOnly
      Strict-Transport-Security:
      - max-age=15724800;
      Vary:
      - Accept-Encoding
      X-Content-Type-Options:
      - nosniff
      X-Dd-Debug:
      - TAg/qKywM5rz/AUGkmt8+wB4wzGMJfSiHOrBzxBctPLsV/erSD5TChi/uo5ZlVXK
      X-Dd-Version:
      - "35.2224896"
      X-Frame-Options:
      - SAMEORIGIN
    status: 200 OK
    code: 200
    duration: ""
- request:
    body: ""
    form: {}
    headers:
      User-Agent:
      - Datadog/dev/terraform (go1.14)
    url: https://api.datadoghq.com/api/v1/downtime/750609999
    method: GET
  response:
    body: '{"recurrence":null,"end":1735765200,"monitor_tags":["foo:bar"],"canceled":null,"monitor_id":null,"org_id":321813,"disabled":false,"start":1735707600,"creator_id":1445416,"parent_id":null,"timezone":"UTC","active":false,"scope":["host:X","host:Y"],"message":"Example
      Datadog downtime message.","downtime_type":2,"id":750609999,"updater_id":null}'
    headers:
      Cache-Control:
      - no-cache
      Connection:
      - keep-alive
      Content-Security-Policy:
      - frame-ancestors 'self'; report-uri https://api.datadoghq.com/csp-report
      Content-Type:
      - application/json; charset=utf-8
      Date:
      - Fri, 28 Feb 2020 16:40:03 GMT
      Dd-Pool:
      - dogweb
      Pragma:
      - no-cache
      Set-Cookie:
      - DD-PSHARD=233; Max-Age=604800; Path=/; expires=Fri, 06-Mar-2020 16:40:03 GMT;
        secure; HttpOnly
      Strict-Transport-Security:
      - max-age=15724800;
      Vary:
      - Accept-Encoding
      X-Content-Type-Options:
      - nosniff
      X-Dd-Debug:
      - IYH6Ubmq2MBSPq8ODr3BCv3hq6/qfjckWAQPmybeluQn4umf0be4fk6ceyy1pnBw
      X-Dd-Version:
      - "35.2224896"
      X-Frame-Options:
      - SAMEORIGIN
    status: 200 OK
    code: 200
    duration: ""
- request:
    body: ""
    form: {}
    headers:
      User-Agent:
      - Datadog/dev/terraform (go1.14)
    url: https://api.datadoghq.com/api/v1/downtime/750609999
    method: GET
  response:
    body: '{"recurrence":null,"end":1735765200,"monitor_tags":["foo:bar"],"canceled":null,"monitor_id":null,"org_id":321813,"disabled":false,"start":1735707600,"creator_id":1445416,"parent_id":null,"timezone":"UTC","active":false,"scope":["host:X","host:Y"],"message":"Example
      Datadog downtime message.","downtime_type":2,"id":750609999,"updater_id":null}'
    headers:
      Cache-Control:
      - no-cache
      Connection:
      - keep-alive
      Content-Security-Policy:
      - frame-ancestors 'self'; report-uri https://api.datadoghq.com/csp-report
      Content-Type:
      - application/json; charset=utf-8
      Date:
      - Fri, 28 Feb 2020 16:40:04 GMT
      Dd-Pool:
      - dogweb
      Pragma:
      - no-cache
      Set-Cookie:
      - DD-PSHARD=233; Max-Age=604800; Path=/; expires=Fri, 06-Mar-2020 16:40:04 GMT;
        secure; HttpOnly
      Strict-Transport-Security:
      - max-age=15724800;
      Vary:
      - Accept-Encoding
      X-Content-Type-Options:
      - nosniff
      X-Dd-Debug:
      - YKF8+1vTI0wiWlB3VWhiMVnZ1RLtV3h2yAW6/TGe9qIMWdYXxsNpy3J4QxfrJoDD
      X-Dd-Version:
      - "35.2224896"
      X-Frame-Options:
      - SAMEORIGIN
    status: 200 OK
    code: 200
    duration: ""
- request:
    body: ""
    form: {}
    headers:
      User-Agent:
      - Datadog/dev/terraform (go1.14)
    url: https://api.datadoghq.com/api/v1/downtime/750609999
    method: GET
  response:
    body: '{"recurrence":null,"end":1735765200,"monitor_tags":["foo:bar"],"canceled":null,"monitor_id":null,"org_id":321813,"disabled":false,"start":1735707600,"creator_id":1445416,"parent_id":null,"timezone":"UTC","active":false,"scope":["host:X","host:Y"],"message":"Example
      Datadog downtime message.","downtime_type":2,"id":750609999,"updater_id":null}'
    headers:
      Cache-Control:
      - no-cache
      Connection:
      - keep-alive
      Content-Security-Policy:
      - frame-ancestors 'self'; report-uri https://api.datadoghq.com/csp-report
      Content-Type:
      - application/json; charset=utf-8
      Date:
      - Fri, 28 Feb 2020 16:40:04 GMT
      Dd-Pool:
      - dogweb
      Pragma:
      - no-cache
      Set-Cookie:
      - DD-PSHARD=233; Max-Age=604800; Path=/; expires=Fri, 06-Mar-2020 16:40:04 GMT;
        secure; HttpOnly
      Strict-Transport-Security:
      - max-age=15724800;
      Vary:
      - Accept-Encoding
      X-Content-Type-Options:
      - nosniff
      X-Dd-Debug:
      - tp1qdVxoUmtlsVp6hgBWraWfL5vEbA116VZkaWKWIZtgPr5Ima8zysCBv+o2WoZ/
      X-Dd-Version:
      - "35.2224896"
      X-Frame-Options:
      - SAMEORIGIN
    status: 200 OK
    code: 200
    duration: ""
- request:
    body: ""
    form: {}
    headers:
      User-Agent:
      - Datadog/dev/terraform (go1.14)
    url: https://api.datadoghq.com/api/v1/downtime/750609999
    method: DELETE
  response:
    body: ""
    headers:
      Cache-Control:
      - no-cache
      Connection:
      - keep-alive
      Content-Length:
      - "0"
      Content-Security-Policy:
      - frame-ancestors 'self'; report-uri https://api.datadoghq.com/csp-report
      Content-Type:
      - text/html; charset=utf-8
      Date:
      - Fri, 28 Feb 2020 16:40:04 GMT
      Dd-Pool:
      - dogweb
      Pragma:
      - no-cache
      Set-Cookie:
      - DD-PSHARD=233; Max-Age=604800; Path=/; expires=Fri, 06-Mar-2020 16:40:04 GMT;
        secure; HttpOnly
      Strict-Transport-Security:
      - max-age=15724800;
      X-Content-Type-Options:
      - nosniff
      X-Dd-Debug:
      - UmZMvwWLI5lgbGFBnw6J7jqO5hwyrvVF8Un8TwZ8TRQQ6jetE/6GVTSaoSUmQWRg
      X-Dd-Version:
      - "35.2224896"
      X-Frame-Options:
      - SAMEORIGIN
    status: 204 No Content
    code: 204
    duration: ""
- request:
    body: ""
    form: {}
    headers:
      User-Agent:
      - Datadog/dev/terraform (go1.14)
    url: https://api.datadoghq.com/api/v1/downtime/750609999
    method: GET
  response:
    body: '{"recurrence":null,"end":1735765200,"monitor_tags":["foo:bar"],"canceled":1582908004,"monitor_id":null,"org_id":321813,"disabled":true,"start":1735707600,"creator_id":1445416,"parent_id":null,"timezone":"UTC","active":false,"scope":["host:X","host:Y"],"message":"Example
      Datadog downtime message.","downtime_type":2,"id":750609999,"updater_id":1445416}'
    headers:
      Cache-Control:
      - no-cache
      Connection:
      - keep-alive
      Content-Security-Policy:
      - frame-ancestors 'self'; report-uri https://api.datadoghq.com/csp-report
      Content-Type:
      - application/json; charset=utf-8
      Date:
      - Fri, 28 Feb 2020 16:40:05 GMT
      Dd-Pool:
      - dogweb
      Pragma:
      - no-cache
      Set-Cookie:
      - DD-PSHARD=233; Max-Age=604800; Path=/; expires=Fri, 06-Mar-2020 16:40:04 GMT;
        secure; HttpOnly
      Strict-Transport-Security:
      - max-age=15724800;
      Vary:
      - Accept-Encoding
      X-Content-Type-Options:
      - nosniff
      X-Dd-Debug:
      - nRZqCODixwNZX0HLyT17WzYwenviVG0rmnZak57k5KsDWun3aWEsPedTsRpiFQxf
      X-Dd-Version:
      - "35.2224896"
      X-Frame-Options:
      - SAMEORIGIN
    status: 200 OK
    code: 200
    duration: ""
