---
version: 1
interactions:
- request:
    body: |
      {"description":"Created using the Datadog provider in Terraform","id":"","is_read_only":true,"layout_type":"ordered","notify_list":[],"template_variable_presets":[],"template_variables":[],"title":"Acceptance Test Top List Widget Dashboard","widgets":[{"definition":{"requests":[{"conditional_formats":[{"comparator":"\u003e","hide_value":false,"palette":"white_on_red","value":15000}],"q":"top(avg:system.core.user{account:prod} by {service,app}, 10, 'sum', 'desc')"}],"time":{"live_span":"1w"},"title":"Avg of system.core.user over account:prod by service,app","title_align":"right","title_size":"16","type":"toplist"}}]}
    form: {}
    headers:
      Accept:
      - application/json
      Content-Type:
      - application/json
      Dd-Operation-Id:
      - CreateDashboard
      User-Agent:
      - datadog-api-client-go/1.0.0-beta.8+dev (go go1.14.4; os darwin; arch amd64)
    url: https://api.datadoghq.com/api/v1/dashboard
    method: POST
  response:
    body: '{"notify_list":[],"description":"Created using the Datadog provider in
      Terraform","author_name":null,"template_variable_presets":[],"template_variables":[],"is_read_only":true,"id":"da9-5hu-6kt","title":"Acceptance
      Test Top List Widget Dashboard","url":"/dashboard/da9-5hu-6kt/acceptance-test-top-list-widget-dashboard","created_at":"2020-07-28T11:56:13.653503+00:00","modified_at":"2020-07-28T11:56:13.653503+00:00","author_handle":"frog@datadoghq.com","widgets":[{"definition":{"title_size":"16","title":"Avg
      of system.core.user over account:prod by service,app","title_align":"right","time":{"live_span":"1w"},"requests":[{"q":"top(avg:system.core.user{account:prod}
      by {service,app}, 10, ''sum'', ''desc'')","conditional_formats":[{"palette":"white_on_red","hide_value":false,"value":15000,"comparator":">"}]}],"type":"toplist"},"id":1552461485973980}],"layout_type":"ordered"}'
    headers:
      Cache-Control:
      - no-cache
      Connection:
      - keep-alive
      Content-Security-Policy:
      - frame-ancestors 'self'; report-uri https://api.datadoghq.com/csp-report
      Content-Type:
      - application/json
      Date:
      - Tue, 28 Jul 2020 11:56:13 GMT
      Dd-Pool:
      - dogweb
      Pragma:
      - no-cache
      Set-Cookie:
      - DD-PSHARD=233; Max-Age=604800; Path=/; expires=Tue, 04-Aug-2020 11:56:13 GMT;
        secure; HttpOnly
      Strict-Transport-Security:
      - max-age=15724800;
      Vary:
      - Accept-Encoding
      X-Content-Type-Options:
      - nosniff
      X-Dd-Debug:
      - fiVLPQ+DAALJUK++7XXRdaS/JPQMm2o3e2xsTpjyvkAXGzEi5RTppv8OzyH60uz5
      X-Dd-Version:
      - "35.2796563"
      X-Frame-Options:
      - SAMEORIGIN
    status: 200 OK
    code: 200
    duration: ""
- request:
    body: ""
    form: {}
    headers:
      Accept:
      - application/json
      Dd-Operation-Id:
      - GetDashboard
      User-Agent:
      - datadog-api-client-go/1.0.0-beta.8+dev (go go1.14.4; os darwin; arch amd64)
    url: https://api.datadoghq.com/api/v1/dashboard/da9-5hu-6kt
    method: GET
  response:
    body: '{"notify_list":[],"description":"Created using the Datadog provider in
      Terraform","author_name":null,"template_variable_presets":[],"template_variables":[],"is_read_only":true,"id":"da9-5hu-6kt","title":"Acceptance
      Test Top List Widget Dashboard","url":"/dashboard/da9-5hu-6kt/acceptance-test-top-list-widget-dashboard","created_at":"2020-07-28T11:56:13.653503+00:00","modified_at":"2020-07-28T11:56:13.653503+00:00","author_handle":"frog@datadoghq.com","widgets":[{"definition":{"title_size":"16","title":"Avg
      of system.core.user over account:prod by service,app","title_align":"right","time":{"live_span":"1w"},"requests":[{"q":"top(avg:system.core.user{account:prod}
      by {service,app}, 10, ''sum'', ''desc'')","conditional_formats":[{"palette":"white_on_red","hide_value":false,"value":15000,"comparator":">"}]}],"type":"toplist"},"id":1552461485973980}],"layout_type":"ordered"}'
    headers:
      Cache-Control:
      - no-cache
      Connection:
      - keep-alive
      Content-Security-Policy:
      - frame-ancestors 'self'; report-uri https://api.datadoghq.com/csp-report
      Content-Type:
      - application/json
      Date:
      - Tue, 28 Jul 2020 11:56:13 GMT
      Dd-Pool:
      - dogweb
      Pragma:
      - no-cache
      Set-Cookie:
      - DD-PSHARD=233; Max-Age=604800; Path=/; expires=Tue, 04-Aug-2020 11:56:13 GMT;
        secure; HttpOnly
      Strict-Transport-Security:
      - max-age=15724800;
      Vary:
      - Accept-Encoding
      X-Content-Type-Options:
      - nosniff
      X-Dd-Debug:
      - XY/VJRKJnMRyvZNFc51L07N32F4I3WljD6kME6P3YUYEeZAvbikyV0ok2BaAU4Ku
      X-Dd-Version:
      - "35.2796563"
      X-Frame-Options:
      - SAMEORIGIN
    status: 200 OK
    code: 200
    duration: ""
- request:
    body: ""
    form: {}
    headers:
      Accept:
      - application/json
      Dd-Operation-Id:
      - GetDashboard
      User-Agent:
      - datadog-api-client-go/1.0.0-beta.8+dev (go go1.14.4; os darwin; arch amd64)
    url: https://api.datadoghq.com/api/v1/dashboard/da9-5hu-6kt
    method: GET
  response:
    body: '{"notify_list":[],"description":"Created using the Datadog provider in
      Terraform","author_name":null,"template_variable_presets":[],"template_variables":[],"is_read_only":true,"id":"da9-5hu-6kt","title":"Acceptance
      Test Top List Widget Dashboard","url":"/dashboard/da9-5hu-6kt/acceptance-test-top-list-widget-dashboard","created_at":"2020-07-28T11:56:13.653503+00:00","modified_at":"2020-07-28T11:56:13.653503+00:00","author_handle":"frog@datadoghq.com","widgets":[{"definition":{"title_size":"16","title":"Avg
      of system.core.user over account:prod by service,app","title_align":"right","time":{"live_span":"1w"},"requests":[{"q":"top(avg:system.core.user{account:prod}
      by {service,app}, 10, ''sum'', ''desc'')","conditional_formats":[{"palette":"white_on_red","hide_value":false,"value":15000,"comparator":">"}]}],"type":"toplist"},"id":1552461485973980}],"layout_type":"ordered"}'
    headers:
      Cache-Control:
      - no-cache
      Connection:
      - keep-alive
      Content-Security-Policy:
      - frame-ancestors 'self'; report-uri https://api.datadoghq.com/csp-report
      Content-Type:
      - application/json
      Date:
      - Tue, 28 Jul 2020 11:56:15 GMT
      Dd-Pool:
      - dogweb
      Pragma:
      - no-cache
      Set-Cookie:
      - DD-PSHARD=233; Max-Age=604800; Path=/; expires=Tue, 04-Aug-2020 11:56:15 GMT;
        secure; HttpOnly
      Strict-Transport-Security:
      - max-age=15724800;
      Vary:
      - Accept-Encoding
      X-Content-Type-Options:
      - nosniff
      X-Dd-Debug:
      - ecUEkZht4CD1AVnLl11y0e6Ag3+R57IucSPvYuwvRFzcUXKBKugClD2Ura/nFzRG
      X-Dd-Version:
      - "35.2796563"
      X-Frame-Options:
      - SAMEORIGIN
    status: 200 OK
    code: 200
    duration: ""
- request:
    body: ""
    form: {}
    headers:
      Accept:
      - application/json
      Dd-Operation-Id:
      - GetDashboard
      User-Agent:
      - datadog-api-client-go/1.0.0-beta.8+dev (go go1.14.4; os darwin; arch amd64)
    url: https://api.datadoghq.com/api/v1/dashboard/da9-5hu-6kt
    method: GET
  response:
    body: '{"notify_list":[],"description":"Created using the Datadog provider in
      Terraform","author_name":null,"template_variable_presets":[],"template_variables":[],"is_read_only":true,"id":"da9-5hu-6kt","title":"Acceptance
      Test Top List Widget Dashboard","url":"/dashboard/da9-5hu-6kt/acceptance-test-top-list-widget-dashboard","created_at":"2020-07-28T11:56:13.653503+00:00","modified_at":"2020-07-28T11:56:13.653503+00:00","author_handle":"frog@datadoghq.com","widgets":[{"definition":{"title_size":"16","title":"Avg
      of system.core.user over account:prod by service,app","title_align":"right","time":{"live_span":"1w"},"requests":[{"q":"top(avg:system.core.user{account:prod}
      by {service,app}, 10, ''sum'', ''desc'')","conditional_formats":[{"palette":"white_on_red","hide_value":false,"value":15000,"comparator":">"}]}],"type":"toplist"},"id":1552461485973980}],"layout_type":"ordered"}'
    headers:
      Cache-Control:
      - no-cache
      Connection:
      - keep-alive
      Content-Security-Policy:
      - frame-ancestors 'self'; report-uri https://api.datadoghq.com/csp-report
      Content-Type:
      - application/json
      Date:
      - Tue, 28 Jul 2020 11:56:15 GMT
      Dd-Pool:
      - dogweb
      Pragma:
      - no-cache
      Set-Cookie:
      - DD-PSHARD=233; Max-Age=604800; Path=/; expires=Tue, 04-Aug-2020 11:56:15 GMT;
        secure; HttpOnly
      Strict-Transport-Security:
      - max-age=15724800;
      Vary:
      - Accept-Encoding
      X-Content-Type-Options:
      - nosniff
      X-Dd-Debug:
      - 70XaWeaQvpcLJhvCTAqT4hHsqdm1UQrPhYlUoOuxIMHjzhNLG/kbMFjSjTsMEqRh
      X-Dd-Version:
      - "35.2796563"
      X-Frame-Options:
      - SAMEORIGIN
    status: 200 OK
    code: 200
    duration: ""
- request:
    body: ""
    form: {}
    headers:
      Accept:
      - application/json
      Dd-Operation-Id:
      - GetDashboard
      User-Agent:
      - datadog-api-client-go/1.0.0-beta.8+dev (go go1.14.4; os darwin; arch amd64)
    url: https://api.datadoghq.com/api/v1/dashboard/da9-5hu-6kt
    method: GET
  response:
    body: '{"notify_list":[],"description":"Created using the Datadog provider in
      Terraform","author_name":null,"template_variable_presets":[],"template_variables":[],"is_read_only":true,"id":"da9-5hu-6kt","title":"Acceptance
      Test Top List Widget Dashboard","url":"/dashboard/da9-5hu-6kt/acceptance-test-top-list-widget-dashboard","created_at":"2020-07-28T11:56:13.653503+00:00","modified_at":"2020-07-28T11:56:13.653503+00:00","author_handle":"frog@datadoghq.com","widgets":[{"definition":{"title_size":"16","title":"Avg
      of system.core.user over account:prod by service,app","title_align":"right","time":{"live_span":"1w"},"requests":[{"q":"top(avg:system.core.user{account:prod}
      by {service,app}, 10, ''sum'', ''desc'')","conditional_formats":[{"palette":"white_on_red","hide_value":false,"value":15000,"comparator":">"}]}],"type":"toplist"},"id":1552461485973980}],"layout_type":"ordered"}'
    headers:
      Cache-Control:
      - no-cache
      Connection:
      - keep-alive
      Content-Security-Policy:
      - frame-ancestors 'self'; report-uri https://api.datadoghq.com/csp-report
      Content-Type:
      - application/json
      Date:
      - Tue, 28 Jul 2020 11:56:16 GMT
      Dd-Pool:
      - dogweb
      Pragma:
      - no-cache
      Set-Cookie:
      - DD-PSHARD=233; Max-Age=604800; Path=/; expires=Tue, 04-Aug-2020 11:56:16 GMT;
        secure; HttpOnly
      Strict-Transport-Security:
      - max-age=15724800;
      Vary:
      - Accept-Encoding
      X-Content-Type-Options:
      - nosniff
      X-Dd-Debug:
      - 0NKmGyvxoU/01+VE4+5ciHt/qhU00FGqdaV53YRG0QEVDHNDHIhr2nlk2iUuC2i4
      X-Dd-Version:
      - "35.2796563"
      X-Frame-Options:
      - SAMEORIGIN
    status: 200 OK
    code: 200
    duration: ""
- request:
    body: ""
    form: {}
    headers:
      Accept:
      - application/json
      Dd-Operation-Id:
      - GetDashboard
      User-Agent:
      - datadog-api-client-go/1.0.0-beta.8+dev (go go1.14.4; os darwin; arch amd64)
    url: https://api.datadoghq.com/api/v1/dashboard/da9-5hu-6kt
    method: GET
  response:
    body: '{"notify_list":[],"description":"Created using the Datadog provider in
      Terraform","author_name":null,"template_variable_presets":[],"template_variables":[],"is_read_only":true,"id":"da9-5hu-6kt","title":"Acceptance
      Test Top List Widget Dashboard","url":"/dashboard/da9-5hu-6kt/acceptance-test-top-list-widget-dashboard","created_at":"2020-07-28T11:56:13.653503+00:00","modified_at":"2020-07-28T11:56:13.653503+00:00","author_handle":"frog@datadoghq.com","widgets":[{"definition":{"title_size":"16","title":"Avg
      of system.core.user over account:prod by service,app","title_align":"right","time":{"live_span":"1w"},"requests":[{"q":"top(avg:system.core.user{account:prod}
      by {service,app}, 10, ''sum'', ''desc'')","conditional_formats":[{"palette":"white_on_red","hide_value":false,"value":15000,"comparator":">"}]}],"type":"toplist"},"id":1552461485973980}],"layout_type":"ordered"}'
    headers:
      Cache-Control:
      - no-cache
      Connection:
      - keep-alive
      Content-Security-Policy:
      - frame-ancestors 'self'; report-uri https://api.datadoghq.com/csp-report
      Content-Type:
      - application/json
      Date:
      - Tue, 28 Jul 2020 11:56:17 GMT
      Dd-Pool:
      - dogweb
      Pragma:
      - no-cache
      Set-Cookie:
      - DD-PSHARD=233; Max-Age=604800; Path=/; expires=Tue, 04-Aug-2020 11:56:17 GMT;
        secure; HttpOnly
      Strict-Transport-Security:
      - max-age=15724800;
      Vary:
      - Accept-Encoding
      X-Content-Type-Options:
      - nosniff
      X-Dd-Debug:
      - qrZlxQE4m/ImvqwGDn01KDV6aNHlMZmGgksP9R5CRsjQDCsKNMILRz2PQI8MyNmz
      X-Dd-Version:
      - "35.2796563"
      X-Frame-Options:
      - SAMEORIGIN
    status: 200 OK
    code: 200
    duration: ""
- request:
    body: ""
    form: {}
    headers:
      Accept:
      - application/json
      Dd-Operation-Id:
      - GetDashboard
      User-Agent:
      - datadog-api-client-go/1.0.0-beta.8+dev (go go1.14.4; os darwin; arch amd64)
    url: https://api.datadoghq.com/api/v1/dashboard/da9-5hu-6kt
    method: GET
  response:
    body: '{"notify_list":[],"description":"Created using the Datadog provider in
      Terraform","author_name":null,"template_variable_presets":[],"template_variables":[],"is_read_only":true,"id":"da9-5hu-6kt","title":"Acceptance
      Test Top List Widget Dashboard","url":"/dashboard/da9-5hu-6kt/acceptance-test-top-list-widget-dashboard","created_at":"2020-07-28T11:56:13.653503+00:00","modified_at":"2020-07-28T11:56:13.653503+00:00","author_handle":"frog@datadoghq.com","widgets":[{"definition":{"title_size":"16","title":"Avg
      of system.core.user over account:prod by service,app","title_align":"right","time":{"live_span":"1w"},"requests":[{"q":"top(avg:system.core.user{account:prod}
      by {service,app}, 10, ''sum'', ''desc'')","conditional_formats":[{"palette":"white_on_red","hide_value":false,"value":15000,"comparator":">"}]}],"type":"toplist"},"id":1552461485973980}],"layout_type":"ordered"}'
    headers:
      Cache-Control:
      - no-cache
      Connection:
      - keep-alive
      Content-Security-Policy:
      - frame-ancestors 'self'; report-uri https://api.datadoghq.com/csp-report
      Content-Type:
      - application/json
      Date:
      - Tue, 28 Jul 2020 11:56:17 GMT
      Dd-Pool:
      - dogweb
      Pragma:
      - no-cache
      Set-Cookie:
      - DD-PSHARD=233; Max-Age=604800; Path=/; expires=Tue, 04-Aug-2020 11:56:17 GMT;
        secure; HttpOnly
      Strict-Transport-Security:
      - max-age=15724800;
      Vary:
      - Accept-Encoding
      X-Content-Type-Options:
      - nosniff
      X-Dd-Debug:
      - fiVLPQ+DAALJUK++7XXRdaS/JPQMm2o3e2xsTpjyvkAXGzEi5RTppv8OzyH60uz5
      X-Dd-Version:
      - "35.2796563"
      X-Frame-Options:
      - SAMEORIGIN
    status: 200 OK
    code: 200
    duration: ""
- request:
    body: ""
    form: {}
    headers:
      Accept:
      - application/json
      Dd-Operation-Id:
      - GetDashboard
      User-Agent:
      - datadog-api-client-go/1.0.0-beta.8+dev (go go1.14.4; os darwin; arch amd64)
    url: https://api.datadoghq.com/api/v1/dashboard/da9-5hu-6kt
    method: GET
  response:
    body: '{"notify_list":[],"description":"Created using the Datadog provider in
      Terraform","author_name":null,"template_variable_presets":[],"template_variables":[],"is_read_only":true,"id":"da9-5hu-6kt","title":"Acceptance
      Test Top List Widget Dashboard","url":"/dashboard/da9-5hu-6kt/acceptance-test-top-list-widget-dashboard","created_at":"2020-07-28T11:56:13.653503+00:00","modified_at":"2020-07-28T11:56:13.653503+00:00","author_handle":"frog@datadoghq.com","widgets":[{"definition":{"title_size":"16","title":"Avg
      of system.core.user over account:prod by service,app","title_align":"right","time":{"live_span":"1w"},"requests":[{"q":"top(avg:system.core.user{account:prod}
      by {service,app}, 10, ''sum'', ''desc'')","conditional_formats":[{"palette":"white_on_red","hide_value":false,"value":15000,"comparator":">"}]}],"type":"toplist"},"id":1552461485973980}],"layout_type":"ordered"}'
    headers:
      Cache-Control:
      - no-cache
      Connection:
      - keep-alive
      Content-Security-Policy:
      - frame-ancestors 'self'; report-uri https://api.datadoghq.com/csp-report
      Content-Type:
      - application/json
      Date:
      - Tue, 28 Jul 2020 11:56:18 GMT
      Dd-Pool:
      - dogweb
      Pragma:
      - no-cache
      Set-Cookie:
      - DD-PSHARD=233; Max-Age=604800; Path=/; expires=Tue, 04-Aug-2020 11:56:18 GMT;
        secure; HttpOnly
      Strict-Transport-Security:
      - max-age=15724800;
      Vary:
      - Accept-Encoding
      X-Content-Type-Options:
      - nosniff
      X-Dd-Debug:
      - XrVF9iGOfdATIczLJsCTqr1ORVJWAydZm12oLZRyDN+lGe5bU8VekbcSMjJ2fj90
      X-Dd-Version:
      - "35.2796563"
      X-Frame-Options:
      - SAMEORIGIN
    status: 200 OK
    code: 200
    duration: ""
- request:
    body: ""
    form: {}
    headers:
      Accept:
      - application/json
      Dd-Operation-Id:
      - GetDashboard
      User-Agent:
      - datadog-api-client-go/1.0.0-beta.8+dev (go go1.14.4; os darwin; arch amd64)
    url: https://api.datadoghq.com/api/v1/dashboard/da9-5hu-6kt
    method: GET
  response:
    body: '{"notify_list":[],"description":"Created using the Datadog provider in
      Terraform","author_name":null,"template_variable_presets":[],"template_variables":[],"is_read_only":true,"id":"da9-5hu-6kt","title":"Acceptance
      Test Top List Widget Dashboard","url":"/dashboard/da9-5hu-6kt/acceptance-test-top-list-widget-dashboard","created_at":"2020-07-28T11:56:13.653503+00:00","modified_at":"2020-07-28T11:56:13.653503+00:00","author_handle":"frog@datadoghq.com","widgets":[{"definition":{"title_size":"16","title":"Avg
      of system.core.user over account:prod by service,app","title_align":"right","time":{"live_span":"1w"},"requests":[{"q":"top(avg:system.core.user{account:prod}
      by {service,app}, 10, ''sum'', ''desc'')","conditional_formats":[{"palette":"white_on_red","hide_value":false,"value":15000,"comparator":">"}]}],"type":"toplist"},"id":1552461485973980}],"layout_type":"ordered"}'
    headers:
      Cache-Control:
      - no-cache
      Connection:
      - keep-alive
      Content-Security-Policy:
      - frame-ancestors 'self'; report-uri https://api.datadoghq.com/csp-report
      Content-Type:
      - application/json
      Date:
      - Tue, 28 Jul 2020 11:56:18 GMT
      Dd-Pool:
      - dogweb
      Pragma:
      - no-cache
      Set-Cookie:
      - DD-PSHARD=233; Max-Age=604800; Path=/; expires=Tue, 04-Aug-2020 11:56:18 GMT;
        secure; HttpOnly
      Strict-Transport-Security:
      - max-age=15724800;
      Vary:
      - Accept-Encoding
      X-Content-Type-Options:
      - nosniff
      X-Dd-Debug:
      - qCeszvMeYSzeuV6ty8hjsagwRu8NBYZ3l6jHQ3CECEBCn4DmAUXcK88SbZaJZB62
      X-Dd-Version:
      - "35.2796563"
      X-Frame-Options:
      - SAMEORIGIN
    status: 200 OK
    code: 200
    duration: ""
- request:
    body: ""
    form: {}
    headers:
      Accept:
      - application/json
      Dd-Operation-Id:
      - DeleteDashboard
      User-Agent:
      - datadog-api-client-go/1.0.0-beta.8+dev (go go1.14.4; os darwin; arch amd64)
    url: https://api.datadoghq.com/api/v1/dashboard/da9-5hu-6kt
    method: DELETE
  response:
    body: '{"deleted_dashboard_id":"da9-5hu-6kt"}'
    headers:
      Cache-Control:
      - no-cache
      Connection:
      - keep-alive
      Content-Security-Policy:
      - frame-ancestors 'self'; report-uri https://api.datadoghq.com/csp-report
      Content-Type:
      - application/json
      Date:
      - Tue, 28 Jul 2020 11:56:37 GMT
      Dd-Pool:
      - dogweb
      Pragma:
      - no-cache
      Set-Cookie:
      - DD-PSHARD=233; Max-Age=604800; Path=/; expires=Tue, 04-Aug-2020 11:56:19 GMT;
        secure; HttpOnly
      Strict-Transport-Security:
      - max-age=15724800;
      Vary:
      - Accept-Encoding
      X-Content-Type-Options:
      - nosniff
      X-Dd-Debug:
      - Va4+Zg00vQfSW+SFC0l08FpTMVLJR09UwcBFJaJdIvNY2N1WrGVXrg7yiSsTNnAc
      X-Dd-Version:
      - "35.2796563"
      X-Frame-Options:
      - SAMEORIGIN
    status: 200 OK
    code: 200
    duration: ""
- request:
    body: ""
    form: {}
    headers:
      Accept:
      - application/json
      Dd-Operation-Id:
      - GetDashboard
      User-Agent:
      - datadog-api-client-go/1.0.0-beta.8+dev (go go1.14.4; os darwin; arch amd64)
    url: https://api.datadoghq.com/api/v1/dashboard/da9-5hu-6kt
    method: GET
  response:
    body: '{"errors": ["Dashboard with ID da9-5hu-6kt not found"]}'
    headers:
      Cache-Control:
      - no-cache
      Connection:
      - keep-alive
      Content-Security-Policy:
      - frame-ancestors 'self'; report-uri https://api.datadoghq.com/csp-report
      Content-Type:
      - application/json
      Date:
      - Tue, 28 Jul 2020 11:56:38 GMT
      Dd-Pool:
      - dogweb
      Pragma:
      - no-cache
      Strict-Transport-Security:
      - max-age=15724800;
      Vary:
      - Accept-Encoding
      X-Content-Type-Options:
      - nosniff
      X-Dd-Version:
      - "35.2796563"
      X-Frame-Options:
      - SAMEORIGIN
    status: 404 Not Found
    code: 404
    duration: ""
