---
version: 1
interactions:
- request:
    body: |
      {"description":"a global variable","name":"TF_TESTACCDATADOGSYNTHETICSGLOBALVARIABLE_BASIC_LOCAL_1612367819","tags":["foo:bar","baz"],"value":{"secure":false,"value":"variable-value"}}
    form: {}
    headers:
      Accept:
      - application/json
      Content-Type:
      - application/json
      Dd-Operation-Id:
      - CreateGlobalVariable
      User-Agent:
      - terraform-provider-datadog/dev (terraform 1.16.0; terraform-cli 0.12.7-sdk)
        datadog-api-client-go/1.0.0-beta.15+dev (go go1.15.3; os darwin; arch amd64)
    url: https://api.datadoghq.com/api/v1/synthetics/variables
    method: POST
  response:
    body: '{"parse_test_extracted_at":null,"description":"a global variable","tags":["foo:bar","baz"],"parse_test_public_id":null,"value":{"secure":false,"value":"variable-value"},"id":"ca2a306a-8f40-43a8-8308-657e4435918a","parse_test_options":null,"name":"TF_TESTACCDATADOGSYNTHETICSGLOBALVARIABLE_BASIC_LOCAL_1612367819","parse_test_name":null,"type":"variable"}'
    headers:
      Cache-Control:
      - no-cache
      Connection:
      - keep-alive
      Content-Security-Policy:
      - frame-ancestors 'self'; report-uri https://api.datadoghq.com/csp-report
      Content-Type:
      - application/json
      Date:
      - Wed, 03 Feb 2021 15:57:07 GMT
      Pragma:
      - no-cache
      Set-Cookie:
      - DD-PSHARD=233; Max-Age=604800; Path=/; expires=Wed, 10-Feb-2021 15:57:07 GMT;
        secure; HttpOnly
      Strict-Transport-Security:
      - max-age=15724800;
      Vary:
      - Accept-Encoding
      X-Content-Type-Options:
      - nosniff
      X-Dd-Debug:
      - gYZcaADwbKcv7Hm19HJx6WsLoKuOijDWAt2viPeCfWqUgyKY+9e1xZdmMJeXV3YV
      X-Dd-Version:
      - "35.3835302"
      X-Frame-Options:
      - SAMEORIGIN
      X-Ratelimit-Limit:
      - "120"
      X-Ratelimit-Period:
      - "60"
      X-Ratelimit-Remaining:
      - "116"
      X-Ratelimit-Reset:
      - "53"
    status: 200 OK
    code: 200
    duration: ""
- request:
    body: ""
    form: {}
    headers:
      Accept:
      - application/json
      Dd-Operation-Id:
      - GetGlobalVariable
      User-Agent:
      - terraform-provider-datadog/dev (terraform 1.16.0; terraform-cli 0.12.7-sdk)
        datadog-api-client-go/1.0.0-beta.15+dev (go go1.15.3; os darwin; arch amd64)
    url: https://api.datadoghq.com/api/v1/synthetics/variables/ca2a306a-8f40-43a8-8308-657e4435918a
    method: GET
  response:
    body: '{"parse_test_extracted_at":null,"description":"a global variable","tags":["foo:bar","baz"],"parse_test_public_id":null,"value":{"secure":false,"value":"variable-value"},"id":"ca2a306a-8f40-43a8-8308-657e4435918a","parse_test_options":null,"name":"TF_TESTACCDATADOGSYNTHETICSGLOBALVARIABLE_BASIC_LOCAL_1612367819","created_at":"2021-02-03T15:57:07.722250+00:00","modified_at":"2021-02-03T15:57:07.722250+00:00","created_by":1445416,"parse_test_name":null,"type":"variable"}'
    headers:
      Cache-Control:
      - no-cache
      Connection:
      - keep-alive
      Content-Security-Policy:
      - frame-ancestors 'self'; report-uri https://api.datadoghq.com/csp-report
      Content-Type:
      - application/json
      Date:
      - Wed, 03 Feb 2021 15:57:07 GMT
      Pragma:
      - no-cache
      Set-Cookie:
      - DD-PSHARD=233; Max-Age=604800; Path=/; expires=Wed, 10-Feb-2021 15:57:07 GMT;
        secure; HttpOnly
      Strict-Transport-Security:
      - max-age=15724800;
      Vary:
      - Accept-Encoding
      X-Content-Type-Options:
      - nosniff
      X-Dd-Debug:
      - HbtaOKlJ6OCrx9tMXO6ivMTrEM+g0c93HDp08trmOmgdHozC5J+vn10F0H4WPjCU
      X-Dd-Version:
      - "35.3835302"
      X-Frame-Options:
      - SAMEORIGIN
      X-Ratelimit-Limit:
      - "120"
      X-Ratelimit-Period:
      - "60"
      X-Ratelimit-Remaining:
      - "96"
      X-Ratelimit-Reset:
      - "53"
    status: 200 OK
    code: 200
    duration: ""
- request:
    body: ""
    form: {}
    headers:
      Accept:
      - application/json
      Dd-Operation-Id:
      - GetGlobalVariable
      User-Agent:
      - terraform-provider-datadog/dev (terraform 1.16.0; terraform-cli 0.12.7-sdk)
        datadog-api-client-go/1.0.0-beta.15+dev (go go1.15.3; os darwin; arch amd64)
    url: https://api.datadoghq.com/api/v1/synthetics/variables/ca2a306a-8f40-43a8-8308-657e4435918a
    method: GET
  response:
    body: '{"parse_test_extracted_at":null,"description":"a global variable","tags":["foo:bar","baz"],"parse_test_public_id":null,"value":{"secure":false,"value":"variable-value"},"id":"ca2a306a-8f40-43a8-8308-657e4435918a","parse_test_options":null,"name":"TF_TESTACCDATADOGSYNTHETICSGLOBALVARIABLE_BASIC_LOCAL_1612367819","created_at":"2021-02-03T15:57:07.722250+00:00","modified_at":"2021-02-03T15:57:07.722250+00:00","created_by":1445416,"parse_test_name":null,"type":"variable"}'
    headers:
      Cache-Control:
      - no-cache
      Connection:
      - keep-alive
      Content-Security-Policy:
      - frame-ancestors 'self'; report-uri https://api.datadoghq.com/csp-report
      Content-Type:
      - application/json
      Date:
      - Wed, 03 Feb 2021 15:57:08 GMT
      Pragma:
      - no-cache
      Set-Cookie:
      - DD-PSHARD=233; Max-Age=604800; Path=/; expires=Wed, 10-Feb-2021 15:57:07 GMT;
        secure; HttpOnly
      Strict-Transport-Security:
      - max-age=15724800;
      Vary:
      - Accept-Encoding
      X-Content-Type-Options:
      - nosniff
      X-Dd-Debug:
      - tpRCH6w417YjBovRJ8VmtuXmNONVYiRp2c8d2AxjPdGBn8PCtgG4vAztrx3qUZAN
      X-Dd-Version:
      - "35.3835302"
      X-Frame-Options:
      - SAMEORIGIN
      X-Ratelimit-Limit:
      - "120"
      X-Ratelimit-Period:
      - "60"
      X-Ratelimit-Remaining:
      - "95"
      X-Ratelimit-Reset:
      - "52"
    status: 200 OK
    code: 200
    duration: ""
- request:
    body: ""
    form: {}
    headers:
      Accept:
      - application/json
      Dd-Operation-Id:
      - GetGlobalVariable
      User-Agent:
      - terraform-provider-datadog/dev (terraform 1.16.0; terraform-cli 0.12.7-sdk)
        datadog-api-client-go/1.0.0-beta.15+dev (go go1.15.3; os darwin; arch amd64)
    url: https://api.datadoghq.com/api/v1/synthetics/variables/ca2a306a-8f40-43a8-8308-657e4435918a
    method: GET
  response:
    body: '{"parse_test_extracted_at":null,"description":"a global variable","tags":["foo:bar","baz"],"parse_test_public_id":null,"value":{"secure":false,"value":"variable-value"},"id":"ca2a306a-8f40-43a8-8308-657e4435918a","parse_test_options":null,"name":"TF_TESTACCDATADOGSYNTHETICSGLOBALVARIABLE_BASIC_LOCAL_1612367819","created_at":"2021-02-03T15:57:07.722250+00:00","modified_at":"2021-02-03T15:57:07.722250+00:00","created_by":1445416,"parse_test_name":null,"type":"variable"}'
    headers:
      Cache-Control:
      - no-cache
      Connection:
      - keep-alive
      Content-Security-Policy:
      - frame-ancestors 'self'; report-uri https://api.datadoghq.com/csp-report
      Content-Type:
      - application/json
      Date:
      - Wed, 03 Feb 2021 15:57:08 GMT
      Pragma:
      - no-cache
      Set-Cookie:
      - DD-PSHARD=233; Max-Age=604800; Path=/; expires=Wed, 10-Feb-2021 15:57:08 GMT;
        secure; HttpOnly
      Strict-Transport-Security:
      - max-age=15724800;
      Vary:
      - Accept-Encoding
      X-Content-Type-Options:
      - nosniff
      X-Dd-Debug:
      - Um4CoU685QqAscnxhS5BD+goWu2yX1Jd4zCfGzSsEvPPIm1qURZaF8dlLl/OEY4I
      X-Dd-Version:
      - "35.3835302"
      X-Frame-Options:
      - SAMEORIGIN
      X-Ratelimit-Limit:
      - "120"
      X-Ratelimit-Period:
      - "60"
      X-Ratelimit-Remaining:
      - "92"
      X-Ratelimit-Reset:
      - "52"
    status: 200 OK
    code: 200
    duration: ""
- request:
    body: ""
    form: {}
    headers:
      Accept:
      - application/json
      Dd-Operation-Id:
      - GetGlobalVariable
      User-Agent:
      - terraform-provider-datadog/dev (terraform 1.16.0; terraform-cli 0.12.7-sdk)
        datadog-api-client-go/1.0.0-beta.15+dev (go go1.15.3; os darwin; arch amd64)
    url: https://api.datadoghq.com/api/v1/synthetics/variables/ca2a306a-8f40-43a8-8308-657e4435918a
    method: GET
  response:
    body: '{"parse_test_extracted_at":null,"description":"a global variable","tags":["foo:bar","baz"],"parse_test_public_id":null,"value":{"secure":false,"value":"variable-value"},"id":"ca2a306a-8f40-43a8-8308-657e4435918a","parse_test_options":null,"name":"TF_TESTACCDATADOGSYNTHETICSGLOBALVARIABLE_BASIC_LOCAL_1612367819","created_at":"2021-02-03T15:57:07.722250+00:00","modified_at":"2021-02-03T15:57:07.722250+00:00","created_by":1445416,"parse_test_name":null,"type":"variable"}'
    headers:
      Cache-Control:
      - no-cache
      Connection:
      - keep-alive
      Content-Security-Policy:
      - frame-ancestors 'self'; report-uri https://api.datadoghq.com/csp-report
      Content-Type:
      - application/json
      Date:
      - Wed, 03 Feb 2021 15:57:08 GMT
      Pragma:
      - no-cache
      Set-Cookie:
      - DD-PSHARD=233; Max-Age=604800; Path=/; expires=Wed, 10-Feb-2021 15:57:08 GMT;
        secure; HttpOnly
      Strict-Transport-Security:
      - max-age=15724800;
      Vary:
      - Accept-Encoding
      X-Content-Type-Options:
      - nosniff
      X-Dd-Debug:
      - twvpGlmuom5y6A0pjGtXzTf554cmwJgTcCZ71fK4H/RDi+v5ehBK0zQiRcTJQG5C
      X-Dd-Version:
      - "35.3835302"
      X-Frame-Options:
      - SAMEORIGIN
      X-Ratelimit-Limit:
      - "120"
      X-Ratelimit-Period:
      - "60"
      X-Ratelimit-Remaining:
      - "89"
      X-Ratelimit-Reset:
      - "52"
    status: 200 OK
    code: 200
    duration: ""
- request:
    body: ""
    form: {}
    headers:
      Accept:
      - application/json
      Dd-Operation-Id:
      - DeleteGlobalVariable
      User-Agent:
      - terraform-provider-datadog/dev (terraform 1.16.0; terraform-cli 0.12.7-sdk)
        datadog-api-client-go/1.0.0-beta.15+dev (go go1.15.3; os darwin; arch amd64)
    url: https://api.datadoghq.com/api/v1/synthetics/variables/ca2a306a-8f40-43a8-8308-657e4435918a
    method: DELETE
  response:
    body: "null"
    headers:
      Cache-Control:
      - no-cache
      Connection:
      - keep-alive
      Content-Length:
      - "4"
      Content-Security-Policy:
      - frame-ancestors 'self'; report-uri https://api.datadoghq.com/csp-report
      Content-Type:
      - application/json
      Date:
      - Wed, 03 Feb 2021 15:57:08 GMT
      Pragma:
      - no-cache
      Set-Cookie:
      - DD-PSHARD=233; Max-Age=604800; Path=/; expires=Wed, 10-Feb-2021 15:57:08 GMT;
        secure; HttpOnly
      Strict-Transport-Security:
      - max-age=15724800;
      X-Content-Type-Options:
      - nosniff
      X-Dd-Debug:
      - dPySkcOzIZtKyMKDAAzuysY3gNGGj6RtYogGuSb76E8mPvoqzREyRp6lPYm91hQU
      X-Dd-Version:
      - "35.3835302"
      X-Frame-Options:
      - SAMEORIGIN
      X-Ratelimit-Limit:
      - "120"
      X-Ratelimit-Period:
      - "60"
      X-Ratelimit-Remaining:
      - "116"
      X-Ratelimit-Reset:
      - "52"
    status: 200 OK
    code: 200
    duration: ""
- request:
    body: ""
    form: {}
    headers:
      Accept:
      - application/json
      Dd-Operation-Id:
      - GetGlobalVariable
      User-Agent:
      - terraform-provider-datadog/dev (terraform 1.16.0; terraform-cli 0.12.7-sdk)
        datadog-api-client-go/1.0.0-beta.15+dev (go go1.15.3; os darwin; arch amd64)
    url: https://api.datadoghq.com/api/v1/synthetics/variables/ca2a306a-8f40-43a8-8308-657e4435918a
    method: GET
  response:
    body: '{"errors": ["Synthetics variable not found"]}'
    headers:
      Cache-Control:
      - no-cache
      Connection:
      - keep-alive
      Content-Security-Policy:
      - frame-ancestors 'self'; report-uri https://api.datadoghq.com/csp-report
      Content-Type:
      - application/json
      Date:
      - Wed, 03 Feb 2021 15:57:09 GMT
      Pragma:
      - no-cache
      Strict-Transport-Security:
      - max-age=15724800;
      Vary:
      - Accept-Encoding
      X-Content-Type-Options:
      - nosniff
      X-Dd-Version:
      - "35.3835302"
      X-Frame-Options:
      - SAMEORIGIN
      X-Ratelimit-Limit:
      - "120"
      X-Ratelimit-Period:
      - "60"
      X-Ratelimit-Remaining:
      - "85"
      X-Ratelimit-Reset:
      - "51"
    status: 404 Not Found
    code: 404
    duration: ""
