---
version: 1
interactions:
- request:
    body: |
      {"config":{"assertions":[{"operator":"contains","property":"content-type","target":"application/json","type":"header"}],"configVariables":[],"request":{"method":"GET","timeout":30,"url":"https://www.datadoghq.com"},"variables":[]},"locations":["aws:eu-central-1"],"message":"","name":"TF_TESTACCDATADOGSYNTHETICSGLOBALVARIABLEFROMTEST_BASIC_LOCAL_1612367819","options":{"follow_redirects":true,"min_location_failed":1,"monitor_options":{"renotify_interval":100},"tick_every":60},"status":"paused","subtype":"http","tags":[],"type":"api"}
    form: {}
    headers:
      Accept:
      - application/json
      Content-Type:
      - application/json
      Dd-Operation-Id:
      - CreateTest
      User-Agent:
      - terraform-provider-datadog/dev (terraform 1.16.0; terraform-cli 0.12.7-sdk)
        datadog-api-client-go/1.0.0-beta.15+dev (go go1.15.3; os darwin; arch amd64)
    url: https://api.datadoghq.com/api/v1/synthetics/tests
    method: POST
  response:
    body: '{"status":"paused","public_id":"j7w-i5r-znh","tags":[],"org_id":321813,"locations":["aws:eu-central-1"],"message":"","deleted_at":null,"name":"TF_TESTACCDATADOGSYNTHETICSGLOBALVARIABLEFROMTEST_BASIC_LOCAL_1612367819","monitor_id":29767418,"type":"api","created_at":"2021-02-03T15:57:04.666255+00:00","modified_at":"2021-02-03T15:57:04.666255+00:00","subtype":"http","config":{"variables":[],"request":{"url":"https://www.datadoghq.com","method":"GET","timeout":30},"assertions":[{"operator":"contains","property":"content-type","type":"header","target":"application/json"}],"configVariables":[]},"options":{"follow_redirects":true,"monitor_options":{"notify_audit":false,"locked":false,"include_tags":true,"new_host_delay":300,"notify_no_data":false,"renotify_interval":100},"min_location_failed":1,"tick_every":60}}'
    headers:
      Cache-Control:
      - no-cache
      Connection:
      - keep-alive
      Content-Security-Policy:
      - frame-ancestors 'self'; report-uri https://api.datadoghq.com/csp-report
      Content-Type:
      - application/json
      Date:
      - Wed, 03 Feb 2021 15:57:04 GMT
      Pragma:
      - no-cache
      Set-Cookie:
      - DD-PSHARD=233; Max-Age=604800; Path=/; expires=Wed, 10-Feb-2021 15:57:04 GMT;
        secure; HttpOnly
      Strict-Transport-Security:
      - max-age=15724800;
      Vary:
      - Accept-Encoding
      X-Content-Type-Options:
      - nosniff
      X-Dd-Debug:
      - PhosSd3Ch1B6B0DXI71steKUi7XhPDttnPiIP1NdXTw0VJNWpoUnYyBmODS5ne3q
      X-Dd-Version:
      - "35.3835302"
      X-Frame-Options:
      - SAMEORIGIN
      X-Ratelimit-Limit:
      - "120"
      X-Ratelimit-Period:
      - "60"
      X-Ratelimit-Remaining:
      - "113"
      X-Ratelimit-Reset:
      - "56"
    status: 200 OK
    code: 200
    duration: ""
- request:
    body: ""
    form: {}
    headers:
      Accept:
      - application/json
      Dd-Operation-Id:
      - GetTest
      User-Agent:
      - terraform-provider-datadog/dev (terraform 1.16.0; terraform-cli 0.12.7-sdk)
        datadog-api-client-go/1.0.0-beta.15+dev (go go1.15.3; os darwin; arch amd64)
    url: https://api.datadoghq.com/api/v1/synthetics/tests/j7w-i5r-znh
    method: GET
  response:
    body: '{"status":"paused","public_id":"j7w-i5r-znh","tags":[],"locations":["aws:eu-central-1"],"message":"","name":"TF_TESTACCDATADOGSYNTHETICSGLOBALVARIABLEFROMTEST_BASIC_LOCAL_1612367819","monitor_id":29767418,"type":"api","subtype":"http","config":{"variables":[],"request":{"url":"https://www.datadoghq.com","method":"GET","timeout":30},"assertions":[{"operator":"contains","property":"content-type","type":"header","target":"application/json"}],"configVariables":[]},"options":{"follow_redirects":true,"monitor_options":{"notify_audit":false,"locked":false,"include_tags":true,"new_host_delay":300,"notify_no_data":false,"renotify_interval":100},"min_location_failed":1,"tick_every":60}}'
    headers:
      Cache-Control:
      - no-cache
      Connection:
      - keep-alive
      Content-Security-Policy:
      - frame-ancestors 'self'; report-uri https://api.datadoghq.com/csp-report
      Content-Type:
      - application/json
      Date:
      - Wed, 03 Feb 2021 15:57:04 GMT
      Pragma:
      - no-cache
      Set-Cookie:
      - DD-PSHARD=233; Max-Age=604800; Path=/; expires=Wed, 10-Feb-2021 15:57:04 GMT;
        secure; HttpOnly
      Strict-Transport-Security:
      - max-age=15724800;
      Vary:
      - Accept-Encoding
      X-Content-Type-Options:
      - nosniff
      X-Dd-Debug:
      - B1nwy/pPNqX+q4pQT22cdp1QCexE35IF8qwSHy0Nf7IW0Y881qtn4tXN1lpmzaKc
      X-Dd-Version:
      - "35.3835302"
      X-Frame-Options:
      - SAMEORIGIN
      X-Ratelimit-Limit:
      - "1000"
      X-Ratelimit-Period:
      - "60"
      X-Ratelimit-Remaining:
      - "920"
      X-Ratelimit-Reset:
      - "56"
    status: 200 OK
    code: 200
    duration: ""
- request:
    body: |
      {"description":"a global variable from http test","name":"TF_TESTACCDATADOGSYNTHETICSGLOBALVARIABLEFROMTEST_BASIC_LOCAL_1612367819","parse_test_options":{"field":"content-type","parser":{"type":"regex","value":".*"},"type":"http_header"},"parse_test_public_id":"j7w-i5r-znh","tags":["foo:bar","baz"],"value":{"secure":false,"value":""}}
    form: {}
    headers:
      Accept:
      - application/json
      Content-Type:
      - application/json
      Dd-Operation-Id:
      - CreateGlobalVariable
      User-Agent:
      - terraform-provider-datadog/dev (terraform 1.16.0; terraform-cli 0.12.7-sdk)
        datadog-api-client-go/1.0.0-beta.15+dev (go go1.15.3; os darwin; arch amd64)
    url: https://api.datadoghq.com/api/v1/synthetics/variables
    method: POST
  response:
    body: '{"parse_test_extracted_at":null,"description":"a global variable from http
      test","tags":["foo:bar","baz"],"parse_test_public_id":"j7w-i5r-znh","value":{"secure":false,"value":""},"id":"e376aefa-9695-4031-a695-fcc37f1ad62d","parse_test_options":{"field":"content-type","parser":{"type":"regex","value":".*"},"type":"http_header"},"name":"TF_TESTACCDATADOGSYNTHETICSGLOBALVARIABLEFROMTEST_BASIC_LOCAL_1612367819","parse_test_name":null,"type":"variable"}'
    headers:
      Cache-Control:
      - no-cache
      Connection:
      - keep-alive
      Content-Security-Policy:
      - frame-ancestors 'self'; report-uri https://api.datadoghq.com/csp-report
      Content-Type:
      - application/json
      Date:
      - Wed, 03 Feb 2021 15:57:04 GMT
      Pragma:
      - no-cache
      Set-Cookie:
      - DD-PSHARD=233; Max-Age=604800; Path=/; expires=Wed, 10-Feb-2021 15:57:04 GMT;
        secure; HttpOnly
      Strict-Transport-Security:
      - max-age=15724800;
      Vary:
      - Accept-Encoding
      X-Content-Type-Options:
      - nosniff
      X-Dd-Debug:
      - LcgNasIYBRkNppmD6mCKE9J6iv0eEjosuuHR5V5zw2fWbR54i39C8dhdK8zDq/40
      X-Dd-Version:
      - "35.3835302"
      X-Frame-Options:
      - SAMEORIGIN
      X-Ratelimit-Limit:
      - "120"
      X-Ratelimit-Period:
      - "60"
      X-Ratelimit-Remaining:
      - "117"
      X-Ratelimit-Reset:
      - "56"
    status: 200 OK
    code: 200
    duration: ""
- request:
    body: ""
    form: {}
    headers:
      Accept:
      - application/json
      Dd-Operation-Id:
      - GetGlobalVariable
      User-Agent:
      - terraform-provider-datadog/dev (terraform 1.16.0; terraform-cli 0.12.7-sdk)
        datadog-api-client-go/1.0.0-beta.15+dev (go go1.15.3; os darwin; arch amd64)
    url: https://api.datadoghq.com/api/v1/synthetics/variables/e376aefa-9695-4031-a695-fcc37f1ad62d
    method: GET
  response:
    body: '{"parse_test_extracted_at":null,"description":"a global variable from http
      test","tags":["foo:bar","baz"],"parse_test_public_id":"j7w-i5r-znh","value":{"secure":false,"value":""},"id":"e376aefa-9695-4031-a695-fcc37f1ad62d","parse_test_options":{"field":"content-type","parser":{"type":"regex","value":".*"},"type":"http_header"},"name":"TF_TESTACCDATADOGSYNTHETICSGLOBALVARIABLEFROMTEST_BASIC_LOCAL_1612367819","created_at":"2021-02-03T15:57:04.953107+00:00","modified_at":"2021-02-03T15:57:04.953107+00:00","created_by":1445416,"parse_test_name":null,"type":"variable"}'
    headers:
      Cache-Control:
      - no-cache
      Connection:
      - keep-alive
      Content-Security-Policy:
      - frame-ancestors 'self'; report-uri https://api.datadoghq.com/csp-report
      Content-Type:
      - application/json
      Date:
      - Wed, 03 Feb 2021 15:57:05 GMT
      Pragma:
      - no-cache
      Set-Cookie:
      - DD-PSHARD=233; Max-Age=604800; Path=/; expires=Wed, 10-Feb-2021 15:57:05 GMT;
        secure; HttpOnly
      Strict-Transport-Security:
      - max-age=15724800;
      Vary:
      - Accept-Encoding
      X-Content-Type-Options:
      - nosniff
      X-Dd-Debug:
      - dCmL/3rURV6BPeaqeP3Rxigq41m5CAb17XjrRE42uZ01zpr07HVhbL5/3TWMkvgu
      X-Dd-Version:
      - "35.3835302"
      X-Frame-Options:
      - SAMEORIGIN
      X-Ratelimit-Limit:
      - "120"
      X-Ratelimit-Period:
      - "60"
      X-Ratelimit-Remaining:
      - "110"
      X-Ratelimit-Reset:
      - "55"
    status: 200 OK
    code: 200
    duration: ""
- request:
    body: ""
    form: {}
    headers:
      Accept:
      - application/json
      Dd-Operation-Id:
      - GetTest
      User-Agent:
      - terraform-provider-datadog/dev (terraform 1.16.0; terraform-cli 0.12.7-sdk)
        datadog-api-client-go/1.0.0-beta.15+dev (go go1.15.3; os darwin; arch amd64)
    url: https://api.datadoghq.com/api/v1/synthetics/tests/j7w-i5r-znh
    method: GET
  response:
    body: '{"status":"paused","public_id":"j7w-i5r-znh","tags":[],"locations":["aws:eu-central-1"],"message":"","name":"TF_TESTACCDATADOGSYNTHETICSGLOBALVARIABLEFROMTEST_BASIC_LOCAL_1612367819","monitor_id":29767418,"type":"api","subtype":"http","config":{"variables":[],"request":{"url":"https://www.datadoghq.com","method":"GET","timeout":30},"assertions":[{"operator":"contains","property":"content-type","type":"header","target":"application/json"}],"configVariables":[]},"options":{"follow_redirects":true,"monitor_options":{"notify_audit":false,"locked":false,"include_tags":true,"new_host_delay":300,"notify_no_data":false,"renotify_interval":100},"tick_every":60,"min_location_failed":1}}'
    headers:
      Cache-Control:
      - no-cache
      Connection:
      - keep-alive
      Content-Security-Policy:
      - frame-ancestors 'self'; report-uri https://api.datadoghq.com/csp-report
      Content-Type:
      - application/json
      Date:
      - Wed, 03 Feb 2021 15:57:05 GMT
      Pragma:
      - no-cache
      Set-Cookie:
      - DD-PSHARD=233; Max-Age=604800; Path=/; expires=Wed, 10-Feb-2021 15:57:05 GMT;
        secure; HttpOnly
      Strict-Transport-Security:
      - max-age=15724800;
      Vary:
      - Accept-Encoding
      X-Content-Type-Options:
      - nosniff
      X-Dd-Debug:
      - LcgNasIYBRkNppmD6mCKE9J6iv0eEjosuuHR5V5zw2fWbR54i39C8dhdK8zDq/40
      X-Dd-Version:
      - "35.3835302"
      X-Frame-Options:
      - SAMEORIGIN
      X-Ratelimit-Limit:
      - "1000"
      X-Ratelimit-Period:
      - "60"
      X-Ratelimit-Remaining:
      - "914"
      X-Ratelimit-Reset:
      - "55"
    status: 200 OK
    code: 200
    duration: ""
- request:
    body: ""
    form: {}
    headers:
      Accept:
      - application/json
      Dd-Operation-Id:
      - GetGlobalVariable
      User-Agent:
      - terraform-provider-datadog/dev (terraform 1.16.0; terraform-cli 0.12.7-sdk)
        datadog-api-client-go/1.0.0-beta.15+dev (go go1.15.3; os darwin; arch amd64)
    url: https://api.datadoghq.com/api/v1/synthetics/variables/e376aefa-9695-4031-a695-fcc37f1ad62d
    method: GET
  response:
    body: '{"parse_test_extracted_at":null,"description":"a global variable from http
      test","tags":["foo:bar","baz"],"parse_test_public_id":"j7w-i5r-znh","value":{"secure":false,"value":""},"id":"e376aefa-9695-4031-a695-fcc37f1ad62d","parse_test_options":{"field":"content-type","parser":{"type":"regex","value":".*"},"type":"http_header"},"name":"TF_TESTACCDATADOGSYNTHETICSGLOBALVARIABLEFROMTEST_BASIC_LOCAL_1612367819","created_at":"2021-02-03T15:57:04.953107+00:00","modified_at":"2021-02-03T15:57:04.953107+00:00","created_by":1445416,"parse_test_name":null,"type":"variable"}'
    headers:
      Cache-Control:
      - no-cache
      Connection:
      - keep-alive
      Content-Security-Policy:
      - frame-ancestors 'self'; report-uri https://api.datadoghq.com/csp-report
      Content-Type:
      - application/json
      Date:
      - Wed, 03 Feb 2021 15:57:05 GMT
      Pragma:
      - no-cache
      Set-Cookie:
      - DD-PSHARD=233; Max-Age=604800; Path=/; expires=Wed, 10-Feb-2021 15:57:05 GMT;
        secure; HttpOnly
      Strict-Transport-Security:
      - max-age=15724800;
      Vary:
      - Accept-Encoding
      X-Content-Type-Options:
      - nosniff
      X-Dd-Debug:
      - SY1h8ScsWq+kYmtbh63ltMLFAZsQjqfrgvdfAoRX+9TzT1sgMBRYaFRwfWWRRe9a
      X-Dd-Version:
      - "35.3835302"
      X-Frame-Options:
      - SAMEORIGIN
      X-Ratelimit-Limit:
      - "120"
      X-Ratelimit-Period:
      - "60"
      X-Ratelimit-Remaining:
      - "108"
      X-Ratelimit-Reset:
      - "55"
    status: 200 OK
    code: 200
    duration: ""
- request:
    body: ""
    form: {}
    headers:
      Accept:
      - application/json
      Dd-Operation-Id:
      - GetTest
      User-Agent:
      - terraform-provider-datadog/dev (terraform 1.16.0; terraform-cli 0.12.7-sdk)
        datadog-api-client-go/1.0.0-beta.15+dev (go go1.15.3; os darwin; arch amd64)
    url: https://api.datadoghq.com/api/v1/synthetics/tests/j7w-i5r-znh
    method: GET
  response:
    body: '{"status":"paused","public_id":"j7w-i5r-znh","tags":[],"locations":["aws:eu-central-1"],"message":"","name":"TF_TESTACCDATADOGSYNTHETICSGLOBALVARIABLEFROMTEST_BASIC_LOCAL_1612367819","monitor_id":29767418,"type":"api","subtype":"http","config":{"variables":[],"request":{"url":"https://www.datadoghq.com","method":"GET","timeout":30},"assertions":[{"operator":"contains","property":"content-type","type":"header","target":"application/json"}],"configVariables":[]},"options":{"follow_redirects":true,"monitor_options":{"notify_audit":false,"locked":false,"include_tags":true,"new_host_delay":300,"notify_no_data":false,"renotify_interval":100},"tick_every":60,"min_location_failed":1}}'
    headers:
      Cache-Control:
      - no-cache
      Connection:
      - keep-alive
      Content-Security-Policy:
      - frame-ancestors 'self'; report-uri https://api.datadoghq.com/csp-report
      Content-Type:
      - application/json
      Date:
      - Wed, 03 Feb 2021 15:57:05 GMT
      Pragma:
      - no-cache
      Set-Cookie:
      - DD-PSHARD=233; Max-Age=604800; Path=/; expires=Wed, 10-Feb-2021 15:57:05 GMT;
        secure; HttpOnly
      Strict-Transport-Security:
      - max-age=15724800;
      Vary:
      - Accept-Encoding
      X-Content-Type-Options:
      - nosniff
      X-Dd-Debug:
      - JpIJLwIH2nFlZOC+u71rq7aAOL43MLZN3MUsL+gpYHdZz5QLUOG8Jysf8kVK6tPU
      X-Dd-Version:
      - "35.3835302"
      X-Frame-Options:
      - SAMEORIGIN
      X-Ratelimit-Limit:
      - "1000"
      X-Ratelimit-Period:
      - "60"
      X-Ratelimit-Remaining:
      - "911"
      X-Ratelimit-Reset:
      - "55"
    status: 200 OK
    code: 200
    duration: ""
- request:
    body: ""
    form: {}
    headers:
      Accept:
      - application/json
      Dd-Operation-Id:
      - GetGlobalVariable
      User-Agent:
      - terraform-provider-datadog/dev (terraform 1.16.0; terraform-cli 0.12.7-sdk)
        datadog-api-client-go/1.0.0-beta.15+dev (go go1.15.3; os darwin; arch amd64)
    url: https://api.datadoghq.com/api/v1/synthetics/variables/e376aefa-9695-4031-a695-fcc37f1ad62d
    method: GET
  response:
    body: '{"parse_test_extracted_at":null,"description":"a global variable from http
      test","tags":["foo:bar","baz"],"parse_test_public_id":"j7w-i5r-znh","value":{"secure":false,"value":""},"id":"e376aefa-9695-4031-a695-fcc37f1ad62d","parse_test_options":{"field":"content-type","parser":{"type":"regex","value":".*"},"type":"http_header"},"name":"TF_TESTACCDATADOGSYNTHETICSGLOBALVARIABLEFROMTEST_BASIC_LOCAL_1612367819","created_at":"2021-02-03T15:57:04.953107+00:00","modified_at":"2021-02-03T15:57:04.953107+00:00","created_by":1445416,"parse_test_name":null,"type":"variable"}'
    headers:
      Cache-Control:
      - no-cache
      Connection:
      - keep-alive
      Content-Security-Policy:
      - frame-ancestors 'self'; report-uri https://api.datadoghq.com/csp-report
      Content-Type:
      - application/json
      Date:
      - Wed, 03 Feb 2021 15:57:05 GMT
      Pragma:
      - no-cache
      Set-Cookie:
      - DD-PSHARD=233; Max-Age=604800; Path=/; expires=Wed, 10-Feb-2021 15:57:05 GMT;
        secure; HttpOnly
      Strict-Transport-Security:
      - max-age=15724800;
      Vary:
      - Accept-Encoding
      X-Content-Type-Options:
      - nosniff
      X-Dd-Debug:
      - Wjq53IVIwnB4SiR238oOYgHFMq/ZYP0LQ/Dv8C2fFLBwTje/dWJHu6pI6vIOK1zG
      X-Dd-Version:
      - "35.3835302"
      X-Frame-Options:
      - SAMEORIGIN
      X-Ratelimit-Limit:
      - "120"
      X-Ratelimit-Period:
      - "60"
      X-Ratelimit-Remaining:
      - "105"
      X-Ratelimit-Reset:
      - "55"
    status: 200 OK
    code: 200
    duration: ""
- request:
    body: ""
    form: {}
    headers:
      Accept:
      - application/json
      Dd-Operation-Id:
      - GetTest
      User-Agent:
      - terraform-provider-datadog/dev (terraform 1.16.0; terraform-cli 0.12.7-sdk)
        datadog-api-client-go/1.0.0-beta.15+dev (go go1.15.3; os darwin; arch amd64)
    url: https://api.datadoghq.com/api/v1/synthetics/tests/j7w-i5r-znh
    method: GET
  response:
    body: '{"status":"paused","public_id":"j7w-i5r-znh","tags":[],"locations":["aws:eu-central-1"],"message":"","name":"TF_TESTACCDATADOGSYNTHETICSGLOBALVARIABLEFROMTEST_BASIC_LOCAL_1612367819","monitor_id":29767418,"type":"api","subtype":"http","config":{"variables":[],"request":{"url":"https://www.datadoghq.com","method":"GET","timeout":30},"assertions":[{"operator":"contains","property":"content-type","type":"header","target":"application/json"}],"configVariables":[]},"options":{"follow_redirects":true,"monitor_options":{"notify_audit":false,"locked":false,"include_tags":true,"new_host_delay":300,"notify_no_data":false,"renotify_interval":100},"tick_every":60,"min_location_failed":1}}'
    headers:
      Cache-Control:
      - no-cache
      Connection:
      - keep-alive
      Content-Security-Policy:
      - frame-ancestors 'self'; report-uri https://api.datadoghq.com/csp-report
      Content-Type:
      - application/json
      Date:
      - Wed, 03 Feb 2021 15:57:06 GMT
      Pragma:
      - no-cache
      Set-Cookie:
      - DD-PSHARD=233; Max-Age=604800; Path=/; expires=Wed, 10-Feb-2021 15:57:06 GMT;
        secure; HttpOnly
      Strict-Transport-Security:
      - max-age=15724800;
      Vary:
      - Accept-Encoding
      X-Content-Type-Options:
      - nosniff
      X-Dd-Debug:
      - LcgNasIYBRkNppmD6mCKE9J6iv0eEjosuuHR5V5zw2fWbR54i39C8dhdK8zDq/40
      X-Dd-Version:
      - "35.3835302"
      X-Frame-Options:
      - SAMEORIGIN
      X-Ratelimit-Limit:
      - "1000"
      X-Ratelimit-Period:
      - "60"
      X-Ratelimit-Remaining:
      - "903"
      X-Ratelimit-Reset:
      - "54"
    status: 200 OK
    code: 200
    duration: ""
- request:
    body: ""
    form: {}
    headers:
      Accept:
      - application/json
      Dd-Operation-Id:
      - GetGlobalVariable
      User-Agent:
      - terraform-provider-datadog/dev (terraform 1.16.0; terraform-cli 0.12.7-sdk)
        datadog-api-client-go/1.0.0-beta.15+dev (go go1.15.3; os darwin; arch amd64)
    url: https://api.datadoghq.com/api/v1/synthetics/variables/e376aefa-9695-4031-a695-fcc37f1ad62d
    method: GET
  response:
    body: '{"parse_test_extracted_at":null,"description":"a global variable from http
      test","tags":["foo:bar","baz"],"parse_test_public_id":"j7w-i5r-znh","value":{"secure":false,"value":""},"id":"e376aefa-9695-4031-a695-fcc37f1ad62d","parse_test_options":{"field":"content-type","parser":{"type":"regex","value":".*"},"type":"http_header"},"name":"TF_TESTACCDATADOGSYNTHETICSGLOBALVARIABLEFROMTEST_BASIC_LOCAL_1612367819","created_at":"2021-02-03T15:57:04.953107+00:00","modified_at":"2021-02-03T15:57:04.953107+00:00","created_by":1445416,"parse_test_name":null,"type":"variable"}'
    headers:
      Cache-Control:
      - no-cache
      Connection:
      - keep-alive
      Content-Security-Policy:
      - frame-ancestors 'self'; report-uri https://api.datadoghq.com/csp-report
      Content-Type:
      - application/json
      Date:
      - Wed, 03 Feb 2021 15:57:06 GMT
      Pragma:
      - no-cache
      Set-Cookie:
      - DD-PSHARD=233; Max-Age=604800; Path=/; expires=Wed, 10-Feb-2021 15:57:06 GMT;
        secure; HttpOnly
      Strict-Transport-Security:
      - max-age=15724800;
      Vary:
      - Accept-Encoding
      X-Content-Type-Options:
      - nosniff
      X-Dd-Debug:
      - vdJ3/nHEY1ioXQ6pQrBVvsQK1s4yyc+wufBMPSoXql71qZVuP/xMdtNo6DafhOAk
      X-Dd-Version:
      - "35.3835302"
      X-Frame-Options:
      - SAMEORIGIN
      X-Ratelimit-Limit:
      - "120"
      X-Ratelimit-Period:
      - "60"
      X-Ratelimit-Remaining:
      - "103"
      X-Ratelimit-Reset:
      - "54"
    status: 200 OK
    code: 200
    duration: ""
- request:
    body: ""
    form: {}
    headers:
      Accept:
      - application/json
      Dd-Operation-Id:
      - DeleteGlobalVariable
      User-Agent:
      - terraform-provider-datadog/dev (terraform 1.16.0; terraform-cli 0.12.7-sdk)
        datadog-api-client-go/1.0.0-beta.15+dev (go go1.15.3; os darwin; arch amd64)
    url: https://api.datadoghq.com/api/v1/synthetics/variables/e376aefa-9695-4031-a695-fcc37f1ad62d
    method: DELETE
  response:
    body: "null"
    headers:
      Cache-Control:
      - no-cache
      Connection:
      - keep-alive
      Content-Length:
      - "4"
      Content-Security-Policy:
      - frame-ancestors 'self'; report-uri https://api.datadoghq.com/csp-report
      Content-Type:
      - application/json
      Date:
      - Wed, 03 Feb 2021 15:57:06 GMT
      Pragma:
      - no-cache
      Set-Cookie:
      - DD-PSHARD=233; Max-Age=604800; Path=/; expires=Wed, 10-Feb-2021 15:57:06 GMT;
        secure; HttpOnly
      Strict-Transport-Security:
      - max-age=15724800;
      X-Content-Type-Options:
      - nosniff
      X-Dd-Debug:
      - bgHykj7A9bfZx0Y5ZO3swhhp5tGUSNJHqFWR868+qg087CYrDOd5hQslC+noiEtH
      X-Dd-Version:
      - "35.3835302"
      X-Frame-Options:
      - SAMEORIGIN
      X-Ratelimit-Limit:
      - "120"
      X-Ratelimit-Period:
      - "60"
      X-Ratelimit-Remaining:
      - "118"
      X-Ratelimit-Reset:
      - "54"
    status: 200 OK
    code: 200
    duration: ""
- request:
    body: |
      {"public_ids":["j7w-i5r-znh"]}
    form: {}
    headers:
      Accept:
      - application/json
      Content-Type:
      - application/json
      Dd-Operation-Id:
      - DeleteTests
      User-Agent:
      - terraform-provider-datadog/dev (terraform 1.16.0; terraform-cli 0.12.7-sdk)
        datadog-api-client-go/1.0.0-beta.15+dev (go go1.15.3; os darwin; arch amd64)
    url: https://api.datadoghq.com/api/v1/synthetics/tests/delete
    method: POST
  response:
    body: '{"deleted_tests":[{"deleted_at":"2021-02-03T15:57:06.756528+00:00","public_id":"j7w-i5r-znh"}]}'
    headers:
      Cache-Control:
      - no-cache
      Connection:
      - keep-alive
      Content-Security-Policy:
      - frame-ancestors 'self'; report-uri https://api.datadoghq.com/csp-report
      Content-Type:
      - application/json
      Date:
      - Wed, 03 Feb 2021 15:57:06 GMT
      Pragma:
      - no-cache
      Set-Cookie:
      - DD-PSHARD=233; Max-Age=604800; Path=/; expires=Wed, 10-Feb-2021 15:57:06 GMT;
        secure; HttpOnly
      Strict-Transport-Security:
      - max-age=15724800;
      Vary:
      - Accept-Encoding
      X-Content-Type-Options:
      - nosniff
      X-Dd-Debug:
      - 5gfwVh/5HZ+AnGd/Di93w3NEWC6KMHT9KzmHEiRJmNdOjBtAsbOcgVFyqEChw71h
      X-Dd-Version:
      - "35.3835302"
      X-Frame-Options:
      - SAMEORIGIN
      X-Ratelimit-Limit:
      - "120"
      X-Ratelimit-Period:
      - "60"
      X-Ratelimit-Remaining:
      - "106"
      X-Ratelimit-Reset:
      - "54"
    status: 200 OK
    code: 200
    duration: ""
- request:
    body: ""
    form: {}
    headers:
      Accept:
      - application/json
      Dd-Operation-Id:
      - GetTest
      User-Agent:
      - terraform-provider-datadog/dev (terraform 1.16.0; terraform-cli 0.12.7-sdk)
        datadog-api-client-go/1.0.0-beta.15+dev (go go1.15.3; os darwin; arch amd64)
    url: https://api.datadoghq.com/api/v1/synthetics/tests/j7w-i5r-znh
    method: GET
  response:
    body: '{"errors": ["Synthetics test not found"]}'
    headers:
      Cache-Control:
      - no-cache
      Connection:
      - keep-alive
      Content-Security-Policy:
      - frame-ancestors 'self'; report-uri https://api.datadoghq.com/csp-report
      Content-Type:
      - application/json
      Date:
      - Wed, 03 Feb 2021 15:57:06 GMT
      Pragma:
      - no-cache
      Strict-Transport-Security:
      - max-age=15724800;
      Vary:
      - Accept-Encoding
      X-Content-Type-Options:
      - nosniff
      X-Dd-Version:
      - "35.3835302"
      X-Frame-Options:
      - SAMEORIGIN
      X-Ratelimit-Limit:
      - "1000"
      X-Ratelimit-Period:
      - "60"
      X-Ratelimit-Remaining:
      - "890"
      X-Ratelimit-Reset:
      - "54"
    status: 404 Not Found
    code: 404
    duration: ""
- request:
    body: ""
    form: {}
    headers:
      Accept:
      - application/json
      Dd-Operation-Id:
      - GetGlobalVariable
      User-Agent:
      - terraform-provider-datadog/dev (terraform 1.16.0; terraform-cli 0.12.7-sdk)
        datadog-api-client-go/1.0.0-beta.15+dev (go go1.15.3; os darwin; arch amd64)
    url: https://api.datadoghq.com/api/v1/synthetics/variables/e376aefa-9695-4031-a695-fcc37f1ad62d
    method: GET
  response:
    body: '{"errors": ["Synthetics variable not found"]}'
    headers:
      Cache-Control:
      - no-cache
      Connection:
      - keep-alive
      Content-Security-Policy:
      - frame-ancestors 'self'; report-uri https://api.datadoghq.com/csp-report
      Content-Type:
      - application/json
      Date:
      - Wed, 03 Feb 2021 15:57:07 GMT
      Pragma:
      - no-cache
      Strict-Transport-Security:
      - max-age=15724800;
      Vary:
      - Accept-Encoding
      X-Content-Type-Options:
      - nosniff
      X-Dd-Version:
      - "35.3835302"
      X-Frame-Options:
      - SAMEORIGIN
      X-Ratelimit-Limit:
      - "120"
      X-Ratelimit-Period:
      - "60"
      X-Ratelimit-Remaining:
      - "99"
      X-Ratelimit-Reset:
      - "53"
    status: 404 Not Found
    code: 404
    duration: ""
