---
version: 1
interactions:
- request:
    body: ""
    form: {}
    headers: {}
    url: https://api.datadoghq.com/api/v1/validate
    method: GET
  response:
    body: '{"valid":true}'
    headers:
      Cache-Control:
      - no-cache
      Connection:
      - keep-alive
      Content-Length:
      - "14"
      Content-Security-Policy:
      - frame-ancestors 'self'; report-uri https://api.datadoghq.com/csp-report
      Content-Type:
      - application/json
      Date:
      - Thu, 27 Feb 2020 11:36:27 GMT
      Dd-Pool:
      - dogweb
      Pragma:
      - no-cache
      Set-Cookie:
      - DD-PSHARD=224; Max-Age=604800; Path=/; expires=Thu, 05-Mar-2020 11:36:27 GMT;
        secure; HttpOnly
      Strict-Transport-Security:
      - max-age=15724800;
      X-Content-Type-Options:
      - nosniff
      X-Dd-Debug:
      - ErnxdXQi+pjNvJU00qnaaPgTN904IR+BI4NeCvSijs0uGcTaVMOpPOuObFW+gkC6
      X-Dd-Version:
      - "35.2219923"
      X-Frame-Options:
      - SAMEORIGIN
    status: 200 OK
    code: 200
    duration: ""
- request:
    body: ""
    form: {}
    headers: {}
    url: https://api.datadoghq.com/api/v1/validate
    method: GET
  response:
    body: '{"valid":true}'
    headers:
      Cache-Control:
      - no-cache
      Connection:
      - keep-alive
      Content-Length:
      - "14"
      Content-Security-Policy:
      - frame-ancestors 'self'; report-uri https://api.datadoghq.com/csp-report
      Content-Type:
      - application/json
      Date:
      - Thu, 27 Feb 2020 11:36:27 GMT
      Dd-Pool:
      - dogweb
      Pragma:
      - no-cache
      Set-Cookie:
      - DD-PSHARD=224; Max-Age=604800; Path=/; expires=Thu, 05-Mar-2020 11:36:27 GMT;
        secure; HttpOnly
      Strict-Transport-Security:
      - max-age=15724800;
      X-Content-Type-Options:
      - nosniff
      X-Dd-Debug:
      - 8jOW1djIgkdkj4STw+0pQ3G+kGKfu548DWINvnE6phacY0k9vgC3cU1LaI38XIYk
      X-Dd-Version:
      - "35.2219923"
      X-Frame-Options:
      - SAMEORIGIN
    status: 200 OK
    code: 200
    duration: ""
- request:
    body: '{"end":1735765200,"message":"Example Datadog downtime message.","monitor_tags":["*"],"timezone":"UTC","recurrence":{"period":1,"type":"days"},"scope":["*"],"start":1735707600}'
    form: {}
    headers:
      Content-Type:
      - application/json
      User-Agent:
      - Datadog/dev/terraform (go1.13.6)
    url: https://api.datadoghq.com/api/v1/downtime
    method: POST
  response:
    body: '{"recurrence":{"until_date":null,"until_occurrences":null,"week_days":null,"type":"days","period":1},"end":1735765200,"monitor_tags":["*"],"canceled":null,"monitor_id":null,"org_id":382568,"disabled":false,"start":1735707600,"creator_id":1628996,"parent_id":null,"timezone":"UTC","active":false,"scope":["*"],"message":"Example
      Datadog downtime message.","downtime_type":0,"id":749395258,"updater_id":null}'
    headers:
      Cache-Control:
      - no-cache
      Connection:
      - keep-alive
      Content-Security-Policy:
      - frame-ancestors 'self'; report-uri https://api.datadoghq.com/csp-report
      Content-Type:
      - application/json; charset=utf-8
      Date:
      - Thu, 27 Feb 2020 11:36:27 GMT
      Dd-Pool:
      - dogweb
      Pragma:
      - no-cache
      Set-Cookie:
      - DD-PSHARD=224; Max-Age=604800; Path=/; expires=Thu, 05-Mar-2020 11:36:27 GMT;
        secure; HttpOnly
      Strict-Transport-Security:
      - max-age=15724800;
      Vary:
      - Accept-Encoding
      X-Content-Type-Options:
      - nosniff
      X-Dd-Debug:
      - 7/pC7B9bYAY6HGz006Bg+ZrYGMZFiH1gxYQ0jMSpdzevd2r/Iy3Bkt2FGvLL5qId
      X-Dd-Version:
      - "35.2219923"
      X-Frame-Options:
      - SAMEORIGIN
    status: 200 OK
    code: 200
    duration: ""
- request:
    body: ""
    form: {}
    headers:
      User-Agent:
      - Datadog/dev/terraform (go1.13.6)
    url: https://api.datadoghq.com/api/v1/downtime/749395258
    method: GET
  response:
    body: '{"recurrence":{"until_date":null,"until_occurrences":null,"week_days":null,"type":"days","period":1},"end":1735765200,"monitor_tags":["*"],"canceled":null,"monitor_id":null,"org_id":382568,"disabled":false,"start":1735707600,"creator_id":1628996,"parent_id":null,"timezone":"UTC","active":false,"scope":["*"],"message":"Example
      Datadog downtime message.","downtime_type":0,"id":749395258,"updater_id":null}'
    headers:
      Cache-Control:
      - no-cache
      Connection:
      - keep-alive
      Content-Security-Policy:
      - frame-ancestors 'self'; report-uri https://api.datadoghq.com/csp-report
      Content-Type:
      - application/json; charset=utf-8
      Date:
      - Thu, 27 Feb 2020 11:36:27 GMT
      Dd-Pool:
      - dogweb
      Pragma:
      - no-cache
      Set-Cookie:
      - DD-PSHARD=224; Max-Age=604800; Path=/; expires=Thu, 05-Mar-2020 11:36:27 GMT;
        secure; HttpOnly
      Strict-Transport-Security:
      - max-age=15724800;
      Vary:
      - Accept-Encoding
      X-Content-Type-Options:
      - nosniff
      X-Dd-Debug:
      - Wn01ZjXucAfzJfwvKAkpy0yFfNtHyWu4ZB2aA4ZDwwhXkyLHirYeUNsx208dZz9p
      X-Dd-Version:
      - "35.2219923"
      X-Frame-Options:
      - SAMEORIGIN
    status: 200 OK
    code: 200
    duration: ""
- request:
    body: ""
    form: {}
    headers: {}
    url: https://api.datadoghq.com/api/v1/validate
    method: GET
  response:
    body: '{"valid":true}'
    headers:
      Cache-Control:
      - no-cache
      Connection:
      - keep-alive
      Content-Length:
      - "14"
      Content-Security-Policy:
      - frame-ancestors 'self'; report-uri https://api.datadoghq.com/csp-report
      Content-Type:
      - application/json
      Date:
      - Thu, 27 Feb 2020 11:36:27 GMT
      Dd-Pool:
      - dogweb
      Pragma:
      - no-cache
      Set-Cookie:
      - DD-PSHARD=224; Max-Age=604800; Path=/; expires=Thu, 05-Mar-2020 11:36:27 GMT;
        secure; HttpOnly
      Strict-Transport-Security:
      - max-age=15724800;
      X-Content-Type-Options:
      - nosniff
      X-Dd-Debug:
      - xWBl6EQ7zJ83bRwMRX5o/d34f1JMs+KyihhH9fua7krbgQkOsGFusXhvqkH02q3L
      X-Dd-Version:
      - "35.2219923"
      X-Frame-Options:
      - SAMEORIGIN
    status: 200 OK
    code: 200
    duration: ""
- request:
    body: ""
    form: {}
    headers: {}
    url: https://api.datadoghq.com/api/v1/validate
    method: GET
  response:
    body: '{"valid":true}'
    headers:
      Cache-Control:
      - no-cache
      Connection:
      - keep-alive
      Content-Length:
      - "14"
      Content-Security-Policy:
      - frame-ancestors 'self'; report-uri https://api.datadoghq.com/csp-report
      Content-Type:
      - application/json
      Date:
      - Thu, 27 Feb 2020 11:36:28 GMT
      Dd-Pool:
      - dogweb
      Pragma:
      - no-cache
      Set-Cookie:
      - DD-PSHARD=224; Max-Age=604800; Path=/; expires=Thu, 05-Mar-2020 11:36:28 GMT;
        secure; HttpOnly
      Strict-Transport-Security:
      - max-age=15724800;
      X-Content-Type-Options:
      - nosniff
      X-Dd-Debug:
      - CPK+34LtKdL5YYX/NFOJUdMpxMoO80HISGpGpzDG5fENYSoZ2QNw1gEubOsJ9JNb
      X-Dd-Version:
      - "35.2219923"
      X-Frame-Options:
      - SAMEORIGIN
    status: 200 OK
    code: 200
    duration: ""
- request:
    body: ""
    form: {}
    headers:
      User-Agent:
      - Datadog/dev/terraform (go1.13.6)
    url: https://api.datadoghq.com/api/v1/downtime/749395258
    method: GET
  response:
    body: '{"recurrence":{"until_date":null,"until_occurrences":null,"week_days":null,"type":"days","period":1},"end":1735765200,"monitor_tags":["*"],"canceled":null,"monitor_id":null,"org_id":382568,"disabled":false,"start":1735707600,"creator_id":1628996,"parent_id":null,"timezone":"UTC","active":false,"scope":["*"],"message":"Example
      Datadog downtime message.","downtime_type":0,"id":749395258,"updater_id":null}'
    headers:
      Cache-Control:
      - no-cache
      Connection:
      - keep-alive
      Content-Security-Policy:
      - frame-ancestors 'self'; report-uri https://api.datadoghq.com/csp-report
      Content-Type:
      - application/json; charset=utf-8
      Date:
      - Thu, 27 Feb 2020 11:36:28 GMT
      Dd-Pool:
      - dogweb
      Pragma:
      - no-cache
      Set-Cookie:
      - DD-PSHARD=224; Max-Age=604800; Path=/; expires=Thu, 05-Mar-2020 11:36:28 GMT;
        secure; HttpOnly
      Strict-Transport-Security:
      - max-age=15724800;
      Vary:
      - Accept-Encoding
      X-Content-Type-Options:
      - nosniff
      X-Dd-Debug:
      - x4m73yTAj65OpCjnvpw3RBJyiFQpkDOBZ7rE/UM6Q4o0837nUb4ZsWFNJUD0Xh0e
      X-Dd-Version:
      - "35.2219923"
      X-Frame-Options:
      - SAMEORIGIN
    status: 200 OK
    code: 200
    duration: ""
- request:
    body: ""
    form: {}
    headers:
      User-Agent:
      - Datadog/dev/terraform (go1.13.6)
    url: https://api.datadoghq.com/api/v1/downtime/749395258
    method: GET
  response:
    body: '{"recurrence":{"until_date":null,"until_occurrences":null,"week_days":null,"type":"days","period":1},"end":1735765200,"monitor_tags":["*"],"canceled":null,"monitor_id":null,"org_id":382568,"disabled":false,"start":1735707600,"creator_id":1628996,"parent_id":null,"timezone":"UTC","active":false,"scope":["*"],"message":"Example
      Datadog downtime message.","downtime_type":0,"id":749395258,"updater_id":null}'
    headers:
      Cache-Control:
      - no-cache
      Connection:
      - keep-alive
      Content-Security-Policy:
      - frame-ancestors 'self'; report-uri https://api.datadoghq.com/csp-report
      Content-Type:
      - application/json; charset=utf-8
      Date:
      - Thu, 27 Feb 2020 11:36:28 GMT
      Dd-Pool:
      - dogweb
      Pragma:
      - no-cache
      Set-Cookie:
      - DD-PSHARD=224; Max-Age=604800; Path=/; expires=Thu, 05-Mar-2020 11:36:28 GMT;
        secure; HttpOnly
      Strict-Transport-Security:
      - max-age=15724800;
      Vary:
      - Accept-Encoding
      X-Content-Type-Options:
      - nosniff
      X-Dd-Debug:
      - tC9U8NM0Z/kvHE2H14k1U3spiHbXz72rh5O3tOqhQhVPC3nlvooY3TRyCaI/gIdt
      X-Dd-Version:
      - "35.2219923"
      X-Frame-Options:
      - SAMEORIGIN
    status: 200 OK
    code: 200
    duration: ""
- request:
    body: ""
    form: {}
    headers: {}
    url: https://api.datadoghq.com/api/v1/validate
    method: GET
  response:
    body: '{"valid":true}'
    headers:
      Cache-Control:
      - no-cache
      Connection:
      - keep-alive
      Content-Length:
      - "14"
      Content-Security-Policy:
      - frame-ancestors 'self'; report-uri https://api.datadoghq.com/csp-report
      Content-Type:
      - application/json
      Date:
      - Thu, 27 Feb 2020 11:36:28 GMT
      Dd-Pool:
      - dogweb
      Pragma:
      - no-cache
      Set-Cookie:
      - DD-PSHARD=224; Max-Age=604800; Path=/; expires=Thu, 05-Mar-2020 11:36:28 GMT;
        secure; HttpOnly
      Strict-Transport-Security:
      - max-age=15724800;
      X-Content-Type-Options:
      - nosniff
      X-Dd-Debug:
      - 3OCRM/4FZbkllI4iloi1acHDABD1SJi2aj2fysEPLLsOVOk5Ki6mi6IOsVG7JIay
      X-Dd-Version:
      - "35.2219923"
      X-Frame-Options:
      - SAMEORIGIN
    status: 200 OK
    code: 200
    duration: ""
- request:
    body: ""
    form: {}
    headers: {}
    url: https://api.datadoghq.com/api/v1/validate
    method: GET
  response:
    body: '{"valid":true}'
    headers:
      Cache-Control:
      - no-cache
      Connection:
      - keep-alive
      Content-Length:
      - "14"
      Content-Security-Policy:
      - frame-ancestors 'self'; report-uri https://api.datadoghq.com/csp-report
      Content-Type:
      - application/json
      Date:
      - Thu, 27 Feb 2020 11:36:28 GMT
      Dd-Pool:
      - dogweb
      Pragma:
      - no-cache
      Set-Cookie:
      - DD-PSHARD=224; Max-Age=604800; Path=/; expires=Thu, 05-Mar-2020 11:36:28 GMT;
        secure; HttpOnly
      Strict-Transport-Security:
      - max-age=15724800;
      X-Content-Type-Options:
      - nosniff
      X-Dd-Debug:
      - QO3HutZQjgMDp/HqClcLon+qq5lEghb3LRV+gXMIQ2Jivd1m1eEGCh0RxplUQMIV
      X-Dd-Version:
      - "35.2219923"
      X-Frame-Options:
      - SAMEORIGIN
    status: 200 OK
    code: 200
    duration: ""
- request:
    body: ""
    form: {}
    headers:
      User-Agent:
      - Datadog/dev/terraform (go1.13.6)
    url: https://api.datadoghq.com/api/v1/downtime/749395258
    method: GET
  response:
    body: '{"recurrence":{"until_date":null,"until_occurrences":null,"week_days":null,"type":"days","period":1},"end":1735765200,"monitor_tags":["*"],"canceled":null,"monitor_id":null,"org_id":382568,"disabled":false,"start":1735707600,"creator_id":1628996,"parent_id":null,"timezone":"UTC","active":false,"scope":["*"],"message":"Example
      Datadog downtime message.","downtime_type":0,"id":749395258,"updater_id":null}'
    headers:
      Cache-Control:
      - no-cache
      Connection:
      - keep-alive
      Content-Security-Policy:
      - frame-ancestors 'self'; report-uri https://api.datadoghq.com/csp-report
      Content-Type:
      - application/json; charset=utf-8
      Date:
      - Thu, 27 Feb 2020 11:36:28 GMT
      Dd-Pool:
      - dogweb
      Pragma:
      - no-cache
      Set-Cookie:
      - DD-PSHARD=224; Max-Age=604800; Path=/; expires=Thu, 05-Mar-2020 11:36:28 GMT;
        secure; HttpOnly
      Strict-Transport-Security:
      - max-age=15724800;
      Vary:
      - Accept-Encoding
      X-Content-Type-Options:
      - nosniff
      X-Dd-Debug:
      - bZImwKnIO3sUAXCuyRs9fWaEMDsBOTeSFh5dFNajdvBKpGDGzy05mj4PBPSf18hx
      X-Dd-Version:
      - "35.2219923"
      X-Frame-Options:
      - SAMEORIGIN
    status: 200 OK
    code: 200
    duration: ""
- request:
    body: ""
    form: {}
    headers:
      User-Agent:
      - Datadog/dev/terraform (go1.13.6)
    url: https://api.datadoghq.com/api/v1/downtime/749395258
    method: GET
  response:
    body: '{"recurrence":{"until_date":null,"until_occurrences":null,"week_days":null,"type":"days","period":1},"end":1735765200,"monitor_tags":["*"],"canceled":null,"monitor_id":null,"org_id":382568,"disabled":false,"start":1735707600,"creator_id":1628996,"parent_id":null,"timezone":"UTC","active":false,"scope":["*"],"message":"Example
      Datadog downtime message.","downtime_type":0,"id":749395258,"updater_id":null}'
    headers:
      Cache-Control:
      - no-cache
      Connection:
      - keep-alive
      Content-Security-Policy:
      - frame-ancestors 'self'; report-uri https://api.datadoghq.com/csp-report
      Content-Type:
      - application/json; charset=utf-8
      Date:
      - Thu, 27 Feb 2020 11:36:28 GMT
      Dd-Pool:
      - dogweb
      Pragma:
      - no-cache
      Set-Cookie:
      - DD-PSHARD=224; Max-Age=604800; Path=/; expires=Thu, 05-Mar-2020 11:36:28 GMT;
        secure; HttpOnly
      Strict-Transport-Security:
      - max-age=15724800;
      Vary:
      - Accept-Encoding
      X-Content-Type-Options:
      - nosniff
      X-Dd-Debug:
      - l+fZq7vW9gg1qInAzXkJZdt8f8e/094RDnN9pOEIlkXbx1jb6kpjgt1+syYCZyFC
      X-Dd-Version:
      - "35.2219923"
      X-Frame-Options:
      - SAMEORIGIN
    status: 200 OK
    code: 200
    duration: ""
- request:
    body: ""
    form: {}
    headers: {}
    url: https://api.datadoghq.com/api/v1/validate
    method: GET
  response:
    body: '{"valid":true}'
    headers:
      Cache-Control:
      - no-cache
      Connection:
      - keep-alive
      Content-Length:
      - "14"
      Content-Security-Policy:
      - frame-ancestors 'self'; report-uri https://api.datadoghq.com/csp-report
      Content-Type:
      - application/json
      Date:
      - Thu, 27 Feb 2020 11:36:29 GMT
      Dd-Pool:
      - dogweb
      Pragma:
      - no-cache
      Set-Cookie:
      - DD-PSHARD=224; Max-Age=604800; Path=/; expires=Thu, 05-Mar-2020 11:36:29 GMT;
        secure; HttpOnly
      Strict-Transport-Security:
      - max-age=15724800;
      X-Content-Type-Options:
      - nosniff
      X-Dd-Debug:
      - 69kiClanS8NcBSsdd51HHifvhQSGoRbJJjhU9l40yqxQHVNrndFN9zVtFJW1OcSf
      X-Dd-Version:
      - "35.2219923"
      X-Frame-Options:
      - SAMEORIGIN
    status: 200 OK
    code: 200
    duration: ""
- request:
    body: ""
    form: {}
    headers:
      User-Agent:
      - Datadog/dev/terraform (go1.13.6)
    url: https://api.datadoghq.com/api/v1/downtime/749395258
    method: DELETE
  response:
    body: ""
    headers:
      Cache-Control:
      - no-cache
      Connection:
      - keep-alive
      Content-Length:
      - "0"
      Content-Security-Policy:
      - frame-ancestors 'self'; report-uri https://api.datadoghq.com/csp-report
      Content-Type:
      - text/html; charset=utf-8
      Date:
      - Thu, 27 Feb 2020 11:36:29 GMT
      Dd-Pool:
      - dogweb
      Pragma:
      - no-cache
      Set-Cookie:
      - DD-PSHARD=224; Max-Age=604800; Path=/; expires=Thu, 05-Mar-2020 11:36:29 GMT;
        secure; HttpOnly
      Strict-Transport-Security:
      - max-age=15724800;
      X-Content-Type-Options:
      - nosniff
      X-Dd-Debug:
      - btzHvL7Rg/f/n1wMP2CFVXsuErrwOO9p2hvsBofLQbxzRkmZbfvXcB18pURNtIOI
      X-Dd-Version:
      - "35.2219923"
      X-Frame-Options:
      - SAMEORIGIN
    status: 204 No Content
    code: 204
    duration: ""
- request:
    body: ""
    form: {}
    headers:
      User-Agent:
      - Datadog/dev/terraform (go1.13.6)
    url: https://api.datadoghq.com/api/v1/downtime/749395258
    method: GET
  response:
    body: '{"recurrence":{"until_date":null,"until_occurrences":null,"week_days":null,"type":"days","period":1},"end":1735765200,"monitor_tags":["*"],"canceled":1582803389,"monitor_id":null,"org_id":382568,"disabled":true,"start":1735707600,"creator_id":1628996,"parent_id":null,"timezone":"UTC","active":false,"scope":["*"],"message":"Example
      Datadog downtime message.","downtime_type":0,"id":749395258,"updater_id":1628996}'
    headers:
      Cache-Control:
      - no-cache
      Connection:
      - keep-alive
      Content-Security-Policy:
      - frame-ancestors 'self'; report-uri https://api.datadoghq.com/csp-report
      Content-Type:
      - application/json; charset=utf-8
      Date:
      - Thu, 27 Feb 2020 11:36:29 GMT
      Dd-Pool:
      - dogweb
      Pragma:
      - no-cache
      Set-Cookie:
      - DD-PSHARD=224; Max-Age=604800; Path=/; expires=Thu, 05-Mar-2020 11:36:29 GMT;
        secure; HttpOnly
      Strict-Transport-Security:
      - max-age=15724800;
      Vary:
      - Accept-Encoding
      X-Content-Type-Options:
      - nosniff
      X-Dd-Debug:
      - YCJuwY9AAFMveejFq3DmCuXNgWrXpDBQxqXi3LxQxaHO16MK3yMSWa14TOuRlDjy
      X-Dd-Version:
      - "35.2219923"
      X-Frame-Options:
      - SAMEORIGIN
    status: 200 OK
    code: 200
    duration: ""
