---
version: 1
interactions:
- request:
    body: ""
    form: {}
    headers: {}
    url: https://api.datadoghq.com/api/v1/validate
    method: GET
  response:
    body: '{"valid":true}'
    headers:
      Cache-Control:
      - no-cache
      Connection:
      - keep-alive
      Content-Length:
      - "14"
      Content-Security-Policy:
      - frame-ancestors 'self'; report-uri https://api.datadoghq.com/csp-report
      Content-Type:
      - application/json
      Date:
      - Thu, 27 Feb 2020 11:39:15 GMT
      Dd-Pool:
      - dogweb
      Pragma:
      - no-cache
      Set-Cookie:
      - DD-PSHARD=224; Max-Age=604800; Path=/; expires=Thu, 05-Mar-2020 11:39:15 GMT;
        secure; HttpOnly
      Strict-Transport-Security:
      - max-age=15724800;
      X-Content-Type-Options:
      - nosniff
      X-Dd-Debug:
      - yEcEaKqmSUfeSlQ/kN/c5E6EpIXbM1JPI9KV27pdsvBWWv3FI4tsqqRarYTS+fS+
      X-Dd-Version:
      - "35.2219923"
      X-Frame-Options:
      - SAMEORIGIN
    status: 200 OK
    code: 200
    duration: ""
- request:
    body: ""
    form: {}
    headers: {}
    url: https://api.datadoghq.com/api/v1/validate
    method: GET
  response:
    body: '{"valid":true}'
    headers:
      Cache-Control:
      - no-cache
      Connection:
      - keep-alive
      Content-Length:
      - "14"
      Content-Security-Policy:
      - frame-ancestors 'self'; report-uri https://api.datadoghq.com/csp-report
      Content-Type:
      - application/json
      Date:
      - Thu, 27 Feb 2020 11:39:15 GMT
      Dd-Pool:
      - dogweb
      Pragma:
      - no-cache
      Set-Cookie:
      - DD-PSHARD=224; Max-Age=604800; Path=/; expires=Thu, 05-Mar-2020 11:39:15 GMT;
        secure; HttpOnly
      Strict-Transport-Security:
      - max-age=15724800;
      X-Content-Type-Options:
      - nosniff
      X-Dd-Debug:
      - +UwwYRc+A5vkEib2s1YY/+OMx26FxXkDPMnhrpaIz/kTVseyL62lC12FdLJrU3nv
      X-Dd-Version:
      - "35.2219923"
      X-Frame-Options:
      - SAMEORIGIN
    status: 200 OK
    code: 200
    duration: ""
- request:
    body: '{"type":"query alert","query":"avg(last_1h):avg:aws.ec2.cpu{environment:foo,host:foo}
      by {host} \u003e 2","name":"name for monitor foo","message":"some message Notify:
      @hipchat-channel","tags":null,"options":{"notify_no_data":false,"new_host_delay":300,"silenced":{"*":0},"thresholds":{},"include_tags":true,"require_full_window":true},"state":{}}'
    form: {}
    headers:
      Content-Type:
      - application/json
      User-Agent:
      - Datadog/dev/terraform (go1.13.6)
    url: https://api.datadoghq.com/api/v1/monitor
    method: POST
  response:
    body: '{"restricted_roles":null,"tags":[],"deleted":null,"query":"avg(last_1h):avg:aws.ec2.cpu{environment:foo,host:foo}
      by {host} > 2","message":"some message Notify: @hipchat-channel","id":16070506,"multi":true,"name":"name
      for monitor foo","created":"2020-02-27T11:39:16.074704+00:00","created_at":1582803556000,"creator":{"id":1628996,"handle":"jiri.kuncar@datadoghq.com","name":"Ji\u0159\u00ed
      Kun\u010dar","email":"jiri.kuncar@datadoghq.com"},"org_id":382568,"modified":"2020-02-27T11:39:16.074704+00:00","overall_state_modified":null,"overall_state":"No
      Data","type":"query alert","options":{"notify_audit":false,"locked":false,"silenced":{"*":null},"include_tags":true,"new_host_delay":300,"require_full_window":true,"notify_no_data":false}}'
    headers:
      Cache-Control:
      - no-cache
      Connection:
      - keep-alive
      Content-Security-Policy:
      - frame-ancestors 'self'; report-uri https://api.datadoghq.com/csp-report
      Content-Type:
      - application/json; charset=utf-8
      Date:
      - Thu, 27 Feb 2020 11:39:17 GMT
      Dd-Pool:
      - dogweb
      Pragma:
      - no-cache
      Set-Cookie:
      - DD-PSHARD=224; Max-Age=604800; Path=/; expires=Thu, 05-Mar-2020 11:39:16 GMT;
        secure; HttpOnly
      Strict-Transport-Security:
      - max-age=15724800;
      Vary:
      - Accept-Encoding
      X-Content-Type-Options:
      - nosniff
      X-Dd-Debug:
      - OdMYjD4Lcx2EOYJ2NSqLNRIyMqxNYyUQxCcT6zY9ZmZ+zl9yipXz0nuLjH5hVxTY
      X-Dd-Version:
      - "35.2219923"
      X-Frame-Options:
      - SAMEORIGIN
      X-Ratelimit-Limit:
      - "500"
      X-Ratelimit-Period:
      - "10"
      X-Ratelimit-Remaining:
      - "498"
      X-Ratelimit-Reset:
      - "4"
    status: 200 OK
    code: 200
    duration: ""
- request:
    body: ""
    form: {}
    headers:
      User-Agent:
      - Datadog/dev/terraform (go1.13.6)
    url: https://api.datadoghq.com/api/v1/monitor/16070506
    method: GET
  response:
    body: '{"restricted_roles":null,"tags":[],"deleted":null,"query":"avg(last_1h):avg:aws.ec2.cpu{environment:foo,host:foo}
      by {host} > 2","message":"some message Notify: @hipchat-channel","id":16070506,"multi":true,"name":"name
      for monitor foo","created":"2020-02-27T11:39:16.074704+00:00","created_at":1582803556000,"creator":{"id":1628996,"handle":"jiri.kuncar@datadoghq.com","name":"Ji\u0159\u00ed
      Kun\u010dar","email":"jiri.kuncar@datadoghq.com"},"org_id":382568,"modified":"2020-02-27T11:39:16.074704+00:00","overall_state_modified":null,"overall_state":"No
      Data","type":"query alert","options":{"notify_audit":false,"locked":false,"silenced":{"*":null},"include_tags":true,"new_host_delay":300,"require_full_window":true,"notify_no_data":false}}'
    headers:
      Cache-Control:
      - no-cache
      Connection:
      - keep-alive
      Content-Security-Policy:
      - frame-ancestors 'self'; report-uri https://api.datadoghq.com/csp-report
      Content-Type:
      - application/json; charset=utf-8
      Date:
      - Thu, 27 Feb 2020 11:39:17 GMT
      Dd-Pool:
      - dogweb
      Pragma:
      - no-cache
      Set-Cookie:
      - DD-PSHARD=224; Max-Age=604800; Path=/; expires=Thu, 05-Mar-2020 11:39:17 GMT;
        secure; HttpOnly
      Strict-Transport-Security:
      - max-age=15724800;
      Vary:
      - Accept-Encoding
      X-Content-Type-Options:
      - nosniff
      X-Dd-Debug:
      - aERr2Ftx8O/BR8oAhSymZ3bVROQEC+81YMSphOQK1me4DxXSbMIcFkB0Di4ggZ++
      X-Dd-Version:
      - "35.2219923"
      X-Frame-Options:
      - SAMEORIGIN
      X-Ratelimit-Limit:
      - "3000"
      X-Ratelimit-Period:
      - "10"
      X-Ratelimit-Remaining:
      - "2985"
      X-Ratelimit-Reset:
      - "3"
    status: 200 OK
    code: 200
    duration: ""
- request:
    body: ""
    form: {}
    headers:
      User-Agent:
      - Datadog/dev/terraform (go1.13.6)
    url: https://api.datadoghq.com/api/v1/monitor/16070506
    method: GET
  response:
    body: '{"restricted_roles":null,"tags":[],"deleted":null,"query":"avg(last_1h):avg:aws.ec2.cpu{environment:foo,host:foo}
      by {host} > 2","message":"some message Notify: @hipchat-channel","id":16070506,"multi":true,"name":"name
      for monitor foo","created":"2020-02-27T11:39:16.074704+00:00","created_at":1582803556000,"creator":{"id":1628996,"handle":"jiri.kuncar@datadoghq.com","name":"Ji\u0159\u00ed
      Kun\u010dar","email":"jiri.kuncar@datadoghq.com"},"org_id":382568,"modified":"2020-02-27T11:39:16.074704+00:00","overall_state_modified":null,"overall_state":"No
      Data","type":"query alert","options":{"notify_audit":false,"locked":false,"silenced":{"*":null},"include_tags":true,"new_host_delay":300,"require_full_window":true,"notify_no_data":false}}'
    headers:
      Cache-Control:
      - no-cache
      Connection:
      - keep-alive
      Content-Security-Policy:
      - frame-ancestors 'self'; report-uri https://api.datadoghq.com/csp-report
      Content-Type:
      - application/json; charset=utf-8
      Date:
      - Thu, 27 Feb 2020 11:39:17 GMT
      Dd-Pool:
      - dogweb
      Pragma:
      - no-cache
      Set-Cookie:
      - DD-PSHARD=224; Max-Age=604800; Path=/; expires=Thu, 05-Mar-2020 11:39:17 GMT;
        secure; HttpOnly
      Strict-Transport-Security:
      - max-age=15724800;
      Vary:
      - Accept-Encoding
      X-Content-Type-Options:
      - nosniff
      X-Dd-Debug:
      - hlZGwPPL87Cire+2SDWJrcKtg5ChXKBaVFmtHdrZS+BoDfdo10256wfXrEDRUv8c
      X-Dd-Version:
      - "35.2219923"
      X-Frame-Options:
      - SAMEORIGIN
      X-Ratelimit-Limit:
      - "3000"
      X-Ratelimit-Period:
      - "10"
      X-Ratelimit-Remaining:
      - "2984"
      X-Ratelimit-Reset:
      - "3"
    status: 200 OK
    code: 200
    duration: ""
- request:
    body: ""
    form: {}
    headers: {}
    url: https://api.datadoghq.com/api/v1/validate
    method: GET
  response:
    body: '{"valid":true}'
    headers:
      Cache-Control:
      - no-cache
      Connection:
      - keep-alive
      Content-Length:
      - "14"
      Content-Security-Policy:
      - frame-ancestors 'self'; report-uri https://api.datadoghq.com/csp-report
      Content-Type:
      - application/json
      Date:
      - Thu, 27 Feb 2020 11:39:17 GMT
      Dd-Pool:
      - dogweb
      Pragma:
      - no-cache
      Set-Cookie:
      - DD-PSHARD=224; Max-Age=604800; Path=/; expires=Thu, 05-Mar-2020 11:39:17 GMT;
        secure; HttpOnly
      Strict-Transport-Security:
      - max-age=15724800;
      X-Content-Type-Options:
      - nosniff
      X-Dd-Debug:
      - fqgAnnBv1js3TBerHAS1jOASlx3n1xB+hOOrFOLO2ZaBfZ3rktA3gzUaBetB5haL
      X-Dd-Version:
      - "35.2219923"
      X-Frame-Options:
      - SAMEORIGIN
    status: 200 OK
    code: 200
    duration: ""
- request:
    body: ""
    form: {}
    headers: {}
    url: https://api.datadoghq.com/api/v1/validate
    method: GET
  response:
    body: '{"valid":true}'
    headers:
      Cache-Control:
      - no-cache
      Connection:
      - keep-alive
      Content-Length:
      - "14"
      Content-Security-Policy:
      - frame-ancestors 'self'; report-uri https://api.datadoghq.com/csp-report
      Content-Type:
      - application/json
      Date:
      - Thu, 27 Feb 2020 11:39:17 GMT
      Dd-Pool:
      - dogweb
      Pragma:
      - no-cache
      Set-Cookie:
      - DD-PSHARD=224; Max-Age=604800; Path=/; expires=Thu, 05-Mar-2020 11:39:17 GMT;
        secure; HttpOnly
      Strict-Transport-Security:
      - max-age=15724800;
      X-Content-Type-Options:
      - nosniff
      X-Dd-Debug:
      - KHJbOoqp3I4BOBzIFnc/Ois3eg3Rjmudy0YalRpnXQEDXDoppykpDMDaJPIufi9t
      X-Dd-Version:
      - "35.2219923"
      X-Frame-Options:
      - SAMEORIGIN
    status: 200 OK
    code: 200
    duration: ""
- request:
    body: ""
    form: {}
    headers:
      User-Agent:
      - Datadog/dev/terraform (go1.13.6)
    url: https://api.datadoghq.com/api/v1/monitor/16070506
    method: GET
  response:
    body: '{"restricted_roles":null,"tags":[],"deleted":null,"query":"avg(last_1h):avg:aws.ec2.cpu{environment:foo,host:foo}
      by {host} > 2","message":"some message Notify: @hipchat-channel","id":16070506,"multi":true,"name":"name
      for monitor foo","created":"2020-02-27T11:39:16.074704+00:00","created_at":1582803556000,"creator":{"id":1628996,"handle":"jiri.kuncar@datadoghq.com","name":"Ji\u0159\u00ed
      Kun\u010dar","email":"jiri.kuncar@datadoghq.com"},"org_id":382568,"modified":"2020-02-27T11:39:16.074704+00:00","overall_state_modified":null,"overall_state":"No
      Data","type":"query alert","options":{"notify_audit":false,"locked":false,"silenced":{"*":null},"include_tags":true,"new_host_delay":300,"require_full_window":true,"notify_no_data":false}}'
    headers:
      Cache-Control:
      - no-cache
      Connection:
      - keep-alive
      Content-Security-Policy:
      - frame-ancestors 'self'; report-uri https://api.datadoghq.com/csp-report
      Content-Type:
      - application/json; charset=utf-8
      Date:
      - Thu, 27 Feb 2020 11:39:18 GMT
      Dd-Pool:
      - dogweb
      Pragma:
      - no-cache
      Set-Cookie:
      - DD-PSHARD=224; Max-Age=604800; Path=/; expires=Thu, 05-Mar-2020 11:39:17 GMT;
        secure; HttpOnly
      Strict-Transport-Security:
      - max-age=15724800;
      Vary:
      - Accept-Encoding
      X-Content-Type-Options:
      - nosniff
      X-Dd-Debug:
      - j0VNx9cZdAj+uuO7pabHlao4Ioc5q8ovvp4Ja/NYzbHA51zSBYXNvtO+8cOYbE0B
      X-Dd-Version:
      - "35.2219923"
      X-Frame-Options:
      - SAMEORIGIN
      X-Ratelimit-Limit:
      - "3000"
      X-Ratelimit-Period:
      - "10"
      X-Ratelimit-Remaining:
      - "2983"
      X-Ratelimit-Reset:
      - "3"
    status: 200 OK
    code: 200
    duration: ""
- request:
    body: ""
    form: {}
    headers:
      User-Agent:
      - Datadog/dev/terraform (go1.13.6)
    url: https://api.datadoghq.com/api/v1/monitor/16070506
    method: GET
  response:
    body: '{"restricted_roles":null,"tags":[],"deleted":null,"query":"avg(last_1h):avg:aws.ec2.cpu{environment:foo,host:foo}
      by {host} > 2","message":"some message Notify: @hipchat-channel","id":16070506,"multi":true,"name":"name
      for monitor foo","created":"2020-02-27T11:39:16.074704+00:00","created_at":1582803556000,"creator":{"id":1628996,"handle":"jiri.kuncar@datadoghq.com","name":"Ji\u0159\u00ed
      Kun\u010dar","email":"jiri.kuncar@datadoghq.com"},"org_id":382568,"modified":"2020-02-27T11:39:16.074704+00:00","overall_state_modified":null,"overall_state":"No
      Data","type":"query alert","options":{"notify_audit":false,"locked":false,"silenced":{"*":null},"include_tags":true,"new_host_delay":300,"require_full_window":true,"notify_no_data":false}}'
    headers:
      Cache-Control:
      - no-cache
      Connection:
      - keep-alive
      Content-Security-Policy:
      - frame-ancestors 'self'; report-uri https://api.datadoghq.com/csp-report
      Content-Type:
      - application/json; charset=utf-8
      Date:
      - Thu, 27 Feb 2020 11:39:18 GMT
      Dd-Pool:
      - dogweb
      Pragma:
      - no-cache
      Set-Cookie:
      - DD-PSHARD=224; Max-Age=604800; Path=/; expires=Thu, 05-Mar-2020 11:39:18 GMT;
        secure; HttpOnly
      Strict-Transport-Security:
      - max-age=15724800;
      Vary:
      - Accept-Encoding
      X-Content-Type-Options:
      - nosniff
      X-Dd-Debug:
      - UlUHD7I7ISIp2OTIKJ1HGCksOU1snpAx2HtkPJw2SYzWMPmqzICEuimWl9Uiyokg
      X-Dd-Version:
      - "35.2219923"
      X-Frame-Options:
      - SAMEORIGIN
      X-Ratelimit-Limit:
      - "3000"
      X-Ratelimit-Period:
      - "10"
      X-Ratelimit-Remaining:
      - "2982"
      X-Ratelimit-Reset:
      - "2"
    status: 200 OK
    code: 200
    duration: ""
- request:
    body: ""
    form: {}
    headers: {}
    url: https://api.datadoghq.com/api/v1/validate
    method: GET
  response:
    body: '{"valid":true}'
    headers:
      Cache-Control:
      - no-cache
      Connection:
      - keep-alive
      Content-Length:
      - "14"
      Content-Security-Policy:
      - frame-ancestors 'self'; report-uri https://api.datadoghq.com/csp-report
      Content-Type:
      - application/json
      Date:
      - Thu, 27 Feb 2020 11:39:18 GMT
      Dd-Pool:
      - dogweb
      Pragma:
      - no-cache
      Set-Cookie:
      - DD-PSHARD=224; Max-Age=604800; Path=/; expires=Thu, 05-Mar-2020 11:39:18 GMT;
        secure; HttpOnly
      Strict-Transport-Security:
      - max-age=15724800;
      X-Content-Type-Options:
      - nosniff
      X-Dd-Debug:
      - FB5oGxuL9E/cplxahdQnU5Nw5E7KX0Smq18it9qYKIt8BXsSloE0IpDRA39tfQwn
      X-Dd-Version:
      - "35.2219923"
      X-Frame-Options:
      - SAMEORIGIN
    status: 200 OK
    code: 200
    duration: ""
- request:
    body: ""
    form: {}
    headers: {}
    url: https://api.datadoghq.com/api/v1/validate
    method: GET
  response:
    body: '{"valid":true}'
    headers:
      Cache-Control:
      - no-cache
      Connection:
      - keep-alive
      Content-Length:
      - "14"
      Content-Security-Policy:
      - frame-ancestors 'self'; report-uri https://api.datadoghq.com/csp-report
      Content-Type:
      - application/json
      Date:
      - Thu, 27 Feb 2020 11:39:18 GMT
      Dd-Pool:
      - dogweb
      Pragma:
      - no-cache
      Set-Cookie:
      - DD-PSHARD=224; Max-Age=604800; Path=/; expires=Thu, 05-Mar-2020 11:39:18 GMT;
        secure; HttpOnly
      Strict-Transport-Security:
      - max-age=15724800;
      X-Content-Type-Options:
      - nosniff
      X-Dd-Debug:
      - NclXS5F5t+kukUaODU4jY2oSI1KBdPHFdFhJZNfbXLWDOThxbCLlKKmYvikjdDSg
      X-Dd-Version:
      - "35.2219923"
      X-Frame-Options:
      - SAMEORIGIN
    status: 200 OK
    code: 200
    duration: ""
- request:
    body: ""
    form: {}
    headers:
      User-Agent:
      - Datadog/dev/terraform (go1.13.6)
    url: https://api.datadoghq.com/api/v1/monitor/16070506
    method: GET
  response:
    body: '{"restricted_roles":null,"tags":[],"deleted":null,"query":"avg(last_1h):avg:aws.ec2.cpu{environment:foo,host:foo}
      by {host} > 2","message":"some message Notify: @hipchat-channel","id":16070506,"multi":true,"name":"name
      for monitor foo","created":"2020-02-27T11:39:16.074704+00:00","created_at":1582803556000,"creator":{"id":1628996,"handle":"jiri.kuncar@datadoghq.com","name":"Ji\u0159\u00ed
      Kun\u010dar","email":"jiri.kuncar@datadoghq.com"},"org_id":382568,"modified":"2020-02-27T11:39:16.074704+00:00","overall_state_modified":null,"overall_state":"No
      Data","type":"query alert","options":{"notify_audit":false,"locked":false,"silenced":{"*":null},"include_tags":true,"new_host_delay":300,"require_full_window":true,"notify_no_data":false}}'
    headers:
      Cache-Control:
      - no-cache
      Connection:
      - keep-alive
      Content-Security-Policy:
      - frame-ancestors 'self'; report-uri https://api.datadoghq.com/csp-report
      Content-Type:
      - application/json; charset=utf-8
      Date:
      - Thu, 27 Feb 2020 11:39:18 GMT
      Dd-Pool:
      - dogweb
      Pragma:
      - no-cache
      Set-Cookie:
      - DD-PSHARD=224; Max-Age=604800; Path=/; expires=Thu, 05-Mar-2020 11:39:18 GMT;
        secure; HttpOnly
      Strict-Transport-Security:
      - max-age=15724800;
      Vary:
      - Accept-Encoding
      X-Content-Type-Options:
      - nosniff
      X-Dd-Debug:
      - JbIYRXbRMsAVaKGy+d2H1ud8Z295ghodOPi6eELPzhmBKrZI3+dlseyrUY1cqOAd
      X-Dd-Version:
      - "35.2219923"
      X-Frame-Options:
      - SAMEORIGIN
      X-Ratelimit-Limit:
      - "3000"
      X-Ratelimit-Period:
      - "10"
      X-Ratelimit-Remaining:
      - "2981"
      X-Ratelimit-Reset:
      - "2"
    status: 200 OK
    code: 200
    duration: ""
- request:
    body: ""
    form: {}
    headers:
      User-Agent:
      - Datadog/dev/terraform (go1.13.6)
    url: https://api.datadoghq.com/api/v1/monitor/16070506
    method: GET
  response:
    body: '{"restricted_roles":null,"tags":[],"deleted":null,"query":"avg(last_1h):avg:aws.ec2.cpu{environment:foo,host:foo}
      by {host} > 2","message":"some message Notify: @hipchat-channel","id":16070506,"multi":true,"name":"name
      for monitor foo","created":"2020-02-27T11:39:16.074704+00:00","created_at":1582803556000,"creator":{"id":1628996,"handle":"jiri.kuncar@datadoghq.com","name":"Ji\u0159\u00ed
      Kun\u010dar","email":"jiri.kuncar@datadoghq.com"},"org_id":382568,"modified":"2020-02-27T11:39:16.074704+00:00","overall_state_modified":null,"overall_state":"No
      Data","type":"query alert","options":{"notify_audit":false,"locked":false,"silenced":{"*":null},"include_tags":true,"new_host_delay":300,"require_full_window":true,"notify_no_data":false}}'
    headers:
      Cache-Control:
      - no-cache
      Connection:
      - keep-alive
      Content-Security-Policy:
      - frame-ancestors 'self'; report-uri https://api.datadoghq.com/csp-report
      Content-Type:
      - application/json; charset=utf-8
      Date:
      - Thu, 27 Feb 2020 11:39:18 GMT
      Dd-Pool:
      - dogweb
      Pragma:
      - no-cache
      Set-Cookie:
      - DD-PSHARD=224; Max-Age=604800; Path=/; expires=Thu, 05-Mar-2020 11:39:18 GMT;
        secure; HttpOnly
      Strict-Transport-Security:
      - max-age=15724800;
      Vary:
      - Accept-Encoding
      X-Content-Type-Options:
      - nosniff
      X-Dd-Debug:
      - 2VXDwI2pcuhRZeQ6xt/fJh1koMYSfGcgQg5wAzgLqeh10Zf5/W946U7T5w6SEIhy
      X-Dd-Version:
      - "35.2219923"
      X-Frame-Options:
      - SAMEORIGIN
      X-Ratelimit-Limit:
      - "3000"
      X-Ratelimit-Period:
      - "10"
      X-Ratelimit-Remaining:
      - "2980"
      X-Ratelimit-Reset:
      - "2"
    status: 200 OK
    code: 200
    duration: ""
- request:
    body: ""
    form: {}
    headers: {}
    url: https://api.datadoghq.com/api/v1/validate
    method: GET
  response:
    body: '{"valid":true}'
    headers:
      Cache-Control:
      - no-cache
      Connection:
      - keep-alive
      Content-Length:
      - "14"
      Content-Security-Policy:
      - frame-ancestors 'self'; report-uri https://api.datadoghq.com/csp-report
      Content-Type:
      - application/json
      Date:
      - Thu, 27 Feb 2020 11:39:18 GMT
      Dd-Pool:
      - dogweb
      Pragma:
      - no-cache
      Set-Cookie:
      - DD-PSHARD=224; Max-Age=604800; Path=/; expires=Thu, 05-Mar-2020 11:39:18 GMT;
        secure; HttpOnly
      Strict-Transport-Security:
      - max-age=15724800;
      X-Content-Type-Options:
      - nosniff
      X-Dd-Debug:
      - EE74ncTR989SomsonUvABJWdGDkXBs7Emqj3HVDpp6NYddpvHp95kXsnHux1Es9E
      X-Dd-Version:
      - "35.2219923"
      X-Frame-Options:
      - SAMEORIGIN
    status: 200 OK
    code: 200
    duration: ""
- request:
    body: ""
    form: {}
    headers: {}
    url: https://api.datadoghq.com/api/v1/validate
    method: GET
  response:
    body: '{"valid":true}'
    headers:
      Cache-Control:
      - no-cache
      Connection:
      - keep-alive
      Content-Length:
      - "14"
      Content-Security-Policy:
      - frame-ancestors 'self'; report-uri https://api.datadoghq.com/csp-report
      Content-Type:
      - application/json
      Date:
      - Thu, 27 Feb 2020 11:39:19 GMT
      Dd-Pool:
      - dogweb
      Pragma:
      - no-cache
      Set-Cookie:
      - DD-PSHARD=224; Max-Age=604800; Path=/; expires=Thu, 05-Mar-2020 11:39:19 GMT;
        secure; HttpOnly
      Strict-Transport-Security:
      - max-age=15724800;
      X-Content-Type-Options:
      - nosniff
      X-Dd-Debug:
      - NclXS5F5t+kukUaODU4jY2oSI1KBdPHFdFhJZNfbXLWDOThxbCLlKKmYvikjdDSg
      X-Dd-Version:
      - "35.2219923"
      X-Frame-Options:
      - SAMEORIGIN
    status: 200 OK
    code: 200
    duration: ""
- request:
    body: '{"id":16070506,"query":"avg(last_1h):avg:aws.ec2.cpu{environment:foo,host:foo}
      by {host} \u003e 2","name":"name for monitor foo","message":"some message Notify:
      @hipchat-channel","tags":null,"options":{"notify_no_data":false,"new_host_delay":300,"silenced":{"*":1559759717},"include_tags":true,"require_full_window":true},"state":{}}'
    form: {}
    headers:
      Content-Type:
      - application/json
      User-Agent:
      - Datadog/dev/terraform (go1.13.6)
    url: https://api.datadoghq.com/api/v1/monitor/16070506
    method: PUT
  response:
    body: '{"restricted_roles":null,"tags":[],"deleted":null,"query":"avg(last_1h):avg:aws.ec2.cpu{environment:foo,host:foo}
      by {host} > 2","message":"some message Notify: @hipchat-channel","id":16070506,"multi":true,"name":"name
      for monitor foo","created":"2020-02-27T11:39:16.074704+00:00","created_at":1582803556000,"org_id":382568,"modified":"2020-02-27T11:39:19.258320+00:00","overall_state_modified":null,"overall_state":"No
      Data","type":"query alert","options":{"notify_audit":false,"locked":false,"silenced":{"*":1559759717},"include_tags":true,"new_host_delay":300,"require_full_window":true,"notify_no_data":false}}'
    headers:
      Cache-Control:
      - no-cache
      Connection:
      - keep-alive
      Content-Security-Policy:
      - frame-ancestors 'self'; report-uri https://api.datadoghq.com/csp-report
      Content-Type:
      - application/json; charset=utf-8
      Date:
      - Thu, 27 Feb 2020 11:39:19 GMT
      Dd-Pool:
      - dogweb
      Pragma:
      - no-cache
      Set-Cookie:
      - DD-PSHARD=224; Max-Age=604800; Path=/; expires=Thu, 05-Mar-2020 11:39:19 GMT;
        secure; HttpOnly
      Strict-Transport-Security:
      - max-age=15724800;
      Vary:
      - Accept-Encoding
      X-Content-Type-Options:
      - nosniff
      X-Dd-Debug:
      - gH++OYwf8a2QZXnzDsHHnXqPhHbI48oqNvFjE/0p0ObpMBY4290QCI5SB0tU0MAF
      X-Dd-Version:
      - "35.2219923"
      X-Frame-Options:
      - SAMEORIGIN
      X-Ratelimit-Limit:
      - "500"
      X-Ratelimit-Period:
      - "10"
      X-Ratelimit-Remaining:
      - "499"
      X-Ratelimit-Reset:
      - "1"
    status: 200 OK
    code: 200
    duration: ""
- request:
    body: ""
    form: {}
    headers:
      User-Agent:
      - Datadog/dev/terraform (go1.13.6)
    url: https://api.datadoghq.com/api/v1/monitor/16070506
    method: GET
  response:
    body: '{"restricted_roles":null,"tags":[],"deleted":null,"query":"avg(last_1h):avg:aws.ec2.cpu{environment:foo,host:foo}
      by {host} > 2","message":"some message Notify: @hipchat-channel","id":16070506,"multi":true,"name":"name
      for monitor foo","created":"2020-02-27T11:39:16.074704+00:00","created_at":1582803556000,"creator":{"id":1628996,"handle":"jiri.kuncar@datadoghq.com","name":"Ji\u0159\u00ed
      Kun\u010dar","email":"jiri.kuncar@datadoghq.com"},"org_id":382568,"modified":"2020-02-27T11:39:19.258320+00:00","overall_state_modified":null,"overall_state":"No
      Data","type":"query alert","options":{"notify_audit":false,"locked":false,"silenced":{},"include_tags":true,"new_host_delay":300,"require_full_window":true,"notify_no_data":false}}'
    headers:
      Cache-Control:
      - no-cache
      Connection:
      - keep-alive
      Content-Security-Policy:
      - frame-ancestors 'self'; report-uri https://api.datadoghq.com/csp-report
      Content-Type:
      - application/json; charset=utf-8
      Date:
      - Thu, 27 Feb 2020 11:39:19 GMT
      Dd-Pool:
      - dogweb
      Pragma:
      - no-cache
      Set-Cookie:
      - DD-PSHARD=224; Max-Age=604800; Path=/; expires=Thu, 05-Mar-2020 11:39:19 GMT;
        secure; HttpOnly
      Strict-Transport-Security:
      - max-age=15724800;
      Vary:
      - Accept-Encoding
      X-Content-Type-Options:
      - nosniff
      X-Dd-Debug:
      - aJ6GOq3zw1bWl+5n1TKdeAvWSB1g5Zer85qbkQ07UFNZhgfVh/zeqVhNb8FjtbN9
      X-Dd-Version:
      - "35.2219923"
      X-Frame-Options:
      - SAMEORIGIN
      X-Ratelimit-Limit:
      - "3000"
      X-Ratelimit-Period:
      - "10"
      X-Ratelimit-Remaining:
      - "2979"
      X-Ratelimit-Reset:
      - "1"
    status: 200 OK
    code: 200
    duration: ""
- request:
    body: ""
    form: {}
    headers:
      User-Agent:
      - Datadog/dev/terraform (go1.13.6)
    url: https://api.datadoghq.com/api/v1/monitor/16070506
    method: GET
  response:
    body: '{"restricted_roles":null,"tags":[],"deleted":null,"query":"avg(last_1h):avg:aws.ec2.cpu{environment:foo,host:foo}
      by {host} > 2","message":"some message Notify: @hipchat-channel","id":16070506,"multi":true,"name":"name
      for monitor foo","created":"2020-02-27T11:39:16.074704+00:00","created_at":1582803556000,"creator":{"id":1628996,"handle":"jiri.kuncar@datadoghq.com","name":"Ji\u0159\u00ed
      Kun\u010dar","email":"jiri.kuncar@datadoghq.com"},"org_id":382568,"modified":"2020-02-27T11:39:19.258320+00:00","overall_state_modified":null,"overall_state":"No
      Data","type":"query alert","options":{"notify_audit":false,"locked":false,"silenced":{},"include_tags":true,"new_host_delay":300,"require_full_window":true,"notify_no_data":false}}'
    headers:
      Cache-Control:
      - no-cache
      Connection:
      - keep-alive
      Content-Security-Policy:
      - frame-ancestors 'self'; report-uri https://api.datadoghq.com/csp-report
      Content-Type:
      - application/json; charset=utf-8
      Date:
      - Thu, 27 Feb 2020 11:39:19 GMT
      Dd-Pool:
      - dogweb
      Pragma:
      - no-cache
      Set-Cookie:
      - DD-PSHARD=224; Max-Age=604800; Path=/; expires=Thu, 05-Mar-2020 11:39:19 GMT;
        secure; HttpOnly
      Strict-Transport-Security:
      - max-age=15724800;
      Vary:
      - Accept-Encoding
      X-Content-Type-Options:
      - nosniff
      X-Dd-Debug:
      - 6TICFxDFBNq65Lw6aA0hO1z7nxUSiTzUAT0k7ln4UasEU6/emXomwtYWMJdIuxUV
      X-Dd-Version:
      - "35.2219923"
      X-Frame-Options:
      - SAMEORIGIN
      X-Ratelimit-Limit:
      - "3000"
      X-Ratelimit-Period:
      - "10"
      X-Ratelimit-Remaining:
      - "2978"
      X-Ratelimit-Reset:
      - "1"
    status: 200 OK
    code: 200
    duration: ""
- request:
    body: ""
    form: {}
    headers: {}
    url: https://api.datadoghq.com/api/v1/validate
    method: GET
  response:
    body: '{"valid":true}'
    headers:
      Cache-Control:
      - no-cache
      Connection:
      - keep-alive
      Content-Length:
      - "14"
      Content-Security-Policy:
      - frame-ancestors 'self'; report-uri https://api.datadoghq.com/csp-report
      Content-Type:
      - application/json
      Date:
      - Thu, 27 Feb 2020 11:39:21 GMT
      Dd-Pool:
      - dogweb
      Pragma:
      - no-cache
      Set-Cookie:
      - DD-PSHARD=224; Max-Age=604800; Path=/; expires=Thu, 05-Mar-2020 11:39:21 GMT;
        secure; HttpOnly
      Strict-Transport-Security:
      - max-age=15724800;
      X-Content-Type-Options:
      - nosniff
      X-Dd-Debug:
      - xDB9TwFteerR1wCiwj8/TgXRHM8VsESQxiCQvltAxyn4fse47E64CquSvdpyvFXM
      X-Dd-Version:
      - "35.2219923"
      X-Frame-Options:
      - SAMEORIGIN
    status: 200 OK
    code: 200
    duration: ""
- request:
    body: ""
    form: {}
    headers: {}
    url: https://api.datadoghq.com/api/v1/validate
    method: GET
  response:
    body: '{"valid":true}'
    headers:
      Cache-Control:
      - no-cache
      Connection:
      - keep-alive
      Content-Length:
      - "14"
      Content-Security-Policy:
      - frame-ancestors 'self'; report-uri https://api.datadoghq.com/csp-report
      Content-Type:
      - application/json
      Date:
      - Thu, 27 Feb 2020 11:39:21 GMT
      Dd-Pool:
      - dogweb
      Pragma:
      - no-cache
      Set-Cookie:
      - DD-PSHARD=224; Max-Age=604800; Path=/; expires=Thu, 05-Mar-2020 11:39:21 GMT;
        secure; HttpOnly
      Strict-Transport-Security:
      - max-age=15724800;
      X-Content-Type-Options:
      - nosniff
      X-Dd-Debug:
      - cYNsy3QDuOaYo2clO/PharSNtCykS9KtUfiNevH3xDbHJlRyddWkNpuDhMgHWZ43
      X-Dd-Version:
      - "35.2219923"
      X-Frame-Options:
      - SAMEORIGIN
    status: 200 OK
    code: 200
    duration: ""
- request:
    body: ""
    form: {}
    headers:
      User-Agent:
      - Datadog/dev/terraform (go1.13.6)
    url: https://api.datadoghq.com/api/v1/monitor/16070506
    method: GET
  response:
    body: '{"restricted_roles":null,"tags":[],"deleted":null,"query":"avg(last_1h):avg:aws.ec2.cpu{environment:foo,host:foo}
      by {host} > 2","message":"some message Notify: @hipchat-channel","id":16070506,"multi":true,"name":"name
      for monitor foo","created":"2020-02-27T11:39:16.074704+00:00","created_at":1582803556000,"creator":{"id":1628996,"handle":"jiri.kuncar@datadoghq.com","name":"Ji\u0159\u00ed
      Kun\u010dar","email":"jiri.kuncar@datadoghq.com"},"org_id":382568,"modified":"2020-02-27T11:39:19.258320+00:00","overall_state_modified":null,"overall_state":"No
      Data","type":"query alert","options":{"notify_audit":false,"locked":false,"silenced":{},"include_tags":true,"new_host_delay":300,"require_full_window":true,"notify_no_data":false}}'
    headers:
      Cache-Control:
      - no-cache
      Connection:
      - keep-alive
      Content-Security-Policy:
      - frame-ancestors 'self'; report-uri https://api.datadoghq.com/csp-report
      Content-Type:
      - application/json; charset=utf-8
      Date:
      - Thu, 27 Feb 2020 11:39:22 GMT
      Dd-Pool:
      - dogweb
      Pragma:
      - no-cache
      Set-Cookie:
      - DD-PSHARD=224; Max-Age=604800; Path=/; expires=Thu, 05-Mar-2020 11:39:21 GMT;
        secure; HttpOnly
      Strict-Transport-Security:
      - max-age=15724800;
      Vary:
      - Accept-Encoding
      X-Content-Type-Options:
      - nosniff
      X-Dd-Debug:
      - nDs7oXQtOYsvIIpPzuNZX0qDgGBu3ENkec7da4phztYl7kD88B7t5enRlUQmZVgO
      X-Dd-Version:
      - "35.2219923"
      X-Frame-Options:
      - SAMEORIGIN
      X-Ratelimit-Limit:
      - "3000"
      X-Ratelimit-Period:
      - "10"
      X-Ratelimit-Remaining:
      - "2999"
      X-Ratelimit-Reset:
      - "9"
    status: 200 OK
    code: 200
    duration: ""
- request:
    body: ""
    form: {}
    headers:
      User-Agent:
      - Datadog/dev/terraform (go1.13.6)
    url: https://api.datadoghq.com/api/v1/monitor/16070506
    method: GET
  response:
    body: '{"restricted_roles":null,"tags":[],"deleted":null,"query":"avg(last_1h):avg:aws.ec2.cpu{environment:foo,host:foo}
      by {host} > 2","message":"some message Notify: @hipchat-channel","id":16070506,"multi":true,"name":"name
      for monitor foo","created":"2020-02-27T11:39:16.074704+00:00","created_at":1582803556000,"creator":{"id":1628996,"handle":"jiri.kuncar@datadoghq.com","name":"Ji\u0159\u00ed
      Kun\u010dar","email":"jiri.kuncar@datadoghq.com"},"org_id":382568,"modified":"2020-02-27T11:39:19.258320+00:00","overall_state_modified":null,"overall_state":"No
      Data","type":"query alert","options":{"notify_audit":false,"locked":false,"silenced":{},"include_tags":true,"new_host_delay":300,"require_full_window":true,"notify_no_data":false}}'
    headers:
      Cache-Control:
      - no-cache
      Connection:
      - keep-alive
      Content-Security-Policy:
      - frame-ancestors 'self'; report-uri https://api.datadoghq.com/csp-report
      Content-Type:
      - application/json; charset=utf-8
      Date:
      - Thu, 27 Feb 2020 11:39:22 GMT
      Dd-Pool:
      - dogweb
      Pragma:
      - no-cache
      Set-Cookie:
      - DD-PSHARD=224; Max-Age=604800; Path=/; expires=Thu, 05-Mar-2020 11:39:22 GMT;
        secure; HttpOnly
      Strict-Transport-Security:
      - max-age=15724800;
      Vary:
      - Accept-Encoding
      X-Content-Type-Options:
      - nosniff
      X-Dd-Debug:
      - aERr2Ftx8O/BR8oAhSymZ3bVROQEC+81YMSphOQK1me4DxXSbMIcFkB0Di4ggZ++
      X-Dd-Version:
      - "35.2219923"
      X-Frame-Options:
      - SAMEORIGIN
      X-Ratelimit-Limit:
      - "3000"
      X-Ratelimit-Period:
      - "10"
      X-Ratelimit-Remaining:
      - "2998"
      X-Ratelimit-Reset:
      - "8"
    status: 200 OK
    code: 200
    duration: ""
- request:
    body: ""
    form: {}
    headers: {}
    url: https://api.datadoghq.com/api/v1/validate
    method: GET
  response:
    body: '{"valid":true}'
    headers:
      Cache-Control:
      - no-cache
      Connection:
      - keep-alive
      Content-Length:
      - "14"
      Content-Security-Policy:
      - frame-ancestors 'self'; report-uri https://api.datadoghq.com/csp-report
      Content-Type:
      - application/json
      Date:
      - Thu, 27 Feb 2020 11:39:22 GMT
      Dd-Pool:
      - dogweb
      Pragma:
      - no-cache
      Set-Cookie:
      - DD-PSHARD=224; Max-Age=604800; Path=/; expires=Thu, 05-Mar-2020 11:39:22 GMT;
        secure; HttpOnly
      Strict-Transport-Security:
      - max-age=15724800;
      X-Content-Type-Options:
      - nosniff
      X-Dd-Debug:
      - qQjtInIx1/QKXFlq6Yoz4D/caW/S2oJqgJl91CEEpXrlxRmYHcLgIFCRCvW61KAy
      X-Dd-Version:
      - "35.2219923"
      X-Frame-Options:
      - SAMEORIGIN
    status: 200 OK
    code: 200
    duration: ""
- request:
    body: ""
    form: {}
    headers: {}
    url: https://api.datadoghq.com/api/v1/validate
    method: GET
  response:
    body: '{"valid":true}'
    headers:
      Cache-Control:
      - no-cache
      Connection:
      - keep-alive
      Content-Length:
      - "14"
      Content-Security-Policy:
      - frame-ancestors 'self'; report-uri https://api.datadoghq.com/csp-report
      Content-Type:
      - application/json
      Date:
      - Thu, 27 Feb 2020 11:39:22 GMT
      Dd-Pool:
      - dogweb
      Pragma:
      - no-cache
      Set-Cookie:
      - DD-PSHARD=224; Max-Age=604800; Path=/; expires=Thu, 05-Mar-2020 11:39:22 GMT;
        secure; HttpOnly
      Strict-Transport-Security:
      - max-age=15724800;
      X-Content-Type-Options:
      - nosniff
      X-Dd-Debug:
      - oiF9oLqSEnBWpAh9z89c+Ruy9xKAqrdZzQPjGsNOxlGQNWaw3sCTSoKaMkMdPunL
      X-Dd-Version:
      - "35.2219923"
      X-Frame-Options:
      - SAMEORIGIN
    status: 200 OK
    code: 200
    duration: ""
- request:
    body: ""
    form: {}
    headers:
      User-Agent:
      - Datadog/dev/terraform (go1.13.6)
    url: https://api.datadoghq.com/api/v1/monitor/16070506
    method: GET
  response:
    body: '{"restricted_roles":null,"tags":[],"deleted":null,"query":"avg(last_1h):avg:aws.ec2.cpu{environment:foo,host:foo}
      by {host} > 2","message":"some message Notify: @hipchat-channel","id":16070506,"multi":true,"name":"name
      for monitor foo","created":"2020-02-27T11:39:16.074704+00:00","created_at":1582803556000,"creator":{"id":1628996,"handle":"jiri.kuncar@datadoghq.com","name":"Ji\u0159\u00ed
      Kun\u010dar","email":"jiri.kuncar@datadoghq.com"},"org_id":382568,"modified":"2020-02-27T11:39:19.258320+00:00","overall_state_modified":null,"overall_state":"No
      Data","type":"query alert","options":{"notify_audit":false,"locked":false,"silenced":{},"include_tags":true,"new_host_delay":300,"require_full_window":true,"notify_no_data":false}}'
    headers:
      Cache-Control:
      - no-cache
      Connection:
      - keep-alive
      Content-Security-Policy:
      - frame-ancestors 'self'; report-uri https://api.datadoghq.com/csp-report
      Content-Type:
      - application/json; charset=utf-8
      Date:
      - Thu, 27 Feb 2020 11:39:22 GMT
      Dd-Pool:
      - dogweb
      Pragma:
      - no-cache
      Set-Cookie:
      - DD-PSHARD=224; Max-Age=604800; Path=/; expires=Thu, 05-Mar-2020 11:39:22 GMT;
        secure; HttpOnly
      Strict-Transport-Security:
      - max-age=15724800;
      Vary:
      - Accept-Encoding
      X-Content-Type-Options:
      - nosniff
      X-Dd-Debug:
      - Jhz2Lh32XBCZ7PVSj7/lof8hXjgbtiexG4VIRWAEYHPFefqyYpXnVaeT62yBncrB
      X-Dd-Version:
      - "35.2219923"
      X-Frame-Options:
      - SAMEORIGIN
      X-Ratelimit-Limit:
      - "3000"
      X-Ratelimit-Period:
      - "10"
      X-Ratelimit-Remaining:
      - "2997"
      X-Ratelimit-Reset:
      - "8"
    status: 200 OK
    code: 200
    duration: ""
- request:
    body: ""
    form: {}
    headers:
      User-Agent:
      - Datadog/dev/terraform (go1.13.6)
    url: https://api.datadoghq.com/api/v1/monitor/16070506
    method: GET
  response:
    body: '{"restricted_roles":null,"tags":[],"deleted":null,"query":"avg(last_1h):avg:aws.ec2.cpu{environment:foo,host:foo}
      by {host} > 2","message":"some message Notify: @hipchat-channel","id":16070506,"multi":true,"name":"name
      for monitor foo","created":"2020-02-27T11:39:16.074704+00:00","created_at":1582803556000,"creator":{"id":1628996,"handle":"jiri.kuncar@datadoghq.com","name":"Ji\u0159\u00ed
      Kun\u010dar","email":"jiri.kuncar@datadoghq.com"},"org_id":382568,"modified":"2020-02-27T11:39:19.258320+00:00","overall_state_modified":null,"overall_state":"No
      Data","type":"query alert","options":{"notify_audit":false,"locked":false,"silenced":{},"include_tags":true,"new_host_delay":300,"require_full_window":true,"notify_no_data":false}}'
    headers:
      Cache-Control:
      - no-cache
      Connection:
      - keep-alive
      Content-Security-Policy:
      - frame-ancestors 'self'; report-uri https://api.datadoghq.com/csp-report
      Content-Type:
      - application/json; charset=utf-8
      Date:
      - Thu, 27 Feb 2020 11:39:22 GMT
      Dd-Pool:
      - dogweb
      Pragma:
      - no-cache
      Set-Cookie:
      - DD-PSHARD=224; Max-Age=604800; Path=/; expires=Thu, 05-Mar-2020 11:39:22 GMT;
        secure; HttpOnly
      Strict-Transport-Security:
      - max-age=15724800;
      Vary:
      - Accept-Encoding
      X-Content-Type-Options:
      - nosniff
      X-Dd-Debug:
      - fqgAnnBv1js3TBerHAS1jOASlx3n1xB+hOOrFOLO2ZaBfZ3rktA3gzUaBetB5haL
      X-Dd-Version:
      - "35.2219923"
      X-Frame-Options:
      - SAMEORIGIN
      X-Ratelimit-Limit:
      - "3000"
      X-Ratelimit-Period:
      - "10"
      X-Ratelimit-Remaining:
      - "2996"
      X-Ratelimit-Reset:
      - "8"
    status: 200 OK
    code: 200
    duration: ""
- request:
    body: ""
    form: {}
    headers: {}
    url: https://api.datadoghq.com/api/v1/validate
    method: GET
  response:
    body: '{"valid":true}'
    headers:
      Cache-Control:
      - no-cache
      Connection:
      - keep-alive
      Content-Length:
      - "14"
      Content-Security-Policy:
      - frame-ancestors 'self'; report-uri https://api.datadoghq.com/csp-report
      Content-Type:
      - application/json
      Date:
      - Thu, 27 Feb 2020 11:39:23 GMT
      Dd-Pool:
      - dogweb
      Pragma:
      - no-cache
      Set-Cookie:
      - DD-PSHARD=224; Max-Age=604800; Path=/; expires=Thu, 05-Mar-2020 11:39:23 GMT;
        secure; HttpOnly
      Strict-Transport-Security:
      - max-age=15724800;
      X-Content-Type-Options:
      - nosniff
      X-Dd-Debug:
      - KKQq2SiaDLpychKSp47ffvU6SRxUV+VzBWr187ESkULBuGOI+kREfb/2NCy8DAWC
      X-Dd-Version:
      - "35.2219923"
      X-Frame-Options:
      - SAMEORIGIN
    status: 200 OK
    code: 200
    duration: ""
- request:
    body: ""
    form: {}
    headers: {}
    url: https://api.datadoghq.com/api/v1/validate
    method: GET
  response:
    body: '{"valid":true}'
    headers:
      Cache-Control:
      - no-cache
      Connection:
      - keep-alive
      Content-Length:
      - "14"
      Content-Security-Policy:
      - frame-ancestors 'self'; report-uri https://api.datadoghq.com/csp-report
      Content-Type:
      - application/json
      Date:
      - Thu, 27 Feb 2020 11:39:23 GMT
      Dd-Pool:
      - dogweb
      Pragma:
      - no-cache
      Set-Cookie:
      - DD-PSHARD=224; Max-Age=604800; Path=/; expires=Thu, 05-Mar-2020 11:39:23 GMT;
        secure; HttpOnly
      Strict-Transport-Security:
      - max-age=15724800;
      X-Content-Type-Options:
      - nosniff
      X-Dd-Debug:
      - 5gIeAyE850e1lqVwTAgwvudewR8EzuQd3qGaXsS2D0CKQVhFOIjBoeQYiH0qPohy
      X-Dd-Version:
      - "35.2219923"
      X-Frame-Options:
      - SAMEORIGIN
    status: 200 OK
    code: 200
    duration: ""
- request:
    body: ""
    form: {}
    headers: {}
    url: https://api.datadoghq.com/api/v1/validate
    method: GET
  response:
    body: '{"valid":true}'
    headers:
      Cache-Control:
      - no-cache
      Connection:
      - keep-alive
      Content-Length:
      - "14"
      Content-Security-Policy:
      - frame-ancestors 'self'; report-uri https://api.datadoghq.com/csp-report
      Content-Type:
      - application/json
      Date:
      - Thu, 27 Feb 2020 11:39:23 GMT
      Dd-Pool:
      - dogweb
      Pragma:
      - no-cache
      Set-Cookie:
      - DD-PSHARD=224; Max-Age=604800; Path=/; expires=Thu, 05-Mar-2020 11:39:23 GMT;
        secure; HttpOnly
      Strict-Transport-Security:
      - max-age=15724800;
      X-Content-Type-Options:
      - nosniff
      X-Dd-Debug:
      - 0Ldh7zbvTvxG6fwW0tw8N7mZPnI2XNOUoKCE8H0O1+b4UJVtdo0G52qWoFveZXDz
      X-Dd-Version:
      - "35.2219923"
      X-Frame-Options:
      - SAMEORIGIN
    status: 200 OK
    code: 200
    duration: ""
- request:
    body: ""
    form: {}
    headers: {}
    url: https://api.datadoghq.com/api/v1/validate
    method: GET
  response:
    body: '{"valid":true}'
    headers:
      Cache-Control:
      - no-cache
      Connection:
      - keep-alive
      Content-Length:
      - "14"
      Content-Security-Policy:
      - frame-ancestors 'self'; report-uri https://api.datadoghq.com/csp-report
      Content-Type:
      - application/json
      Date:
      - Thu, 27 Feb 2020 11:39:23 GMT
      Dd-Pool:
      - dogweb
      Pragma:
      - no-cache
      Set-Cookie:
      - DD-PSHARD=224; Max-Age=604800; Path=/; expires=Thu, 05-Mar-2020 11:39:23 GMT;
        secure; HttpOnly
      Strict-Transport-Security:
      - max-age=15724800;
      X-Content-Type-Options:
      - nosniff
      X-Dd-Debug:
      - JbIYRXbRMsAVaKGy+d2H1ud8Z295ghodOPi6eELPzhmBKrZI3+dlseyrUY1cqOAd
      X-Dd-Version:
      - "35.2219923"
      X-Frame-Options:
      - SAMEORIGIN
    status: 200 OK
    code: 200
    duration: ""
- request:
    body: ""
    form: {}
    headers:
      User-Agent:
      - Datadog/dev/terraform (go1.13.6)
    url: https://api.datadoghq.com/api/v1/monitor/16070506
    method: GET
  response:
    body: '{"restricted_roles":null,"tags":[],"deleted":null,"query":"avg(last_1h):avg:aws.ec2.cpu{environment:foo,host:foo}
      by {host} > 2","message":"some message Notify: @hipchat-channel","id":16070506,"multi":true,"name":"name
      for monitor foo","created":"2020-02-27T11:39:16.074704+00:00","created_at":1582803556000,"creator":{"id":1628996,"handle":"jiri.kuncar@datadoghq.com","name":"Ji\u0159\u00ed
      Kun\u010dar","email":"jiri.kuncar@datadoghq.com"},"org_id":382568,"modified":"2020-02-27T11:39:19.258320+00:00","overall_state_modified":null,"overall_state":"No
      Data","type":"query alert","options":{"notify_audit":false,"locked":false,"silenced":{},"include_tags":true,"new_host_delay":300,"require_full_window":true,"notify_no_data":false}}'
    headers:
      Cache-Control:
      - no-cache
      Connection:
      - keep-alive
      Content-Security-Policy:
      - frame-ancestors 'self'; report-uri https://api.datadoghq.com/csp-report
      Content-Type:
      - application/json; charset=utf-8
      Date:
      - Thu, 27 Feb 2020 11:39:23 GMT
      Dd-Pool:
      - dogweb
      Pragma:
      - no-cache
      Set-Cookie:
      - DD-PSHARD=224; Max-Age=604800; Path=/; expires=Thu, 05-Mar-2020 11:39:23 GMT;
        secure; HttpOnly
      Strict-Transport-Security:
      - max-age=15724800;
      Vary:
      - Accept-Encoding
      X-Content-Type-Options:
      - nosniff
      X-Dd-Debug:
      - pT9LlAdgAzlrCUxMXQkBRs/Qti76jKIHng1uB0/SctAaYjB4WqOgOZYpCbOMQKll
      X-Dd-Version:
      - "35.2219923"
      X-Frame-Options:
      - SAMEORIGIN
      X-Ratelimit-Limit:
      - "3000"
      X-Ratelimit-Period:
      - "10"
      X-Ratelimit-Remaining:
      - "2995"
      X-Ratelimit-Reset:
      - "7"
    status: 200 OK
    code: 200
    duration: ""
- request:
    body: ""
    form: {}
    headers:
      User-Agent:
      - Datadog/dev/terraform (go1.13.6)
    url: https://api.datadoghq.com/api/v1/monitor/16070506
    method: GET
  response:
    body: '{"restricted_roles":null,"tags":[],"deleted":null,"query":"avg(last_1h):avg:aws.ec2.cpu{environment:foo,host:foo}
      by {host} > 2","message":"some message Notify: @hipchat-channel","id":16070506,"multi":true,"name":"name
      for monitor foo","created":"2020-02-27T11:39:16.074704+00:00","created_at":1582803556000,"creator":{"id":1628996,"handle":"jiri.kuncar@datadoghq.com","name":"Ji\u0159\u00ed
      Kun\u010dar","email":"jiri.kuncar@datadoghq.com"},"org_id":382568,"modified":"2020-02-27T11:39:19.258320+00:00","overall_state_modified":null,"overall_state":"No
      Data","type":"query alert","options":{"notify_audit":false,"locked":false,"silenced":{},"include_tags":true,"new_host_delay":300,"require_full_window":true,"notify_no_data":false}}'
    headers:
      Cache-Control:
      - no-cache
      Connection:
      - keep-alive
      Content-Security-Policy:
      - frame-ancestors 'self'; report-uri https://api.datadoghq.com/csp-report
      Content-Type:
      - application/json; charset=utf-8
      Date:
      - Thu, 27 Feb 2020 11:39:23 GMT
      Dd-Pool:
      - dogweb
      Pragma:
      - no-cache
      Set-Cookie:
      - DD-PSHARD=224; Max-Age=604800; Path=/; expires=Thu, 05-Mar-2020 11:39:23 GMT;
        secure; HttpOnly
      Strict-Transport-Security:
      - max-age=15724800;
      Vary:
      - Accept-Encoding
      X-Content-Type-Options:
      - nosniff
      X-Dd-Debug:
      - ztq+F8HwxRthTKNo0l2MCEDK5uwvgQzF00nWu49lHsBM51hGZBm/pPILDqupy+Xd
      X-Dd-Version:
      - "35.2219923"
      X-Frame-Options:
      - SAMEORIGIN
      X-Ratelimit-Limit:
      - "3000"
      X-Ratelimit-Period:
      - "10"
      X-Ratelimit-Remaining:
      - "2994"
      X-Ratelimit-Reset:
      - "7"
    status: 200 OK
    code: 200
    duration: ""
- request:
    body: ""
    form: {}
    headers: {}
    url: https://api.datadoghq.com/api/v1/validate
    method: GET
  response:
    body: '{"valid":true}'
    headers:
      Cache-Control:
      - no-cache
      Connection:
      - keep-alive
      Content-Length:
      - "14"
      Content-Security-Policy:
      - frame-ancestors 'self'; report-uri https://api.datadoghq.com/csp-report
      Content-Type:
      - application/json
      Date:
      - Thu, 27 Feb 2020 11:39:23 GMT
      Dd-Pool:
      - dogweb
      Pragma:
      - no-cache
      Set-Cookie:
      - DD-PSHARD=224; Max-Age=604800; Path=/; expires=Thu, 05-Mar-2020 11:39:23 GMT;
        secure; HttpOnly
      Strict-Transport-Security:
      - max-age=15724800;
      X-Content-Type-Options:
      - nosniff
      X-Dd-Debug:
      - xDB9TwFteerR1wCiwj8/TgXRHM8VsESQxiCQvltAxyn4fse47E64CquSvdpyvFXM
      X-Dd-Version:
      - "35.2219923"
      X-Frame-Options:
      - SAMEORIGIN
    status: 200 OK
    code: 200
    duration: ""
- request:
    body: ""
    form: {}
    headers: {}
    url: https://api.datadoghq.com/api/v1/validate
    method: GET
  response:
    body: '{"valid":true}'
    headers:
      Cache-Control:
      - no-cache
      Connection:
      - keep-alive
      Content-Length:
      - "14"
      Content-Security-Policy:
      - frame-ancestors 'self'; report-uri https://api.datadoghq.com/csp-report
      Content-Type:
      - application/json
      Date:
      - Thu, 27 Feb 2020 11:39:24 GMT
      Dd-Pool:
      - dogweb
      Pragma:
      - no-cache
      Set-Cookie:
      - DD-PSHARD=224; Max-Age=604800; Path=/; expires=Thu, 05-Mar-2020 11:39:24 GMT;
        secure; HttpOnly
      Strict-Transport-Security:
      - max-age=15724800;
      X-Content-Type-Options:
      - nosniff
      X-Dd-Debug:
      - e8t0cvW5uVKXk1zUsTcAcDpqv28dgy+lCs/R2sCfbKW6stomFiq2a4ijzxRdPBn5
      X-Dd-Version:
      - "35.2219923"
      X-Frame-Options:
      - SAMEORIGIN
    status: 200 OK
    code: 200
    duration: ""
- request:
    body: ""
    form: {}
    headers:
      User-Agent:
      - Datadog/dev/terraform (go1.13.6)
    url: https://api.datadoghq.com/api/v1/monitor/16070506
    method: GET
  response:
    body: '{"restricted_roles":null,"tags":[],"deleted":null,"query":"avg(last_1h):avg:aws.ec2.cpu{environment:foo,host:foo}
      by {host} > 2","message":"some message Notify: @hipchat-channel","id":16070506,"multi":true,"name":"name
      for monitor foo","created":"2020-02-27T11:39:16.074704+00:00","created_at":1582803556000,"creator":{"id":1628996,"handle":"jiri.kuncar@datadoghq.com","name":"Ji\u0159\u00ed
      Kun\u010dar","email":"jiri.kuncar@datadoghq.com"},"org_id":382568,"modified":"2020-02-27T11:39:19.258320+00:00","overall_state_modified":null,"overall_state":"No
      Data","type":"query alert","options":{"notify_audit":false,"locked":false,"silenced":{},"include_tags":true,"new_host_delay":300,"require_full_window":true,"notify_no_data":false}}'
    headers:
      Cache-Control:
      - no-cache
      Connection:
      - keep-alive
      Content-Security-Policy:
      - frame-ancestors 'self'; report-uri https://api.datadoghq.com/csp-report
      Content-Type:
      - application/json; charset=utf-8
      Date:
      - Thu, 27 Feb 2020 11:39:24 GMT
      Dd-Pool:
      - dogweb
      Pragma:
      - no-cache
      Set-Cookie:
      - DD-PSHARD=224; Max-Age=604800; Path=/; expires=Thu, 05-Mar-2020 11:39:24 GMT;
        secure; HttpOnly
      Strict-Transport-Security:
      - max-age=15724800;
      Vary:
      - Accept-Encoding
      X-Content-Type-Options:
      - nosniff
      X-Dd-Debug:
      - jety+2H6BA1H4x31+wzy5BjqI2NDwh54fgbjSYyrLU0p2tWQPCCTKspX7sHO7u1n
      X-Dd-Version:
      - "35.2219923"
      X-Frame-Options:
      - SAMEORIGIN
      X-Ratelimit-Limit:
      - "3000"
      X-Ratelimit-Period:
      - "10"
      X-Ratelimit-Remaining:
      - "2993"
      X-Ratelimit-Reset:
      - "6"
    status: 200 OK
    code: 200
    duration: ""
- request:
    body: ""
    form: {}
    headers:
      User-Agent:
      - Datadog/dev/terraform (go1.13.6)
    url: https://api.datadoghq.com/api/v1/monitor/16070506
    method: GET
  response:
    body: '{"restricted_roles":null,"tags":[],"deleted":null,"query":"avg(last_1h):avg:aws.ec2.cpu{environment:foo,host:foo}
      by {host} > 2","message":"some message Notify: @hipchat-channel","id":16070506,"multi":true,"name":"name
      for monitor foo","created":"2020-02-27T11:39:16.074704+00:00","created_at":1582803556000,"creator":{"id":1628996,"handle":"jiri.kuncar@datadoghq.com","name":"Ji\u0159\u00ed
      Kun\u010dar","email":"jiri.kuncar@datadoghq.com"},"org_id":382568,"modified":"2020-02-27T11:39:19.258320+00:00","overall_state_modified":null,"overall_state":"No
      Data","type":"query alert","options":{"notify_audit":false,"locked":false,"silenced":{},"include_tags":true,"new_host_delay":300,"require_full_window":true,"notify_no_data":false}}'
    headers:
      Cache-Control:
      - no-cache
      Connection:
      - keep-alive
      Content-Security-Policy:
      - frame-ancestors 'self'; report-uri https://api.datadoghq.com/csp-report
      Content-Type:
      - application/json; charset=utf-8
      Date:
      - Thu, 27 Feb 2020 11:39:24 GMT
      Dd-Pool:
      - dogweb
      Pragma:
      - no-cache
      Set-Cookie:
      - DD-PSHARD=224; Max-Age=604800; Path=/; expires=Thu, 05-Mar-2020 11:39:24 GMT;
        secure; HttpOnly
      Strict-Transport-Security:
      - max-age=15724800;
      Vary:
      - Accept-Encoding
      X-Content-Type-Options:
      - nosniff
      X-Dd-Debug:
      - DAk/CQntZmry+u4cYsuVOELuKFo1I3NzKRNwPlY9WvlbH+rffk5VylB8tKDaSRWP
      X-Dd-Version:
      - "35.2219923"
      X-Frame-Options:
      - SAMEORIGIN
      X-Ratelimit-Limit:
      - "3000"
      X-Ratelimit-Period:
      - "10"
      X-Ratelimit-Remaining:
      - "2992"
      X-Ratelimit-Reset:
      - "6"
    status: 200 OK
    code: 200
    duration: ""
- request:
    body: ""
    form: {}
    headers: {}
    url: https://api.datadoghq.com/api/v1/validate
    method: GET
  response:
    body: '{"valid":true}'
    headers:
      Cache-Control:
      - no-cache
      Connection:
      - keep-alive
      Content-Length:
      - "14"
      Content-Security-Policy:
      - frame-ancestors 'self'; report-uri https://api.datadoghq.com/csp-report
      Content-Type:
      - application/json
      Date:
      - Thu, 27 Feb 2020 11:39:24 GMT
      Dd-Pool:
      - dogweb
      Pragma:
      - no-cache
      Set-Cookie:
      - DD-PSHARD=224; Max-Age=604800; Path=/; expires=Thu, 05-Mar-2020 11:39:24 GMT;
        secure; HttpOnly
      Strict-Transport-Security:
      - max-age=15724800;
      X-Content-Type-Options:
      - nosniff
      X-Dd-Debug:
      - ns395qtajdi4vImLC5PhByq3vzX3KV9r4kOaLqZ3Kb42AGxxpM06vNzB/Pdubr1b
      X-Dd-Version:
      - "35.2219923"
      X-Frame-Options:
      - SAMEORIGIN
    status: 200 OK
    code: 200
    duration: ""
- request:
    body: ""
    form: {}
    headers:
      User-Agent:
      - Datadog/dev/terraform (go1.13.6)
    url: https://api.datadoghq.com/api/v1/monitor/16070506
    method: DELETE
  response:
    body: '{"deleted_monitor_id":16070506}'
    headers:
      Cache-Control:
      - no-cache
      Connection:
      - keep-alive
      Content-Security-Policy:
      - frame-ancestors 'self'; report-uri https://api.datadoghq.com/csp-report
      Content-Type:
      - application/json; charset=utf-8
      Date:
      - Thu, 27 Feb 2020 11:39:24 GMT
      Dd-Pool:
      - dogweb
      Pragma:
      - no-cache
      Set-Cookie:
      - DD-PSHARD=224; Max-Age=604800; Path=/; expires=Thu, 05-Mar-2020 11:39:24 GMT;
        secure; HttpOnly
      Strict-Transport-Security:
      - max-age=15724800;
      Vary:
      - Accept-Encoding
      X-Content-Type-Options:
      - nosniff
      X-Dd-Debug:
      - xDB9TwFteerR1wCiwj8/TgXRHM8VsESQxiCQvltAxyn4fse47E64CquSvdpyvFXM
      X-Dd-Version:
      - "35.2219923"
      X-Frame-Options:
      - SAMEORIGIN
    status: 200 OK
    code: 200
    duration: ""
- request:
    body: ""
    form: {}
    headers:
      User-Agent:
      - Datadog/dev/terraform (go1.13.6)
    url: https://api.datadoghq.com/api/v1/monitor/16070506
    method: GET
  response:
    body: '{"errors":["Monitor not found"]}'
    headers:
      Cache-Control:
      - no-cache
      Connection:
      - keep-alive
      Content-Security-Policy:
      - frame-ancestors 'self'; report-uri https://api.datadoghq.com/csp-report
      Content-Type:
      - application/json
      Date:
      - Thu, 27 Feb 2020 11:39:25 GMT
      Dd-Pool:
      - dogweb
      Pragma:
      - no-cache
      Strict-Transport-Security:
      - max-age=15724800;
      Vary:
      - Accept-Encoding
      X-Content-Type-Options:
      - nosniff
      X-Dd-Version:
      - "35.2219923"
      X-Frame-Options:
      - SAMEORIGIN
      X-Ratelimit-Limit:
      - "3000"
      X-Ratelimit-Period:
      - "10"
      X-Ratelimit-Remaining:
      - "2991"
      X-Ratelimit-Reset:
      - "5"
    status: 404 Not Found
    code: 404
    duration: ""
