---
version: 1
interactions:
- request:
    body: ""
    form: {}
    headers: {}
    url: https://api.datadoghq.com/api/v1/validate
    method: GET
  response:
    body: '{"valid":true}'
    headers:
      Cache-Control:
      - no-cache
      Connection:
      - keep-alive
      Content-Length:
      - "14"
      Content-Security-Policy:
      - frame-ancestors 'self'; report-uri https://api.datadoghq.com/csp-report
      Content-Type:
      - application/json
      Date:
      - Thu, 27 Feb 2020 11:35:44 GMT
      Dd-Pool:
      - dogweb
      Pragma:
      - no-cache
      Set-Cookie:
      - DD-PSHARD=224; Max-Age=604800; Path=/; expires=Thu, 05-Mar-2020 11:35:44 GMT;
        secure; HttpOnly
      Strict-Transport-Security:
      - max-age=15724800;
      X-Content-Type-Options:
      - nosniff
      X-Dd-Debug:
      - OdMYjD4Lcx2EOYJ2NSqLNRIyMqxNYyUQxCcT6zY9ZmZ+zl9yipXz0nuLjH5hVxTY
      X-Dd-Version:
      - "35.2219923"
      X-Frame-Options:
      - SAMEORIGIN
    status: 200 OK
    code: 200
    duration: ""
- request:
    body: ""
    form: {}
    headers: {}
    url: https://api.datadoghq.com/api/v1/validate
    method: GET
  response:
    body: '{"valid":true}'
    headers:
      Cache-Control:
      - no-cache
      Connection:
      - keep-alive
      Content-Length:
      - "14"
      Content-Security-Policy:
      - frame-ancestors 'self'; report-uri https://api.datadoghq.com/csp-report
      Content-Type:
      - application/json
      Date:
      - Thu, 27 Feb 2020 11:35:44 GMT
      Dd-Pool:
      - dogweb
      Pragma:
      - no-cache
      Set-Cookie:
      - DD-PSHARD=224; Max-Age=604800; Path=/; expires=Thu, 05-Mar-2020 11:35:44 GMT;
        secure; HttpOnly
      Strict-Transport-Security:
      - max-age=15724800;
      X-Content-Type-Options:
      - nosniff
      X-Dd-Debug:
      - CFSDBBie5Okt4N1oWVJNTAqpt778eCo7VQZ0NhVFWw8MHYFUwuA7DURhpFRYY+Wy
      X-Dd-Version:
      - "35.2219923"
      X-Frame-Options:
      - SAMEORIGIN
    status: 200 OK
    code: 200
    duration: ""
- request:
    body: '{"handle":"test@example.com","name":"Test User"}'
    form: {}
    headers:
      Content-Type:
      - application/json
      User-Agent:
      - Datadog/dev/terraform (go1.13.6)
    url: https://api.datadoghq.com/api/v1/user
    method: POST
  response:
    body: '{"user":{"disabled":true,"handle":"test@example.com","name":"Test User","title":null,"is_admin":false,"role":null,"access_role":"st","verified":false,"email":"test@example.com","icon":"https://secure.gravatar.com/avatar/55502f40dc8b7c769880b10874abc9d0?s=48&d=retro"}}'
    headers:
      Cache-Control:
      - no-cache
      Connection:
      - keep-alive
      Content-Security-Policy:
      - frame-ancestors 'self'; report-uri https://api.datadoghq.com/csp-report
      Content-Type:
      - application/json
      Date:
      - Thu, 27 Feb 2020 11:35:45 GMT
      Dd-Pool:
      - dogweb
      Pragma:
      - no-cache
      Set-Cookie:
      - DD-PSHARD=224; Max-Age=604800; Path=/; expires=Thu, 05-Mar-2020 11:35:44 GMT;
        secure; HttpOnly
      Strict-Transport-Security:
      - max-age=15724800;
      Vary:
      - Accept-Encoding
      X-Content-Type-Options:
      - nosniff
      X-Dd-Debug:
      - fGPsEOteKPqWrypJlOWIRpMZD2l0VjpTiFY5o5e56+jFb+ShdPzcenDH6s8Ah62s
      X-Dd-Version:
      - "35.2219923"
      X-Frame-Options:
      - SAMEORIGIN
    status: 200 OK
    code: 200
    duration: ""
- request:
    body: '{"email":"test@example.com","name":"Test User","access_role":"st","disabled":false,"is_admin":false}'
    form: {}
    headers:
      Content-Type:
      - application/json
      User-Agent:
      - Datadog/dev/terraform (go1.13.6)
    url: https://api.datadoghq.com/api/v1/user/test@example.com
    method: PUT
  response:
    body: '{"user":{"disabled":false,"handle":"test@example.com","name":"Test User","title":null,"is_admin":false,"role":null,"access_role":"st","verified":false,"email":"test@example.com","icon":"https://secure.gravatar.com/avatar/55502f40dc8b7c769880b10874abc9d0?s=48&d=retro"}}'
    headers:
      Cache-Control:
      - no-cache
      Connection:
      - keep-alive
      Content-Security-Policy:
      - frame-ancestors 'self'; report-uri https://api.datadoghq.com/csp-report
      Content-Type:
      - application/json
      Date:
      - Thu, 27 Feb 2020 11:35:45 GMT
      Dd-Pool:
      - dogweb
      Pragma:
      - no-cache
      Set-Cookie:
      - DD-PSHARD=224; Max-Age=604800; Path=/; expires=Thu, 05-Mar-2020 11:35:45 GMT;
        secure; HttpOnly
      Strict-Transport-Security:
      - max-age=15724800;
      Vary:
      - Accept-Encoding
      X-Content-Type-Options:
      - nosniff
      X-Dd-Debug:
      - xKFgbVhCHArG4Y0sXMtZ5P8r3tuxi63adTKFxNzM7f4aJAAu82zS1Bp7ak9HjM4Y
      X-Dd-Version:
      - "35.2219923"
      X-Frame-Options:
      - SAMEORIGIN
    status: 200 OK
    code: 200
    duration: ""
- request:
    body: ""
    form: {}
    headers:
      User-Agent:
      - Datadog/dev/terraform (go1.13.6)
    url: https://api.datadoghq.com/api/v1/user/test@example.com
    method: GET
  response:
    body: '{"user":{"handle":"test@example.com","access_role":"st","disabled":false,"is_admin":false,"icon":"https://secure.gravatar.com/avatar/55502f40dc8b7c769880b10874abc9d0?s=48&d=retro","verified":false,"name":"Test
      User","roles":[{"uuid":"c827950e-57ad-11ea-a799-7799a3e4da8c","created_at":"2020-02-25T09:04:09.017252","name":"Datadog
      Standard Role","last_modified":"2020-02-25T09:04:09.017252","id":1044471,"permissions":[{"display_name":"Monitors
      Manage Downtimes","description":"The ability to set downtimes for your organization.
      A user with this permission can suppress alerts from any monitor using a downtime,
      even if they do not have permission to edit those monitors explicitly.","restricted":false,"created_at":"2019-09-16T18:39:23.306702","name":"monitors_downtime","uuid":"4d87d5f8-d8b1-11e9-a77a-eb9c8350d04f"},{"display_name":"Monitors","description":"The
      ability to change, mute, and delete individual monitors.","restricted":false,"created_at":"2019-09-16T18:39:15.597109","name":"monitors_write","uuid":"48ef71ea-d8b1-11e9-a77a-93f408470ad0"},{"display_name":"Monitors","description":"The
      ability to view monitors.","restricted":true,"created_at":"2019-09-16T18:39:07.744297","name":"monitors_read","uuid":"4441648c-d8b1-11e9-a77a-1b899a04b304"},{"display_name":"Dashboards
      Share","description":"The ability to share dashboards externally.","restricted":false,"created_at":"2019-09-10T14:39:51.967094","name":"dashboards_public_share","uuid":"d90f6832-d3d8-11e9-a77a-bf8a2607f864"},{"display_name":"Dashboards","description":"The
      ability to create and change dashboards.","restricted":false,"created_at":"2019-09-10T14:39:51.962944","name":"dashboards_write","uuid":"d90f6831-d3d8-11e9-a77a-4fd230ddbc6a"},{"display_name":"Dashboards","description":"The
      ability to view dashboards.","restricted":true,"created_at":"2019-09-10T14:39:51.955175","name":"dashboards_read","uuid":"d90f6830-d3d8-11e9-a77a-b3404e5e9ee2"},{"display_name":"Log
      Generate Metrics","description":"The ability to create custom metrics from logs.","restricted":false,"created_at":"2019-07-25T12:27:39.640758","name":"logs_generate_metrics","uuid":"979df720-aed7-11e9-99c6-a7eb8373165a"},{"display_name":"Logs
      Write Pipelines","description":"The ability to add and change log pipeline configurations,
      including the ability to grant the Logs Write Processors permission to other
      roles, for some or all pipelines. This permission also grants global Log Processor
      Write implicitly.","restricted":false,"created_at":"2018-10-31T13:40:17.996379","name":"logs_write_pipelines","uuid":"811ac4ca-dd12-11e8-9e57-676a7f0beef9"},{"display_name":"Logs
      Live Tail Access","description":"The ability to view the live tail feed for
      all log indexes, even if otherwise specifically restricted.","restricted":false,"created_at":"2018-10-31T13:39:48.292879","name":"logs_live_tail","uuid":"6f66600e-dd12-11e8-9e55-7f30fbb45e73"},{"display_name":"Logs
      Modify Indexes","description":"The ability to read and modify all indexes in
      your account. This includes the ability to grant the Logs Read Index Data and
      Logs Write Exclusion Filter permission to other roles, for some or all indexes.
      This permission also grants global Log Index Read and Log Exclusion Filter Write
      implicitly.","restricted":false,"created_at":"2018-10-31T13:39:27.148615","name":"logs_modify_indexes","uuid":"62cc036c-dd12-11e8-9e54-db9995643092"},{"display_name":"Standard
      Access","description":"This permission gives you the ability to view and edit
      components in your Datadog organization that do not have explicitly defined
      permissions. This includes APM, Events, and other non-Account Management functionality.","restricted":false,"created_at":"2018-10-19T15:35:23.756736","name":"standard","uuid":"984d2f00-d3b4-11e8-a200-bb47109e9987"}]}],"title":null,"role":null,"email":"test@example.com"}}'
    headers:
      Cache-Control:
      - no-cache
      Connection:
      - keep-alive
      Content-Security-Policy:
      - frame-ancestors 'self'; report-uri https://api.datadoghq.com/csp-report
      Content-Type:
      - application/json
      Date:
      - Thu, 27 Feb 2020 11:35:45 GMT
      Dd-Pool:
      - dogweb
      Pragma:
      - no-cache
      Set-Cookie:
      - DD-PSHARD=224; Max-Age=604800; Path=/; expires=Thu, 05-Mar-2020 11:35:45 GMT;
        secure; HttpOnly
      Strict-Transport-Security:
      - max-age=15724800;
      Vary:
      - Accept-Encoding
      X-Content-Type-Options:
      - nosniff
      X-Dd-Debug:
      - ucJMu0SEwqvJ36fqkYRsP+glKObktTtdBf6X17lKXJ4+xOn7nFKnx11beu1ycofn
      X-Dd-Version:
      - "35.2219923"
      X-Frame-Options:
      - SAMEORIGIN
    status: 200 OK
    code: 200
    duration: ""
- request:
    body: ""
    form: {}
    headers: {}
    url: https://api.datadoghq.com/api/v1/validate
    method: GET
  response:
    body: '{"valid":true}'
    headers:
      Cache-Control:
      - no-cache
      Connection:
      - keep-alive
      Content-Length:
      - "14"
      Content-Security-Policy:
      - frame-ancestors 'self'; report-uri https://api.datadoghq.com/csp-report
      Content-Type:
      - application/json
      Date:
      - Thu, 27 Feb 2020 11:35:45 GMT
      Dd-Pool:
      - dogweb
      Pragma:
      - no-cache
      Set-Cookie:
      - DD-PSHARD=224; Max-Age=604800; Path=/; expires=Thu, 05-Mar-2020 11:35:45 GMT;
        secure; HttpOnly
      Strict-Transport-Security:
      - max-age=15724800;
      X-Content-Type-Options:
      - nosniff
      X-Dd-Debug:
      - gCSZ7BDMU1GjNFaR6hO6ZgwcgG3iOVugDLAlbR+YVBEuMFHhC330JIFkvjLveHm3
      X-Dd-Version:
      - "35.2219923"
      X-Frame-Options:
      - SAMEORIGIN
    status: 200 OK
    code: 200
    duration: ""
- request:
    body: ""
    form: {}
    headers: {}
    url: https://api.datadoghq.com/api/v1/validate
    method: GET
  response:
    body: '{"valid":true}'
    headers:
      Cache-Control:
      - no-cache
      Connection:
      - keep-alive
      Content-Length:
      - "14"
      Content-Security-Policy:
      - frame-ancestors 'self'; report-uri https://api.datadoghq.com/csp-report
      Content-Type:
      - application/json
      Date:
      - Thu, 27 Feb 2020 11:35:46 GMT
      Dd-Pool:
      - dogweb
      Pragma:
      - no-cache
      Set-Cookie:
      - DD-PSHARD=224; Max-Age=604800; Path=/; expires=Thu, 05-Mar-2020 11:35:45 GMT;
        secure; HttpOnly
      Strict-Transport-Security:
      - max-age=15724800;
      X-Content-Type-Options:
      - nosniff
      X-Dd-Debug:
      - em3KoJu1XYdqq1w4EpLi4L54svjYBxZahEDJ8c5gcdIOxnNafHMdF5LLysPLuNcH
      X-Dd-Version:
      - "35.2219923"
      X-Frame-Options:
      - SAMEORIGIN
    status: 200 OK
    code: 200
    duration: ""
- request:
    body: ""
    form: {}
    headers:
      User-Agent:
      - Datadog/dev/terraform (go1.13.6)
    url: https://api.datadoghq.com/api/v1/user/test@example.com
    method: GET
  response:
    body: '{"user":{"handle":"test@example.com","access_role":"st","disabled":false,"is_admin":false,"icon":"https://secure.gravatar.com/avatar/55502f40dc8b7c769880b10874abc9d0?s=48&d=retro","verified":false,"name":"Test
      User","roles":[{"uuid":"c827950e-57ad-11ea-a799-7799a3e4da8c","created_at":"2020-02-25T09:04:09.017252","name":"Datadog
      Standard Role","last_modified":"2020-02-25T09:04:09.017252","id":1044471,"permissions":[{"display_name":"Monitors
      Manage Downtimes","description":"The ability to set downtimes for your organization.
      A user with this permission can suppress alerts from any monitor using a downtime,
      even if they do not have permission to edit those monitors explicitly.","restricted":false,"created_at":"2019-09-16T18:39:23.306702","name":"monitors_downtime","uuid":"4d87d5f8-d8b1-11e9-a77a-eb9c8350d04f"},{"display_name":"Monitors","description":"The
      ability to change, mute, and delete individual monitors.","restricted":false,"created_at":"2019-09-16T18:39:15.597109","name":"monitors_write","uuid":"48ef71ea-d8b1-11e9-a77a-93f408470ad0"},{"display_name":"Monitors","description":"The
      ability to view monitors.","restricted":true,"created_at":"2019-09-16T18:39:07.744297","name":"monitors_read","uuid":"4441648c-d8b1-11e9-a77a-1b899a04b304"},{"display_name":"Dashboards
      Share","description":"The ability to share dashboards externally.","restricted":false,"created_at":"2019-09-10T14:39:51.967094","name":"dashboards_public_share","uuid":"d90f6832-d3d8-11e9-a77a-bf8a2607f864"},{"display_name":"Dashboards","description":"The
      ability to create and change dashboards.","restricted":false,"created_at":"2019-09-10T14:39:51.962944","name":"dashboards_write","uuid":"d90f6831-d3d8-11e9-a77a-4fd230ddbc6a"},{"display_name":"Dashboards","description":"The
      ability to view dashboards.","restricted":true,"created_at":"2019-09-10T14:39:51.955175","name":"dashboards_read","uuid":"d90f6830-d3d8-11e9-a77a-b3404e5e9ee2"},{"display_name":"Log
      Generate Metrics","description":"The ability to create custom metrics from logs.","restricted":false,"created_at":"2019-07-25T12:27:39.640758","name":"logs_generate_metrics","uuid":"979df720-aed7-11e9-99c6-a7eb8373165a"},{"display_name":"Logs
      Write Pipelines","description":"The ability to add and change log pipeline configurations,
      including the ability to grant the Logs Write Processors permission to other
      roles, for some or all pipelines. This permission also grants global Log Processor
      Write implicitly.","restricted":false,"created_at":"2018-10-31T13:40:17.996379","name":"logs_write_pipelines","uuid":"811ac4ca-dd12-11e8-9e57-676a7f0beef9"},{"display_name":"Logs
      Live Tail Access","description":"The ability to view the live tail feed for
      all log indexes, even if otherwise specifically restricted.","restricted":false,"created_at":"2018-10-31T13:39:48.292879","name":"logs_live_tail","uuid":"6f66600e-dd12-11e8-9e55-7f30fbb45e73"},{"display_name":"Logs
      Modify Indexes","description":"The ability to read and modify all indexes in
      your account. This includes the ability to grant the Logs Read Index Data and
      Logs Write Exclusion Filter permission to other roles, for some or all indexes.
      This permission also grants global Log Index Read and Log Exclusion Filter Write
      implicitly.","restricted":false,"created_at":"2018-10-31T13:39:27.148615","name":"logs_modify_indexes","uuid":"62cc036c-dd12-11e8-9e54-db9995643092"},{"display_name":"Standard
      Access","description":"This permission gives you the ability to view and edit
      components in your Datadog organization that do not have explicitly defined
      permissions. This includes APM, Events, and other non-Account Management functionality.","restricted":false,"created_at":"2018-10-19T15:35:23.756736","name":"standard","uuid":"984d2f00-d3b4-11e8-a200-bb47109e9987"}]}],"title":null,"role":null,"email":"test@example.com"}}'
    headers:
      Cache-Control:
      - no-cache
      Connection:
      - keep-alive
      Content-Security-Policy:
      - frame-ancestors 'self'; report-uri https://api.datadoghq.com/csp-report
      Content-Type:
      - application/json
      Date:
      - Thu, 27 Feb 2020 11:35:46 GMT
      Dd-Pool:
      - dogweb
      Pragma:
      - no-cache
      Set-Cookie:
      - DD-PSHARD=224; Max-Age=604800; Path=/; expires=Thu, 05-Mar-2020 11:35:46 GMT;
        secure; HttpOnly
      Strict-Transport-Security:
      - max-age=15724800;
      Vary:
      - Accept-Encoding
      X-Content-Type-Options:
      - nosniff
      X-Dd-Debug:
      - pNNj5PhODCVJlRBPEhZP3s9KL9kvFYv//TnGsiPp+3AqL7R5kIW2JlCWtfMcXeFn
      X-Dd-Version:
      - "35.2219923"
      X-Frame-Options:
      - SAMEORIGIN
    status: 200 OK
    code: 200
    duration: ""
- request:
    body: ""
    form: {}
    headers:
      User-Agent:
      - Datadog/dev/terraform (go1.13.6)
    url: https://api.datadoghq.com/api/v1/user/test@example.com
    method: GET
  response:
    body: '{"user":{"handle":"test@example.com","access_role":"st","disabled":false,"is_admin":false,"icon":"https://secure.gravatar.com/avatar/55502f40dc8b7c769880b10874abc9d0?s=48&d=retro","verified":false,"name":"Test
      User","roles":[{"uuid":"c827950e-57ad-11ea-a799-7799a3e4da8c","created_at":"2020-02-25T09:04:09.017252","name":"Datadog
      Standard Role","last_modified":"2020-02-25T09:04:09.017252","id":1044471,"permissions":[{"display_name":"Monitors
      Manage Downtimes","description":"The ability to set downtimes for your organization.
      A user with this permission can suppress alerts from any monitor using a downtime,
      even if they do not have permission to edit those monitors explicitly.","restricted":false,"created_at":"2019-09-16T18:39:23.306702","name":"monitors_downtime","uuid":"4d87d5f8-d8b1-11e9-a77a-eb9c8350d04f"},{"display_name":"Monitors","description":"The
      ability to change, mute, and delete individual monitors.","restricted":false,"created_at":"2019-09-16T18:39:15.597109","name":"monitors_write","uuid":"48ef71ea-d8b1-11e9-a77a-93f408470ad0"},{"display_name":"Monitors","description":"The
      ability to view monitors.","restricted":true,"created_at":"2019-09-16T18:39:07.744297","name":"monitors_read","uuid":"4441648c-d8b1-11e9-a77a-1b899a04b304"},{"display_name":"Dashboards
      Share","description":"The ability to share dashboards externally.","restricted":false,"created_at":"2019-09-10T14:39:51.967094","name":"dashboards_public_share","uuid":"d90f6832-d3d8-11e9-a77a-bf8a2607f864"},{"display_name":"Dashboards","description":"The
      ability to create and change dashboards.","restricted":false,"created_at":"2019-09-10T14:39:51.962944","name":"dashboards_write","uuid":"d90f6831-d3d8-11e9-a77a-4fd230ddbc6a"},{"display_name":"Dashboards","description":"The
      ability to view dashboards.","restricted":true,"created_at":"2019-09-10T14:39:51.955175","name":"dashboards_read","uuid":"d90f6830-d3d8-11e9-a77a-b3404e5e9ee2"},{"display_name":"Log
      Generate Metrics","description":"The ability to create custom metrics from logs.","restricted":false,"created_at":"2019-07-25T12:27:39.640758","name":"logs_generate_metrics","uuid":"979df720-aed7-11e9-99c6-a7eb8373165a"},{"display_name":"Logs
      Write Pipelines","description":"The ability to add and change log pipeline configurations,
      including the ability to grant the Logs Write Processors permission to other
      roles, for some or all pipelines. This permission also grants global Log Processor
      Write implicitly.","restricted":false,"created_at":"2018-10-31T13:40:17.996379","name":"logs_write_pipelines","uuid":"811ac4ca-dd12-11e8-9e57-676a7f0beef9"},{"display_name":"Logs
      Live Tail Access","description":"The ability to view the live tail feed for
      all log indexes, even if otherwise specifically restricted.","restricted":false,"created_at":"2018-10-31T13:39:48.292879","name":"logs_live_tail","uuid":"6f66600e-dd12-11e8-9e55-7f30fbb45e73"},{"display_name":"Logs
      Modify Indexes","description":"The ability to read and modify all indexes in
      your account. This includes the ability to grant the Logs Read Index Data and
      Logs Write Exclusion Filter permission to other roles, for some or all indexes.
      This permission also grants global Log Index Read and Log Exclusion Filter Write
      implicitly.","restricted":false,"created_at":"2018-10-31T13:39:27.148615","name":"logs_modify_indexes","uuid":"62cc036c-dd12-11e8-9e54-db9995643092"},{"display_name":"Standard
      Access","description":"This permission gives you the ability to view and edit
      components in your Datadog organization that do not have explicitly defined
      permissions. This includes APM, Events, and other non-Account Management functionality.","restricted":false,"created_at":"2018-10-19T15:35:23.756736","name":"standard","uuid":"984d2f00-d3b4-11e8-a200-bb47109e9987"}]}],"title":null,"role":null,"email":"test@example.com"}}'
    headers:
      Cache-Control:
      - no-cache
      Connection:
      - keep-alive
      Content-Security-Policy:
      - frame-ancestors 'self'; report-uri https://api.datadoghq.com/csp-report
      Content-Type:
      - application/json
      Date:
      - Thu, 27 Feb 2020 11:35:46 GMT
      Dd-Pool:
      - dogweb
      Pragma:
      - no-cache
      Set-Cookie:
      - DD-PSHARD=224; Max-Age=604800; Path=/; expires=Thu, 05-Mar-2020 11:35:46 GMT;
        secure; HttpOnly
      Strict-Transport-Security:
      - max-age=15724800;
      Vary:
      - Accept-Encoding
      X-Content-Type-Options:
      - nosniff
      X-Dd-Debug:
      - qA85Kiicwd/s93AfT3MSf+l6IYc5FQ6tEbp4Kft/ri41UOumJ967MPQKmz3gwejd
      X-Dd-Version:
      - "35.2219923"
      X-Frame-Options:
      - SAMEORIGIN
    status: 200 OK
    code: 200
    duration: ""
- request:
    body: ""
    form: {}
    headers: {}
    url: https://api.datadoghq.com/api/v1/validate
    method: GET
  response:
    body: '{"valid":true}'
    headers:
      Cache-Control:
      - no-cache
      Connection:
      - keep-alive
      Content-Length:
      - "14"
      Content-Security-Policy:
      - frame-ancestors 'self'; report-uri https://api.datadoghq.com/csp-report
      Content-Type:
      - application/json
      Date:
      - Thu, 27 Feb 2020 11:35:46 GMT
      Dd-Pool:
      - dogweb
      Pragma:
      - no-cache
      Set-Cookie:
      - DD-PSHARD=224; Max-Age=604800; Path=/; expires=Thu, 05-Mar-2020 11:35:46 GMT;
        secure; HttpOnly
      Strict-Transport-Security:
      - max-age=15724800;
      X-Content-Type-Options:
      - nosniff
      X-Dd-Debug:
      - aiFdvD+ESSGWQuLeXGShIAaySBrTSq6aZf+crfPnDVFrMRUU9f0HobLUCBopvakz
      X-Dd-Version:
      - "35.2219923"
      X-Frame-Options:
      - SAMEORIGIN
    status: 200 OK
    code: 200
    duration: ""
- request:
    body: ""
    form: {}
    headers: {}
    url: https://api.datadoghq.com/api/v1/validate
    method: GET
  response:
    body: '{"valid":true}'
    headers:
      Cache-Control:
      - no-cache
      Connection:
      - keep-alive
      Content-Length:
      - "14"
      Content-Security-Policy:
      - frame-ancestors 'self'; report-uri https://api.datadoghq.com/csp-report
      Content-Type:
      - application/json
      Date:
      - Thu, 27 Feb 2020 11:35:46 GMT
      Dd-Pool:
      - dogweb
      Pragma:
      - no-cache
      Set-Cookie:
      - DD-PSHARD=224; Max-Age=604800; Path=/; expires=Thu, 05-Mar-2020 11:35:46 GMT;
        secure; HttpOnly
      Strict-Transport-Security:
      - max-age=15724800;
      X-Content-Type-Options:
      - nosniff
      X-Dd-Debug:
      - i/tjaZJ1Vhpke5HNSziupF5eEnHtDP3NjcuF7Ija0/AGuxq0WEQiFfpqy+mDADxv
      X-Dd-Version:
      - "35.2219923"
      X-Frame-Options:
      - SAMEORIGIN
    status: 200 OK
    code: 200
    duration: ""
- request:
    body: ""
    form: {}
    headers:
      User-Agent:
      - Datadog/dev/terraform (go1.13.6)
    url: https://api.datadoghq.com/api/v1/user/test@example.com
    method: GET
  response:
    body: '{"user":{"handle":"test@example.com","access_role":"st","disabled":false,"is_admin":false,"icon":"https://secure.gravatar.com/avatar/55502f40dc8b7c769880b10874abc9d0?s=48&d=retro","verified":false,"name":"Test
      User","roles":[{"uuid":"c827950e-57ad-11ea-a799-7799a3e4da8c","created_at":"2020-02-25T09:04:09.017252","name":"Datadog
      Standard Role","last_modified":"2020-02-25T09:04:09.017252","id":1044471,"permissions":[{"display_name":"Monitors
      Manage Downtimes","description":"The ability to set downtimes for your organization.
      A user with this permission can suppress alerts from any monitor using a downtime,
      even if they do not have permission to edit those monitors explicitly.","restricted":false,"created_at":"2019-09-16T18:39:23.306702","name":"monitors_downtime","uuid":"4d87d5f8-d8b1-11e9-a77a-eb9c8350d04f"},{"display_name":"Monitors","description":"The
      ability to change, mute, and delete individual monitors.","restricted":false,"created_at":"2019-09-16T18:39:15.597109","name":"monitors_write","uuid":"48ef71ea-d8b1-11e9-a77a-93f408470ad0"},{"display_name":"Monitors","description":"The
      ability to view monitors.","restricted":true,"created_at":"2019-09-16T18:39:07.744297","name":"monitors_read","uuid":"4441648c-d8b1-11e9-a77a-1b899a04b304"},{"display_name":"Dashboards
      Share","description":"The ability to share dashboards externally.","restricted":false,"created_at":"2019-09-10T14:39:51.967094","name":"dashboards_public_share","uuid":"d90f6832-d3d8-11e9-a77a-bf8a2607f864"},{"display_name":"Dashboards","description":"The
      ability to create and change dashboards.","restricted":false,"created_at":"2019-09-10T14:39:51.962944","name":"dashboards_write","uuid":"d90f6831-d3d8-11e9-a77a-4fd230ddbc6a"},{"display_name":"Dashboards","description":"The
      ability to view dashboards.","restricted":true,"created_at":"2019-09-10T14:39:51.955175","name":"dashboards_read","uuid":"d90f6830-d3d8-11e9-a77a-b3404e5e9ee2"},{"display_name":"Log
      Generate Metrics","description":"The ability to create custom metrics from logs.","restricted":false,"created_at":"2019-07-25T12:27:39.640758","name":"logs_generate_metrics","uuid":"979df720-aed7-11e9-99c6-a7eb8373165a"},{"display_name":"Logs
      Write Pipelines","description":"The ability to add and change log pipeline configurations,
      including the ability to grant the Logs Write Processors permission to other
      roles, for some or all pipelines. This permission also grants global Log Processor
      Write implicitly.","restricted":false,"created_at":"2018-10-31T13:40:17.996379","name":"logs_write_pipelines","uuid":"811ac4ca-dd12-11e8-9e57-676a7f0beef9"},{"display_name":"Logs
      Live Tail Access","description":"The ability to view the live tail feed for
      all log indexes, even if otherwise specifically restricted.","restricted":false,"created_at":"2018-10-31T13:39:48.292879","name":"logs_live_tail","uuid":"6f66600e-dd12-11e8-9e55-7f30fbb45e73"},{"display_name":"Logs
      Modify Indexes","description":"The ability to read and modify all indexes in
      your account. This includes the ability to grant the Logs Read Index Data and
      Logs Write Exclusion Filter permission to other roles, for some or all indexes.
      This permission also grants global Log Index Read and Log Exclusion Filter Write
      implicitly.","restricted":false,"created_at":"2018-10-31T13:39:27.148615","name":"logs_modify_indexes","uuid":"62cc036c-dd12-11e8-9e54-db9995643092"},{"display_name":"Standard
      Access","description":"This permission gives you the ability to view and edit
      components in your Datadog organization that do not have explicitly defined
      permissions. This includes APM, Events, and other non-Account Management functionality.","restricted":false,"created_at":"2018-10-19T15:35:23.756736","name":"standard","uuid":"984d2f00-d3b4-11e8-a200-bb47109e9987"}]}],"title":null,"role":null,"email":"test@example.com"}}'
    headers:
      Cache-Control:
      - no-cache
      Connection:
      - keep-alive
      Content-Security-Policy:
      - frame-ancestors 'self'; report-uri https://api.datadoghq.com/csp-report
      Content-Type:
      - application/json
      Date:
      - Thu, 27 Feb 2020 11:35:46 GMT
      Dd-Pool:
      - dogweb
      Pragma:
      - no-cache
      Set-Cookie:
      - DD-PSHARD=224; Max-Age=604800; Path=/; expires=Thu, 05-Mar-2020 11:35:46 GMT;
        secure; HttpOnly
      Strict-Transport-Security:
      - max-age=15724800;
      Vary:
      - Accept-Encoding
      X-Content-Type-Options:
      - nosniff
      X-Dd-Debug:
      - 8jOW1djIgkdkj4STw+0pQ3G+kGKfu548DWINvnE6phacY0k9vgC3cU1LaI38XIYk
      X-Dd-Version:
      - "35.2219923"
      X-Frame-Options:
      - SAMEORIGIN
    status: 200 OK
    code: 200
    duration: ""
- request:
    body: ""
    form: {}
    headers:
      User-Agent:
      - Datadog/dev/terraform (go1.13.6)
    url: https://api.datadoghq.com/api/v1/user/test@example.com
    method: GET
  response:
    body: '{"user":{"handle":"test@example.com","access_role":"st","disabled":false,"is_admin":false,"icon":"https://secure.gravatar.com/avatar/55502f40dc8b7c769880b10874abc9d0?s=48&d=retro","verified":false,"name":"Test
      User","roles":[{"uuid":"c827950e-57ad-11ea-a799-7799a3e4da8c","created_at":"2020-02-25T09:04:09.017252","name":"Datadog
      Standard Role","last_modified":"2020-02-25T09:04:09.017252","id":1044471,"permissions":[{"display_name":"Monitors
      Manage Downtimes","description":"The ability to set downtimes for your organization.
      A user with this permission can suppress alerts from any monitor using a downtime,
      even if they do not have permission to edit those monitors explicitly.","restricted":false,"created_at":"2019-09-16T18:39:23.306702","name":"monitors_downtime","uuid":"4d87d5f8-d8b1-11e9-a77a-eb9c8350d04f"},{"display_name":"Monitors","description":"The
      ability to change, mute, and delete individual monitors.","restricted":false,"created_at":"2019-09-16T18:39:15.597109","name":"monitors_write","uuid":"48ef71ea-d8b1-11e9-a77a-93f408470ad0"},{"display_name":"Monitors","description":"The
      ability to view monitors.","restricted":true,"created_at":"2019-09-16T18:39:07.744297","name":"monitors_read","uuid":"4441648c-d8b1-11e9-a77a-1b899a04b304"},{"display_name":"Dashboards
      Share","description":"The ability to share dashboards externally.","restricted":false,"created_at":"2019-09-10T14:39:51.967094","name":"dashboards_public_share","uuid":"d90f6832-d3d8-11e9-a77a-bf8a2607f864"},{"display_name":"Dashboards","description":"The
      ability to create and change dashboards.","restricted":false,"created_at":"2019-09-10T14:39:51.962944","name":"dashboards_write","uuid":"d90f6831-d3d8-11e9-a77a-4fd230ddbc6a"},{"display_name":"Dashboards","description":"The
      ability to view dashboards.","restricted":true,"created_at":"2019-09-10T14:39:51.955175","name":"dashboards_read","uuid":"d90f6830-d3d8-11e9-a77a-b3404e5e9ee2"},{"display_name":"Log
      Generate Metrics","description":"The ability to create custom metrics from logs.","restricted":false,"created_at":"2019-07-25T12:27:39.640758","name":"logs_generate_metrics","uuid":"979df720-aed7-11e9-99c6-a7eb8373165a"},{"display_name":"Logs
      Write Pipelines","description":"The ability to add and change log pipeline configurations,
      including the ability to grant the Logs Write Processors permission to other
      roles, for some or all pipelines. This permission also grants global Log Processor
      Write implicitly.","restricted":false,"created_at":"2018-10-31T13:40:17.996379","name":"logs_write_pipelines","uuid":"811ac4ca-dd12-11e8-9e57-676a7f0beef9"},{"display_name":"Logs
      Live Tail Access","description":"The ability to view the live tail feed for
      all log indexes, even if otherwise specifically restricted.","restricted":false,"created_at":"2018-10-31T13:39:48.292879","name":"logs_live_tail","uuid":"6f66600e-dd12-11e8-9e55-7f30fbb45e73"},{"display_name":"Logs
      Modify Indexes","description":"The ability to read and modify all indexes in
      your account. This includes the ability to grant the Logs Read Index Data and
      Logs Write Exclusion Filter permission to other roles, for some or all indexes.
      This permission also grants global Log Index Read and Log Exclusion Filter Write
      implicitly.","restricted":false,"created_at":"2018-10-31T13:39:27.148615","name":"logs_modify_indexes","uuid":"62cc036c-dd12-11e8-9e54-db9995643092"},{"display_name":"Standard
      Access","description":"This permission gives you the ability to view and edit
      components in your Datadog organization that do not have explicitly defined
      permissions. This includes APM, Events, and other non-Account Management functionality.","restricted":false,"created_at":"2018-10-19T15:35:23.756736","name":"standard","uuid":"984d2f00-d3b4-11e8-a200-bb47109e9987"}]}],"title":null,"role":null,"email":"test@example.com"}}'
    headers:
      Cache-Control:
      - no-cache
      Connection:
      - keep-alive
      Content-Security-Policy:
      - frame-ancestors 'self'; report-uri https://api.datadoghq.com/csp-report
      Content-Type:
      - application/json
      Date:
      - Thu, 27 Feb 2020 11:35:46 GMT
      Dd-Pool:
      - dogweb
      Pragma:
      - no-cache
      Set-Cookie:
      - DD-PSHARD=224; Max-Age=604800; Path=/; expires=Thu, 05-Mar-2020 11:35:46 GMT;
        secure; HttpOnly
      Strict-Transport-Security:
      - max-age=15724800;
      Vary:
      - Accept-Encoding
      X-Content-Type-Options:
      - nosniff
      X-Dd-Debug:
      - rpB/2GMZHvzTHZxhwmnNa1XnSQuif7FV+gIndoDc8IvUeRNb65r4x+P7Djp1119C
      X-Dd-Version:
      - "35.2219923"
      X-Frame-Options:
      - SAMEORIGIN
    status: 200 OK
    code: 200
    duration: ""
- request:
    body: ""
    form: {}
    headers:
      User-Agent:
      - Datadog/dev/terraform (go1.13.6)
    url: https://api.datadoghq.com/api/v1/user/test@example.com
    method: GET
  response:
    body: '{"user":{"handle":"test@example.com","access_role":"st","disabled":false,"is_admin":false,"icon":"https://secure.gravatar.com/avatar/55502f40dc8b7c769880b10874abc9d0?s=48&d=retro","verified":false,"name":"Test
      User","roles":[{"uuid":"c827950e-57ad-11ea-a799-7799a3e4da8c","created_at":"2020-02-25T09:04:09.017252","name":"Datadog
      Standard Role","last_modified":"2020-02-25T09:04:09.017252","id":1044471,"permissions":[{"display_name":"Monitors
      Manage Downtimes","description":"The ability to set downtimes for your organization.
      A user with this permission can suppress alerts from any monitor using a downtime,
      even if they do not have permission to edit those monitors explicitly.","restricted":false,"created_at":"2019-09-16T18:39:23.306702","name":"monitors_downtime","uuid":"4d87d5f8-d8b1-11e9-a77a-eb9c8350d04f"},{"display_name":"Monitors","description":"The
      ability to change, mute, and delete individual monitors.","restricted":false,"created_at":"2019-09-16T18:39:15.597109","name":"monitors_write","uuid":"48ef71ea-d8b1-11e9-a77a-93f408470ad0"},{"display_name":"Monitors","description":"The
      ability to view monitors.","restricted":true,"created_at":"2019-09-16T18:39:07.744297","name":"monitors_read","uuid":"4441648c-d8b1-11e9-a77a-1b899a04b304"},{"display_name":"Dashboards
      Share","description":"The ability to share dashboards externally.","restricted":false,"created_at":"2019-09-10T14:39:51.967094","name":"dashboards_public_share","uuid":"d90f6832-d3d8-11e9-a77a-bf8a2607f864"},{"display_name":"Dashboards","description":"The
      ability to create and change dashboards.","restricted":false,"created_at":"2019-09-10T14:39:51.962944","name":"dashboards_write","uuid":"d90f6831-d3d8-11e9-a77a-4fd230ddbc6a"},{"display_name":"Dashboards","description":"The
      ability to view dashboards.","restricted":true,"created_at":"2019-09-10T14:39:51.955175","name":"dashboards_read","uuid":"d90f6830-d3d8-11e9-a77a-b3404e5e9ee2"},{"display_name":"Log
      Generate Metrics","description":"The ability to create custom metrics from logs.","restricted":false,"created_at":"2019-07-25T12:27:39.640758","name":"logs_generate_metrics","uuid":"979df720-aed7-11e9-99c6-a7eb8373165a"},{"display_name":"Logs
      Write Pipelines","description":"The ability to add and change log pipeline configurations,
      including the ability to grant the Logs Write Processors permission to other
      roles, for some or all pipelines. This permission also grants global Log Processor
      Write implicitly.","restricted":false,"created_at":"2018-10-31T13:40:17.996379","name":"logs_write_pipelines","uuid":"811ac4ca-dd12-11e8-9e57-676a7f0beef9"},{"display_name":"Logs
      Live Tail Access","description":"The ability to view the live tail feed for
      all log indexes, even if otherwise specifically restricted.","restricted":false,"created_at":"2018-10-31T13:39:48.292879","name":"logs_live_tail","uuid":"6f66600e-dd12-11e8-9e55-7f30fbb45e73"},{"display_name":"Logs
      Modify Indexes","description":"The ability to read and modify all indexes in
      your account. This includes the ability to grant the Logs Read Index Data and
      Logs Write Exclusion Filter permission to other roles, for some or all indexes.
      This permission also grants global Log Index Read and Log Exclusion Filter Write
      implicitly.","restricted":false,"created_at":"2018-10-31T13:39:27.148615","name":"logs_modify_indexes","uuid":"62cc036c-dd12-11e8-9e54-db9995643092"},{"display_name":"Standard
      Access","description":"This permission gives you the ability to view and edit
      components in your Datadog organization that do not have explicitly defined
      permissions. This includes APM, Events, and other non-Account Management functionality.","restricted":false,"created_at":"2018-10-19T15:35:23.756736","name":"standard","uuid":"984d2f00-d3b4-11e8-a200-bb47109e9987"}]}],"title":null,"role":null,"email":"test@example.com"}}'
    headers:
      Cache-Control:
      - no-cache
      Connection:
      - keep-alive
      Content-Security-Policy:
      - frame-ancestors 'self'; report-uri https://api.datadoghq.com/csp-report
      Content-Type:
      - application/json
      Date:
      - Thu, 27 Feb 2020 11:35:47 GMT
      Dd-Pool:
      - dogweb
      Pragma:
      - no-cache
      Set-Cookie:
      - DD-PSHARD=224; Max-Age=604800; Path=/; expires=Thu, 05-Mar-2020 11:35:47 GMT;
        secure; HttpOnly
      Strict-Transport-Security:
      - max-age=15724800;
      Vary:
      - Accept-Encoding
      X-Content-Type-Options:
      - nosniff
      X-Dd-Debug:
      - HTCsbjwqQM0jTFHFq9ukWObBv4f/yxvHIxzrANPhzJkr6s3+rN5uCN3TcZuK2V2B
      X-Dd-Version:
      - "35.2219923"
      X-Frame-Options:
      - SAMEORIGIN
    status: 200 OK
    code: 200
    duration: ""
- request:
    body: ""
    form: {}
    headers: {}
    url: https://api.datadoghq.com/api/v1/validate
    method: GET
  response:
    body: '{"valid":true}'
    headers:
      Cache-Control:
      - no-cache
      Connection:
      - keep-alive
      Content-Length:
      - "14"
      Content-Security-Policy:
      - frame-ancestors 'self'; report-uri https://api.datadoghq.com/csp-report
      Content-Type:
      - application/json
      Date:
      - Thu, 27 Feb 2020 11:35:47 GMT
      Dd-Pool:
      - dogweb
      Pragma:
      - no-cache
      Set-Cookie:
      - DD-PSHARD=224; Max-Age=604800; Path=/; expires=Thu, 05-Mar-2020 11:35:47 GMT;
        secure; HttpOnly
      Strict-Transport-Security:
      - max-age=15724800;
      X-Content-Type-Options:
      - nosniff
      X-Dd-Debug:
      - Wpac2a5DsHa/eqG3DjQhOxPXeBQRcLxZ18fT3wn3gFeruJMdJwvfZxTA9hAiHLHZ
      X-Dd-Version:
      - "35.2219923"
      X-Frame-Options:
      - SAMEORIGIN
    status: 200 OK
    code: 200
    duration: ""
- request:
    body: ""
    form: {}
    headers:
      User-Agent:
      - Datadog/dev/terraform (go1.13.6)
    url: https://api.datadoghq.com/api/v1/user/test@example.com
    method: GET
  response:
    body: '{"user":{"handle":"test@example.com","access_role":"st","disabled":false,"is_admin":false,"icon":"https://secure.gravatar.com/avatar/55502f40dc8b7c769880b10874abc9d0?s=48&d=retro","verified":false,"name":"Test
      User","roles":[{"uuid":"c827950e-57ad-11ea-a799-7799a3e4da8c","created_at":"2020-02-25T09:04:09.017252","name":"Datadog
      Standard Role","last_modified":"2020-02-25T09:04:09.017252","id":1044471,"permissions":[{"display_name":"Monitors
      Manage Downtimes","description":"The ability to set downtimes for your organization.
      A user with this permission can suppress alerts from any monitor using a downtime,
      even if they do not have permission to edit those monitors explicitly.","restricted":false,"created_at":"2019-09-16T18:39:23.306702","name":"monitors_downtime","uuid":"4d87d5f8-d8b1-11e9-a77a-eb9c8350d04f"},{"display_name":"Monitors","description":"The
      ability to change, mute, and delete individual monitors.","restricted":false,"created_at":"2019-09-16T18:39:15.597109","name":"monitors_write","uuid":"48ef71ea-d8b1-11e9-a77a-93f408470ad0"},{"display_name":"Monitors","description":"The
      ability to view monitors.","restricted":true,"created_at":"2019-09-16T18:39:07.744297","name":"monitors_read","uuid":"4441648c-d8b1-11e9-a77a-1b899a04b304"},{"display_name":"Dashboards
      Share","description":"The ability to share dashboards externally.","restricted":false,"created_at":"2019-09-10T14:39:51.967094","name":"dashboards_public_share","uuid":"d90f6832-d3d8-11e9-a77a-bf8a2607f864"},{"display_name":"Dashboards","description":"The
      ability to create and change dashboards.","restricted":false,"created_at":"2019-09-10T14:39:51.962944","name":"dashboards_write","uuid":"d90f6831-d3d8-11e9-a77a-4fd230ddbc6a"},{"display_name":"Dashboards","description":"The
      ability to view dashboards.","restricted":true,"created_at":"2019-09-10T14:39:51.955175","name":"dashboards_read","uuid":"d90f6830-d3d8-11e9-a77a-b3404e5e9ee2"},{"display_name":"Log
      Generate Metrics","description":"The ability to create custom metrics from logs.","restricted":false,"created_at":"2019-07-25T12:27:39.640758","name":"logs_generate_metrics","uuid":"979df720-aed7-11e9-99c6-a7eb8373165a"},{"display_name":"Logs
      Write Pipelines","description":"The ability to add and change log pipeline configurations,
      including the ability to grant the Logs Write Processors permission to other
      roles, for some or all pipelines. This permission also grants global Log Processor
      Write implicitly.","restricted":false,"created_at":"2018-10-31T13:40:17.996379","name":"logs_write_pipelines","uuid":"811ac4ca-dd12-11e8-9e57-676a7f0beef9"},{"display_name":"Logs
      Live Tail Access","description":"The ability to view the live tail feed for
      all log indexes, even if otherwise specifically restricted.","restricted":false,"created_at":"2018-10-31T13:39:48.292879","name":"logs_live_tail","uuid":"6f66600e-dd12-11e8-9e55-7f30fbb45e73"},{"display_name":"Logs
      Modify Indexes","description":"The ability to read and modify all indexes in
      your account. This includes the ability to grant the Logs Read Index Data and
      Logs Write Exclusion Filter permission to other roles, for some or all indexes.
      This permission also grants global Log Index Read and Log Exclusion Filter Write
      implicitly.","restricted":false,"created_at":"2018-10-31T13:39:27.148615","name":"logs_modify_indexes","uuid":"62cc036c-dd12-11e8-9e54-db9995643092"},{"display_name":"Standard
      Access","description":"This permission gives you the ability to view and edit
      components in your Datadog organization that do not have explicitly defined
      permissions. This includes APM, Events, and other non-Account Management functionality.","restricted":false,"created_at":"2018-10-19T15:35:23.756736","name":"standard","uuid":"984d2f00-d3b4-11e8-a200-bb47109e9987"}]}],"title":null,"role":null,"email":"test@example.com"}}'
    headers:
      Cache-Control:
      - no-cache
      Connection:
      - keep-alive
      Content-Security-Policy:
      - frame-ancestors 'self'; report-uri https://api.datadoghq.com/csp-report
      Content-Type:
      - application/json
      Date:
      - Thu, 27 Feb 2020 11:35:47 GMT
      Dd-Pool:
      - dogweb
      Pragma:
      - no-cache
      Set-Cookie:
      - DD-PSHARD=224; Max-Age=604800; Path=/; expires=Thu, 05-Mar-2020 11:35:47 GMT;
        secure; HttpOnly
      Strict-Transport-Security:
      - max-age=15724800;
      Vary:
      - Accept-Encoding
      X-Content-Type-Options:
      - nosniff
      X-Dd-Debug:
      - 6TICFxDFBNq65Lw6aA0hO1z7nxUSiTzUAT0k7ln4UasEU6/emXomwtYWMJdIuxUV
      X-Dd-Version:
      - "35.2219923"
      X-Frame-Options:
      - SAMEORIGIN
    status: 200 OK
    code: 200
    duration: ""
- request:
    body: ""
    form: {}
    headers:
      User-Agent:
      - Datadog/dev/terraform (go1.13.6)
    url: https://api.datadoghq.com/api/v1/user/test@example.com
    method: GET
  response:
    body: '{"user":{"handle":"test@example.com","access_role":"st","disabled":false,"is_admin":false,"icon":"https://secure.gravatar.com/avatar/55502f40dc8b7c769880b10874abc9d0?s=48&d=retro","verified":false,"name":"Test
      User","roles":[{"uuid":"c827950e-57ad-11ea-a799-7799a3e4da8c","created_at":"2020-02-25T09:04:09.017252","name":"Datadog
      Standard Role","last_modified":"2020-02-25T09:04:09.017252","id":1044471,"permissions":[{"display_name":"Monitors
      Manage Downtimes","description":"The ability to set downtimes for your organization.
      A user with this permission can suppress alerts from any monitor using a downtime,
      even if they do not have permission to edit those monitors explicitly.","restricted":false,"created_at":"2019-09-16T18:39:23.306702","name":"monitors_downtime","uuid":"4d87d5f8-d8b1-11e9-a77a-eb9c8350d04f"},{"display_name":"Monitors","description":"The
      ability to change, mute, and delete individual monitors.","restricted":false,"created_at":"2019-09-16T18:39:15.597109","name":"monitors_write","uuid":"48ef71ea-d8b1-11e9-a77a-93f408470ad0"},{"display_name":"Monitors","description":"The
      ability to view monitors.","restricted":true,"created_at":"2019-09-16T18:39:07.744297","name":"monitors_read","uuid":"4441648c-d8b1-11e9-a77a-1b899a04b304"},{"display_name":"Dashboards
      Share","description":"The ability to share dashboards externally.","restricted":false,"created_at":"2019-09-10T14:39:51.967094","name":"dashboards_public_share","uuid":"d90f6832-d3d8-11e9-a77a-bf8a2607f864"},{"display_name":"Dashboards","description":"The
      ability to create and change dashboards.","restricted":false,"created_at":"2019-09-10T14:39:51.962944","name":"dashboards_write","uuid":"d90f6831-d3d8-11e9-a77a-4fd230ddbc6a"},{"display_name":"Dashboards","description":"The
      ability to view dashboards.","restricted":true,"created_at":"2019-09-10T14:39:51.955175","name":"dashboards_read","uuid":"d90f6830-d3d8-11e9-a77a-b3404e5e9ee2"},{"display_name":"Log
      Generate Metrics","description":"The ability to create custom metrics from logs.","restricted":false,"created_at":"2019-07-25T12:27:39.640758","name":"logs_generate_metrics","uuid":"979df720-aed7-11e9-99c6-a7eb8373165a"},{"display_name":"Logs
      Write Pipelines","description":"The ability to add and change log pipeline configurations,
      including the ability to grant the Logs Write Processors permission to other
      roles, for some or all pipelines. This permission also grants global Log Processor
      Write implicitly.","restricted":false,"created_at":"2018-10-31T13:40:17.996379","name":"logs_write_pipelines","uuid":"811ac4ca-dd12-11e8-9e57-676a7f0beef9"},{"display_name":"Logs
      Live Tail Access","description":"The ability to view the live tail feed for
      all log indexes, even if otherwise specifically restricted.","restricted":false,"created_at":"2018-10-31T13:39:48.292879","name":"logs_live_tail","uuid":"6f66600e-dd12-11e8-9e55-7f30fbb45e73"},{"display_name":"Logs
      Modify Indexes","description":"The ability to read and modify all indexes in
      your account. This includes the ability to grant the Logs Read Index Data and
      Logs Write Exclusion Filter permission to other roles, for some or all indexes.
      This permission also grants global Log Index Read and Log Exclusion Filter Write
      implicitly.","restricted":false,"created_at":"2018-10-31T13:39:27.148615","name":"logs_modify_indexes","uuid":"62cc036c-dd12-11e8-9e54-db9995643092"},{"display_name":"Standard
      Access","description":"This permission gives you the ability to view and edit
      components in your Datadog organization that do not have explicitly defined
      permissions. This includes APM, Events, and other non-Account Management functionality.","restricted":false,"created_at":"2018-10-19T15:35:23.756736","name":"standard","uuid":"984d2f00-d3b4-11e8-a200-bb47109e9987"}]}],"title":null,"role":null,"email":"test@example.com"}}'
    headers:
      Cache-Control:
      - no-cache
      Connection:
      - keep-alive
      Content-Security-Policy:
      - frame-ancestors 'self'; report-uri https://api.datadoghq.com/csp-report
      Content-Type:
      - application/json
      Date:
      - Thu, 27 Feb 2020 11:35:47 GMT
      Dd-Pool:
      - dogweb
      Pragma:
      - no-cache
      Set-Cookie:
      - DD-PSHARD=224; Max-Age=604800; Path=/; expires=Thu, 05-Mar-2020 11:35:47 GMT;
        secure; HttpOnly
      Strict-Transport-Security:
      - max-age=15724800;
      Vary:
      - Accept-Encoding
      X-Content-Type-Options:
      - nosniff
      X-Dd-Debug:
      - RbevWUvO2oQYYDnX/G1lndTh/kTt+ebFIvajU6/3Ivb5c6aUQf49/uD1ICaXyx52
      X-Dd-Version:
      - "35.2219923"
      X-Frame-Options:
      - SAMEORIGIN
    status: 200 OK
    code: 200
    duration: ""
- request:
    body: ""
    form: {}
    headers: {}
    url: https://api.datadoghq.com/api/v1/validate
    method: GET
  response:
    body: '{"valid":true}'
    headers:
      Cache-Control:
      - no-cache
      Connection:
      - keep-alive
      Content-Length:
      - "14"
      Content-Security-Policy:
      - frame-ancestors 'self'; report-uri https://api.datadoghq.com/csp-report
      Content-Type:
      - application/json
      Date:
      - Thu, 27 Feb 2020 11:35:47 GMT
      Dd-Pool:
      - dogweb
      Pragma:
      - no-cache
      Set-Cookie:
      - DD-PSHARD=224; Max-Age=604800; Path=/; expires=Thu, 05-Mar-2020 11:35:47 GMT;
        secure; HttpOnly
      Strict-Transport-Security:
      - max-age=15724800;
      X-Content-Type-Options:
      - nosniff
      X-Dd-Debug:
      - F11u7JCZTPrHz8VfzL5YeXThxcQSR6CdLGgk2tF52+EbYWhXciN8nv9vA8oQ9C9A
      X-Dd-Version:
      - "35.2219923"
      X-Frame-Options:
      - SAMEORIGIN
    status: 200 OK
    code: 200
    duration: ""
- request:
    body: ""
    form: {}
    headers:
      User-Agent:
      - Datadog/dev/terraform (go1.13.6)
    url: https://api.datadoghq.com/api/v1/user/test@example.com
    method: GET
  response:
    body: '{"user":{"handle":"test@example.com","access_role":"st","disabled":false,"is_admin":false,"icon":"https://secure.gravatar.com/avatar/55502f40dc8b7c769880b10874abc9d0?s=48&d=retro","verified":false,"name":"Test
      User","roles":[{"uuid":"c827950e-57ad-11ea-a799-7799a3e4da8c","created_at":"2020-02-25T09:04:09.017252","name":"Datadog
      Standard Role","last_modified":"2020-02-25T09:04:09.017252","id":1044471,"permissions":[{"display_name":"Monitors
      Manage Downtimes","description":"The ability to set downtimes for your organization.
      A user with this permission can suppress alerts from any monitor using a downtime,
      even if they do not have permission to edit those monitors explicitly.","restricted":false,"created_at":"2019-09-16T18:39:23.306702","name":"monitors_downtime","uuid":"4d87d5f8-d8b1-11e9-a77a-eb9c8350d04f"},{"display_name":"Monitors","description":"The
      ability to change, mute, and delete individual monitors.","restricted":false,"created_at":"2019-09-16T18:39:15.597109","name":"monitors_write","uuid":"48ef71ea-d8b1-11e9-a77a-93f408470ad0"},{"display_name":"Monitors","description":"The
      ability to view monitors.","restricted":true,"created_at":"2019-09-16T18:39:07.744297","name":"monitors_read","uuid":"4441648c-d8b1-11e9-a77a-1b899a04b304"},{"display_name":"Dashboards
      Share","description":"The ability to share dashboards externally.","restricted":false,"created_at":"2019-09-10T14:39:51.967094","name":"dashboards_public_share","uuid":"d90f6832-d3d8-11e9-a77a-bf8a2607f864"},{"display_name":"Dashboards","description":"The
      ability to create and change dashboards.","restricted":false,"created_at":"2019-09-10T14:39:51.962944","name":"dashboards_write","uuid":"d90f6831-d3d8-11e9-a77a-4fd230ddbc6a"},{"display_name":"Dashboards","description":"The
      ability to view dashboards.","restricted":true,"created_at":"2019-09-10T14:39:51.955175","name":"dashboards_read","uuid":"d90f6830-d3d8-11e9-a77a-b3404e5e9ee2"},{"display_name":"Log
      Generate Metrics","description":"The ability to create custom metrics from logs.","restricted":false,"created_at":"2019-07-25T12:27:39.640758","name":"logs_generate_metrics","uuid":"979df720-aed7-11e9-99c6-a7eb8373165a"},{"display_name":"Logs
      Write Pipelines","description":"The ability to add and change log pipeline configurations,
      including the ability to grant the Logs Write Processors permission to other
      roles, for some or all pipelines. This permission also grants global Log Processor
      Write implicitly.","restricted":false,"created_at":"2018-10-31T13:40:17.996379","name":"logs_write_pipelines","uuid":"811ac4ca-dd12-11e8-9e57-676a7f0beef9"},{"display_name":"Logs
      Live Tail Access","description":"The ability to view the live tail feed for
      all log indexes, even if otherwise specifically restricted.","restricted":false,"created_at":"2018-10-31T13:39:48.292879","name":"logs_live_tail","uuid":"6f66600e-dd12-11e8-9e55-7f30fbb45e73"},{"display_name":"Logs
      Modify Indexes","description":"The ability to read and modify all indexes in
      your account. This includes the ability to grant the Logs Read Index Data and
      Logs Write Exclusion Filter permission to other roles, for some or all indexes.
      This permission also grants global Log Index Read and Log Exclusion Filter Write
      implicitly.","restricted":false,"created_at":"2018-10-31T13:39:27.148615","name":"logs_modify_indexes","uuid":"62cc036c-dd12-11e8-9e54-db9995643092"},{"display_name":"Standard
      Access","description":"This permission gives you the ability to view and edit
      components in your Datadog organization that do not have explicitly defined
      permissions. This includes APM, Events, and other non-Account Management functionality.","restricted":false,"created_at":"2018-10-19T15:35:23.756736","name":"standard","uuid":"984d2f00-d3b4-11e8-a200-bb47109e9987"}]}],"title":null,"role":null,"email":"test@example.com"}}'
    headers:
      Cache-Control:
      - no-cache
      Connection:
      - keep-alive
      Content-Security-Policy:
      - frame-ancestors 'self'; report-uri https://api.datadoghq.com/csp-report
      Content-Type:
      - application/json
      Date:
      - Thu, 27 Feb 2020 11:35:47 GMT
      Dd-Pool:
      - dogweb
      Pragma:
      - no-cache
      Set-Cookie:
      - DD-PSHARD=224; Max-Age=604800; Path=/; expires=Thu, 05-Mar-2020 11:35:47 GMT;
        secure; HttpOnly
      Strict-Transport-Security:
      - max-age=15724800;
      Vary:
      - Accept-Encoding
      X-Content-Type-Options:
      - nosniff
      X-Dd-Debug:
      - zDaLXgTwOglSG/+LeCisOhDwAOr7D4UzTY02i97kQg3V5W3f2nMLfChR6yLoaPN1
      X-Dd-Version:
      - "35.2219923"
      X-Frame-Options:
      - SAMEORIGIN
    status: 200 OK
    code: 200
    duration: ""
- request:
    body: ""
    form: {}
    headers:
      User-Agent:
      - Datadog/dev/terraform (go1.13.6)
    url: https://api.datadoghq.com/api/v1/user/test@example.com
    method: DELETE
  response:
    body: '{"message":"User test@example.com disabled"}'
    headers:
      Cache-Control:
      - no-cache
      Connection:
      - keep-alive
      Content-Security-Policy:
      - frame-ancestors 'self'; report-uri https://api.datadoghq.com/csp-report
      Content-Type:
      - application/json
      Date:
      - Thu, 27 Feb 2020 11:35:47 GMT
      Dd-Pool:
      - dogweb
      Pragma:
      - no-cache
      Set-Cookie:
      - DD-PSHARD=224; Max-Age=604800; Path=/; expires=Thu, 05-Mar-2020 11:35:47 GMT;
        secure; HttpOnly
      Strict-Transport-Security:
      - max-age=15724800;
      Vary:
      - Accept-Encoding
      X-Content-Type-Options:
      - nosniff
      X-Dd-Debug:
      - MZCX71FNdAUQ6AMWRBKW1fkNpiPTypOoXE57zLYE3lG5gigqB2nroYJ/8uMn9muy
      X-Dd-Version:
      - "35.2219923"
      X-Frame-Options:
      - SAMEORIGIN
    status: 200 OK
    code: 200
    duration: ""
- request:
    body: ""
    form: {}
    headers:
      User-Agent:
      - Datadog/dev/terraform (go1.13.6)
    url: https://api.datadoghq.com/api/v1/user/test@example.com
    method: GET
  response:
    body: '{"user":{"handle":"test@example.com","access_role":"st","disabled":true,"is_admin":false,"icon":"https://secure.gravatar.com/avatar/55502f40dc8b7c769880b10874abc9d0?s=48&d=retro","verified":false,"name":"Test
      User","roles":[{"uuid":"c827950e-57ad-11ea-a799-7799a3e4da8c","created_at":"2020-02-25T09:04:09.017252","name":"Datadog
      Standard Role","last_modified":"2020-02-25T09:04:09.017252","id":1044471,"permissions":[{"display_name":"Monitors
      Manage Downtimes","description":"The ability to set downtimes for your organization.
      A user with this permission can suppress alerts from any monitor using a downtime,
      even if they do not have permission to edit those monitors explicitly.","restricted":false,"created_at":"2019-09-16T18:39:23.306702","name":"monitors_downtime","uuid":"4d87d5f8-d8b1-11e9-a77a-eb9c8350d04f"},{"display_name":"Monitors","description":"The
      ability to change, mute, and delete individual monitors.","restricted":false,"created_at":"2019-09-16T18:39:15.597109","name":"monitors_write","uuid":"48ef71ea-d8b1-11e9-a77a-93f408470ad0"},{"display_name":"Monitors","description":"The
      ability to view monitors.","restricted":true,"created_at":"2019-09-16T18:39:07.744297","name":"monitors_read","uuid":"4441648c-d8b1-11e9-a77a-1b899a04b304"},{"display_name":"Dashboards
      Share","description":"The ability to share dashboards externally.","restricted":false,"created_at":"2019-09-10T14:39:51.967094","name":"dashboards_public_share","uuid":"d90f6832-d3d8-11e9-a77a-bf8a2607f864"},{"display_name":"Dashboards","description":"The
      ability to create and change dashboards.","restricted":false,"created_at":"2019-09-10T14:39:51.962944","name":"dashboards_write","uuid":"d90f6831-d3d8-11e9-a77a-4fd230ddbc6a"},{"display_name":"Dashboards","description":"The
      ability to view dashboards.","restricted":true,"created_at":"2019-09-10T14:39:51.955175","name":"dashboards_read","uuid":"d90f6830-d3d8-11e9-a77a-b3404e5e9ee2"},{"display_name":"Log
      Generate Metrics","description":"The ability to create custom metrics from logs.","restricted":false,"created_at":"2019-07-25T12:27:39.640758","name":"logs_generate_metrics","uuid":"979df720-aed7-11e9-99c6-a7eb8373165a"},{"display_name":"Logs
      Write Pipelines","description":"The ability to add and change log pipeline configurations,
      including the ability to grant the Logs Write Processors permission to other
      roles, for some or all pipelines. This permission also grants global Log Processor
      Write implicitly.","restricted":false,"created_at":"2018-10-31T13:40:17.996379","name":"logs_write_pipelines","uuid":"811ac4ca-dd12-11e8-9e57-676a7f0beef9"},{"display_name":"Logs
      Live Tail Access","description":"The ability to view the live tail feed for
      all log indexes, even if otherwise specifically restricted.","restricted":false,"created_at":"2018-10-31T13:39:48.292879","name":"logs_live_tail","uuid":"6f66600e-dd12-11e8-9e55-7f30fbb45e73"},{"display_name":"Logs
      Modify Indexes","description":"The ability to read and modify all indexes in
      your account. This includes the ability to grant the Logs Read Index Data and
      Logs Write Exclusion Filter permission to other roles, for some or all indexes.
      This permission also grants global Log Index Read and Log Exclusion Filter Write
      implicitly.","restricted":false,"created_at":"2018-10-31T13:39:27.148615","name":"logs_modify_indexes","uuid":"62cc036c-dd12-11e8-9e54-db9995643092"},{"display_name":"Standard
      Access","description":"This permission gives you the ability to view and edit
      components in your Datadog organization that do not have explicitly defined
      permissions. This includes APM, Events, and other non-Account Management functionality.","restricted":false,"created_at":"2018-10-19T15:35:23.756736","name":"standard","uuid":"984d2f00-d3b4-11e8-a200-bb47109e9987"}]}],"title":null,"role":null,"email":"test@example.com"}}'
    headers:
      Cache-Control:
      - no-cache
      Connection:
      - keep-alive
      Content-Security-Policy:
      - frame-ancestors 'self'; report-uri https://api.datadoghq.com/csp-report
      Content-Type:
      - application/json
      Date:
      - Thu, 27 Feb 2020 11:35:48 GMT
      Dd-Pool:
      - dogweb
      Pragma:
      - no-cache
      Set-Cookie:
      - DD-PSHARD=224; Max-Age=604800; Path=/; expires=Thu, 05-Mar-2020 11:35:48 GMT;
        secure; HttpOnly
      Strict-Transport-Security:
      - max-age=15724800;
      Vary:
      - Accept-Encoding
      X-Content-Type-Options:
      - nosniff
      X-Dd-Debug:
      - ztq+F8HwxRthTKNo0l2MCEDK5uwvgQzF00nWu49lHsBM51hGZBm/pPILDqupy+Xd
      X-Dd-Version:
      - "35.2219923"
      X-Frame-Options:
      - SAMEORIGIN
    status: 200 OK
    code: 200
    duration: ""
