---
version: 1
interactions:
- request:
    body: ""
    form: {}
    headers: {}
    url: https://api.datadoghq.com/api/v1/validate
    method: GET
  response:
    body: '{"valid":true}'
    headers:
      Cache-Control:
      - no-cache
      Connection:
      - keep-alive
      Content-Length:
      - "14"
      Content-Security-Policy:
      - frame-ancestors 'self'; report-uri https://api.datadoghq.com/csp-report
      Content-Type:
      - application/json
      Date:
      - Thu, 27 Feb 2020 11:39:36 GMT
      Dd-Pool:
      - dogweb
      Pragma:
      - no-cache
      Set-Cookie:
      - DD-PSHARD=224; Max-Age=604800; Path=/; expires=Thu, 05-Mar-2020 11:39:36 GMT;
        secure; HttpOnly
      Strict-Transport-Security:
      - max-age=15724800;
      X-Content-Type-Options:
      - nosniff
      X-Dd-Debug:
      - xNK8D8E4U1PyLMVOdDgzcc4izX6UzMbP9Ygv1jJl/dgpKsJQ0NHsqPPadJ+IsqEV
      X-Dd-Version:
      - "35.2219923"
      X-Frame-Options:
      - SAMEORIGIN
    status: 200 OK
    code: 200
    duration: ""
- request:
    body: ""
    form: {}
    headers: {}
    url: https://api.datadoghq.com/api/v1/validate
    method: GET
  response:
    body: '{"valid":true}'
    headers:
      Cache-Control:
      - no-cache
      Connection:
      - keep-alive
      Content-Length:
      - "14"
      Content-Security-Policy:
      - frame-ancestors 'self'; report-uri https://api.datadoghq.com/csp-report
      Content-Type:
      - application/json
      Date:
      - Thu, 27 Feb 2020 11:39:36 GMT
      Dd-Pool:
      - dogweb
      Pragma:
      - no-cache
      Set-Cookie:
      - DD-PSHARD=224; Max-Age=604800; Path=/; expires=Thu, 05-Mar-2020 11:39:36 GMT;
        secure; HttpOnly
      Strict-Transport-Security:
      - max-age=15724800;
      X-Content-Type-Options:
      - nosniff
      X-Dd-Debug:
      - hABsPq9DIvV7yAEiU7rMxs7UCRuTbRH/kYpwue4a0q9qmwd4SUh9bBZ5SHPkBLc6
      X-Dd-Version:
      - "35.2219923"
      X-Frame-Options:
      - SAMEORIGIN
    status: 200 OK
    code: 200
    duration: ""
- request:
    body: '{"name":"name for synthetics test foo","type":"api","subtype":"http","tags":["foo:bar","baz"],"config":{"request":{"url":"https://www.datadoghq.com","method":"GET","timeout":30,"headers":{"Accept":"application/json","X-Datadog-Trace-ID":"1234566789"},"body":"this
      is a body"},"assertions":[{"operator":"contains","property":"content-type","type":"header","target":"application/json"},{"operator":"is","type":"statusCode","target":200},{"operator":"lessThan","type":"responseTime","target":2000},{"operator":"doesNotContain","type":"body","target":"terraform"}]},"message":"Notify
      @datadog.user","options":{"tick_every":60,"follow_redirects":true,"min_failure_duration":0,"min_location_failed":1},"locations":["aws:eu-central-1"],"status":"paused"}'
    form: {}
    headers:
      Content-Type:
      - application/json
      User-Agent:
      - Datadog/dev/terraform (go1.13.6)
    url: https://api.datadoghq.com/api/v1/synthetics/tests
    method: POST
  response:
    body: '{"status":"paused","public_id":"55d-cvh-vrm","tags":["foo:bar","baz"],"org_id":382568,"locations":["aws:eu-central-1"],"message":"Notify
      @datadog.user","deleted_at":null,"name":"name for synthetics test foo","monitor_id":16070523,"type":"api","created_at":"2020-02-27T11:39:36.744622+00:00","modified_at":"2020-02-27T11:39:36.744622+00:00","subtype":"http","config":{"request":{"url":"https://www.datadoghq.com","headers":{"Accept":"application/json","X-Datadog-Trace-ID":"1234566789"},"body":"this
      is a body","method":"GET","timeout":30},"assertions":[{"operator":"contains","property":"content-type","type":"header","target":"application/json"},{"operator":"is","type":"statusCode","target":200},{"operator":"lessThan","type":"responseTime","target":2000},{"operator":"doesNotContain","type":"body","target":"terraform"}]},"options":{"follow_redirects":true,"min_failure_duration":0,"tick_every":60,"min_location_failed":1}}'
    headers:
      Cache-Control:
      - no-cache
      Connection:
      - keep-alive
      Content-Security-Policy:
      - frame-ancestors 'self'; report-uri https://api.datadoghq.com/csp-report
      Content-Type:
      - application/json
      Date:
      - Thu, 27 Feb 2020 11:39:36 GMT
      Dd-Pool:
      - dogweb
      Pragma:
      - no-cache
      Set-Cookie:
      - DD-PSHARD=224; Max-Age=604800; Path=/; expires=Thu, 05-Mar-2020 11:39:36 GMT;
        secure; HttpOnly
      Strict-Transport-Security:
      - max-age=15724800;
      Vary:
      - Accept-Encoding
      X-Content-Type-Options:
      - nosniff
      X-Dd-Debug:
      - SaHvyR/hQzhMjBxXmmuM76vwlwfocpgL0LhX3u6R0CFONYqUGm7Xe/7/HyTliTFX
      X-Dd-Version:
      - "35.2219923"
      X-Frame-Options:
      - SAMEORIGIN
    status: 200 OK
    code: 200
    duration: ""
- request:
    body: ""
    form: {}
    headers:
      User-Agent:
      - Datadog/dev/terraform (go1.13.6)
    url: https://api.datadoghq.com/api/v1/synthetics/tests/55d-cvh-vrm
    method: GET
  response:
    body: '{"status":"paused","public_id":"55d-cvh-vrm","tags":["foo:bar","baz"],"locations":["aws:eu-central-1"],"message":"Notify
      @datadog.user","modified_by":{"email":"jiri.kuncar@datadoghq.com","handle":"jiri.kuncar@datadoghq.com","id":1628996,"name":"Ji\u0159\u00ed
      Kun\u010dar"},"name":"name for synthetics test foo","monitor_id":16070523,"type":"api","created_at":"2020-02-27T11:39:36.744622+00:00","modified_at":"2020-02-27T11:39:36.744622+00:00","created_by":{"email":"jiri.kuncar@datadoghq.com","handle":"jiri.kuncar@datadoghq.com","id":1628996,"name":"Ji\u0159\u00ed
      Kun\u010dar"},"subtype":"http","config":{"request":{"url":"https://www.datadoghq.com","headers":{"Accept":"application/json","X-Datadog-Trace-ID":"1234566789"},"body":"this
      is a body","method":"GET","timeout":30},"assertions":[{"operator":"contains","property":"content-type","type":"header","target":"application/json"},{"operator":"is","type":"statusCode","target":200},{"operator":"lessThan","type":"responseTime","target":2000},{"operator":"doesNotContain","type":"body","target":"terraform"}]},"options":{"follow_redirects":true,"min_failure_duration":0,"tick_every":60,"min_location_failed":1}}'
    headers:
      Cache-Control:
      - no-cache
      Connection:
      - keep-alive
      Content-Security-Policy:
      - frame-ancestors 'self'; report-uri https://api.datadoghq.com/csp-report
      Content-Type:
      - application/json
      Date:
      - Thu, 27 Feb 2020 11:39:36 GMT
      Dd-Pool:
      - dogweb
      Pragma:
      - no-cache
      Set-Cookie:
      - DD-PSHARD=224; Max-Age=604800; Path=/; expires=Thu, 05-Mar-2020 11:39:36 GMT;
        secure; HttpOnly
      Strict-Transport-Security:
      - max-age=15724800;
      Vary:
      - Accept-Encoding
      X-Content-Type-Options:
      - nosniff
      X-Dd-Debug:
      - menB+JzZJZWnsBMzYDdvLqZLyJ1Z3XKvvLNUvAnnxCkhc359HSRPRWZhATTwUzcU
      X-Dd-Version:
      - "35.2219923"
      X-Frame-Options:
      - SAMEORIGIN
    status: 200 OK
    code: 200
    duration: ""
- request:
    body: ""
    form: {}
    headers:
      User-Agent:
      - Datadog/dev/terraform (go1.13.6)
    url: https://api.datadoghq.com/api/v1/synthetics/tests/55d-cvh-vrm
    method: GET
  response:
    body: '{"status":"paused","public_id":"55d-cvh-vrm","tags":["foo:bar","baz"],"locations":["aws:eu-central-1"],"message":"Notify
      @datadog.user","modified_by":{"email":"jiri.kuncar@datadoghq.com","handle":"jiri.kuncar@datadoghq.com","id":1628996,"name":"Ji\u0159\u00ed
      Kun\u010dar"},"name":"name for synthetics test foo","monitor_id":16070523,"type":"api","created_at":"2020-02-27T11:39:36.744622+00:00","modified_at":"2020-02-27T11:39:36.744622+00:00","created_by":{"email":"jiri.kuncar@datadoghq.com","handle":"jiri.kuncar@datadoghq.com","id":1628996,"name":"Ji\u0159\u00ed
      Kun\u010dar"},"subtype":"http","config":{"request":{"url":"https://www.datadoghq.com","headers":{"Accept":"application/json","X-Datadog-Trace-ID":"1234566789"},"body":"this
      is a body","method":"GET","timeout":30},"assertions":[{"operator":"contains","property":"content-type","type":"header","target":"application/json"},{"operator":"is","type":"statusCode","target":200},{"operator":"lessThan","type":"responseTime","target":2000},{"operator":"doesNotContain","type":"body","target":"terraform"}]},"options":{"follow_redirects":true,"min_failure_duration":0,"tick_every":60,"min_location_failed":1}}'
    headers:
      Cache-Control:
      - no-cache
      Connection:
      - keep-alive
      Content-Security-Policy:
      - frame-ancestors 'self'; report-uri https://api.datadoghq.com/csp-report
      Content-Type:
      - application/json
      Date:
      - Thu, 27 Feb 2020 11:39:37 GMT
      Dd-Pool:
      - dogweb
      Pragma:
      - no-cache
      Set-Cookie:
      - DD-PSHARD=224; Max-Age=604800; Path=/; expires=Thu, 05-Mar-2020 11:39:37 GMT;
        secure; HttpOnly
      Strict-Transport-Security:
      - max-age=15724800;
      Vary:
      - Accept-Encoding
      X-Content-Type-Options:
      - nosniff
      X-Dd-Debug:
      - ns395qtajdi4vImLC5PhByq3vzX3KV9r4kOaLqZ3Kb42AGxxpM06vNzB/Pdubr1b
      X-Dd-Version:
      - "35.2219923"
      X-Frame-Options:
      - SAMEORIGIN
    status: 200 OK
    code: 200
    duration: ""
- request:
    body: ""
    form: {}
    headers: {}
    url: https://api.datadoghq.com/api/v1/validate
    method: GET
  response:
    body: '{"valid":true}'
    headers:
      Cache-Control:
      - no-cache
      Connection:
      - keep-alive
      Content-Length:
      - "14"
      Content-Security-Policy:
      - frame-ancestors 'self'; report-uri https://api.datadoghq.com/csp-report
      Content-Type:
      - application/json
      Date:
      - Thu, 27 Feb 2020 11:39:37 GMT
      Dd-Pool:
      - dogweb
      Pragma:
      - no-cache
      Set-Cookie:
      - DD-PSHARD=224; Max-Age=604800; Path=/; expires=Thu, 05-Mar-2020 11:39:37 GMT;
        secure; HttpOnly
      Strict-Transport-Security:
      - max-age=15724800;
      X-Content-Type-Options:
      - nosniff
      X-Dd-Debug:
      - +24qoGfe5Pp4qbS1m8KO9qioq2P4fxuj80XQhtr/9vInDLECmYZT0VSsbqISZgqC
      X-Dd-Version:
      - "35.2219923"
      X-Frame-Options:
      - SAMEORIGIN
    status: 200 OK
    code: 200
    duration: ""
- request:
    body: ""
    form: {}
    headers: {}
    url: https://api.datadoghq.com/api/v1/validate
    method: GET
  response:
    body: '{"valid":true}'
    headers:
      Cache-Control:
      - no-cache
      Connection:
      - keep-alive
      Content-Length:
      - "14"
      Content-Security-Policy:
      - frame-ancestors 'self'; report-uri https://api.datadoghq.com/csp-report
      Content-Type:
      - application/json
      Date:
      - Thu, 27 Feb 2020 11:39:37 GMT
      Dd-Pool:
      - dogweb
      Pragma:
      - no-cache
      Set-Cookie:
      - DD-PSHARD=224; Max-Age=604800; Path=/; expires=Thu, 05-Mar-2020 11:39:37 GMT;
        secure; HttpOnly
      Strict-Transport-Security:
      - max-age=15724800;
      X-Content-Type-Options:
      - nosniff
      X-Dd-Debug:
      - 0Ldh7zbvTvxG6fwW0tw8N7mZPnI2XNOUoKCE8H0O1+b4UJVtdo0G52qWoFveZXDz
      X-Dd-Version:
      - "35.2219923"
      X-Frame-Options:
      - SAMEORIGIN
    status: 200 OK
    code: 200
    duration: ""
- request:
    body: ""
    form: {}
    headers:
      User-Agent:
      - Datadog/dev/terraform (go1.13.6)
    url: https://api.datadoghq.com/api/v1/synthetics/tests/55d-cvh-vrm
    method: GET
  response:
    body: '{"status":"paused","public_id":"55d-cvh-vrm","tags":["foo:bar","baz"],"locations":["aws:eu-central-1"],"message":"Notify
      @datadog.user","modified_by":{"email":"jiri.kuncar@datadoghq.com","handle":"jiri.kuncar@datadoghq.com","id":1628996,"name":"Ji\u0159\u00ed
      Kun\u010dar"},"name":"name for synthetics test foo","monitor_id":16070523,"type":"api","created_at":"2020-02-27T11:39:36.744622+00:00","modified_at":"2020-02-27T11:39:36.744622+00:00","created_by":{"email":"jiri.kuncar@datadoghq.com","handle":"jiri.kuncar@datadoghq.com","id":1628996,"name":"Ji\u0159\u00ed
      Kun\u010dar"},"subtype":"http","config":{"request":{"url":"https://www.datadoghq.com","headers":{"Accept":"application/json","X-Datadog-Trace-ID":"1234566789"},"body":"this
      is a body","method":"GET","timeout":30},"assertions":[{"operator":"contains","property":"content-type","type":"header","target":"application/json"},{"operator":"is","type":"statusCode","target":200},{"operator":"lessThan","type":"responseTime","target":2000},{"operator":"doesNotContain","type":"body","target":"terraform"}]},"options":{"follow_redirects":true,"min_failure_duration":0,"tick_every":60,"min_location_failed":1}}'
    headers:
      Cache-Control:
      - no-cache
      Connection:
      - keep-alive
      Content-Security-Policy:
      - frame-ancestors 'self'; report-uri https://api.datadoghq.com/csp-report
      Content-Type:
      - application/json
      Date:
      - Thu, 27 Feb 2020 11:39:37 GMT
      Dd-Pool:
      - dogweb
      Pragma:
      - no-cache
      Set-Cookie:
      - DD-PSHARD=224; Max-Age=604800; Path=/; expires=Thu, 05-Mar-2020 11:39:37 GMT;
        secure; HttpOnly
      Strict-Transport-Security:
      - max-age=15724800;
      Vary:
      - Accept-Encoding
      X-Content-Type-Options:
      - nosniff
      X-Dd-Debug:
      - ty7T8eIeXOfZhM7KDN5nGo8JS7ZSIWAqBNFeZshTg3LLDJJa7mPU5wqGt0nOPCpy
      X-Dd-Version:
      - "35.2219923"
      X-Frame-Options:
      - SAMEORIGIN
    status: 200 OK
    code: 200
    duration: ""
- request:
    body: ""
    form: {}
    headers: {}
    url: https://api.datadoghq.com/api/v1/validate
    method: GET
  response:
    body: '{"valid":true}'
    headers:
      Cache-Control:
      - no-cache
      Connection:
      - keep-alive
      Content-Length:
      - "14"
      Content-Security-Policy:
      - frame-ancestors 'self'; report-uri https://api.datadoghq.com/csp-report
      Content-Type:
      - application/json
      Date:
      - Thu, 27 Feb 2020 11:39:37 GMT
      Dd-Pool:
      - dogweb
      Pragma:
      - no-cache
      Set-Cookie:
      - DD-PSHARD=224; Max-Age=604800; Path=/; expires=Thu, 05-Mar-2020 11:39:37 GMT;
        secure; HttpOnly
      Strict-Transport-Security:
      - max-age=15724800;
      X-Content-Type-Options:
      - nosniff
      X-Dd-Debug:
      - ucJMu0SEwqvJ36fqkYRsP+glKObktTtdBf6X17lKXJ4+xOn7nFKnx11beu1ycofn
      X-Dd-Version:
      - "35.2219923"
      X-Frame-Options:
      - SAMEORIGIN
    status: 200 OK
    code: 200
    duration: ""
- request:
    body: ""
    form: {}
    headers: {}
    url: https://api.datadoghq.com/api/v1/validate
    method: GET
  response:
    body: '{"valid":true}'
    headers:
      Cache-Control:
      - no-cache
      Connection:
      - keep-alive
      Content-Length:
      - "14"
      Content-Security-Policy:
      - frame-ancestors 'self'; report-uri https://api.datadoghq.com/csp-report
      Content-Type:
      - application/json
      Date:
      - Thu, 27 Feb 2020 11:39:37 GMT
      Dd-Pool:
      - dogweb
      Pragma:
      - no-cache
      Set-Cookie:
      - DD-PSHARD=224; Max-Age=604800; Path=/; expires=Thu, 05-Mar-2020 11:39:37 GMT;
        secure; HttpOnly
      Strict-Transport-Security:
      - max-age=15724800;
      X-Content-Type-Options:
      - nosniff
      X-Dd-Debug:
      - JEThRmJp6qTNp8pxXQqPpRD40l23OvSASz6GutTWG+aCw+n9cF/5KqfPSziGHWsU
      X-Dd-Version:
      - "35.2219923"
      X-Frame-Options:
      - SAMEORIGIN
    status: 200 OK
    code: 200
    duration: ""
- request:
    body: ""
    form: {}
    headers:
      User-Agent:
      - Datadog/dev/terraform (go1.13.6)
    url: https://api.datadoghq.com/api/v1/synthetics/tests/55d-cvh-vrm
    method: GET
  response:
    body: '{"status":"paused","public_id":"55d-cvh-vrm","tags":["foo:bar","baz"],"locations":["aws:eu-central-1"],"message":"Notify
      @datadog.user","modified_by":{"email":"jiri.kuncar@datadoghq.com","handle":"jiri.kuncar@datadoghq.com","id":1628996,"name":"Ji\u0159\u00ed
      Kun\u010dar"},"name":"name for synthetics test foo","monitor_id":16070523,"type":"api","created_at":"2020-02-27T11:39:36.744622+00:00","modified_at":"2020-02-27T11:39:36.744622+00:00","created_by":{"email":"jiri.kuncar@datadoghq.com","handle":"jiri.kuncar@datadoghq.com","id":1628996,"name":"Ji\u0159\u00ed
      Kun\u010dar"},"subtype":"http","config":{"request":{"url":"https://www.datadoghq.com","headers":{"Accept":"application/json","X-Datadog-Trace-ID":"1234566789"},"body":"this
      is a body","method":"GET","timeout":30},"assertions":[{"operator":"contains","property":"content-type","type":"header","target":"application/json"},{"operator":"is","type":"statusCode","target":200},{"operator":"lessThan","type":"responseTime","target":2000},{"operator":"doesNotContain","type":"body","target":"terraform"}]},"options":{"follow_redirects":true,"min_failure_duration":0,"tick_every":60,"min_location_failed":1}}'
    headers:
      Cache-Control:
      - no-cache
      Connection:
      - keep-alive
      Content-Security-Policy:
      - frame-ancestors 'self'; report-uri https://api.datadoghq.com/csp-report
      Content-Type:
      - application/json
      Date:
      - Thu, 27 Feb 2020 11:39:38 GMT
      Dd-Pool:
      - dogweb
      Pragma:
      - no-cache
      Set-Cookie:
      - DD-PSHARD=224; Max-Age=604800; Path=/; expires=Thu, 05-Mar-2020 11:39:38 GMT;
        secure; HttpOnly
      Strict-Transport-Security:
      - max-age=15724800;
      Vary:
      - Accept-Encoding
      X-Content-Type-Options:
      - nosniff
      X-Dd-Debug:
      - 1bzfAqb/6TIngEeU7r7YcGGp2+NaI+ne9J3bzgQrdB0qTrgVrMtd4iKXr1zCNOHr
      X-Dd-Version:
      - "35.2219923"
      X-Frame-Options:
      - SAMEORIGIN
    status: 200 OK
    code: 200
    duration: ""
- request:
    body: ""
    form: {}
    headers: {}
    url: https://api.datadoghq.com/api/v1/validate
    method: GET
  response:
    body: '{"valid":true}'
    headers:
      Cache-Control:
      - no-cache
      Connection:
      - keep-alive
      Content-Length:
      - "14"
      Content-Security-Policy:
      - frame-ancestors 'self'; report-uri https://api.datadoghq.com/csp-report
      Content-Type:
      - application/json
      Date:
      - Thu, 27 Feb 2020 11:39:38 GMT
      Dd-Pool:
      - dogweb
      Pragma:
      - no-cache
      Set-Cookie:
      - DD-PSHARD=224; Max-Age=604800; Path=/; expires=Thu, 05-Mar-2020 11:39:38 GMT;
        secure; HttpOnly
      Strict-Transport-Security:
      - max-age=15724800;
      X-Content-Type-Options:
      - nosniff
      X-Dd-Debug:
      - PcnVfOcEtqolY6fi98GEVSGXOZZkwQSBbl/twLr2TucYRfYyGCLXvKm6pTUNQt1l
      X-Dd-Version:
      - "35.2219923"
      X-Frame-Options:
      - SAMEORIGIN
    status: 200 OK
    code: 200
    duration: ""
- request:
    body: '{"public_ids":["55d-cvh-vrm"]}'
    form: {}
    headers:
      Content-Type:
      - application/json
      User-Agent:
      - Datadog/dev/terraform (go1.13.6)
    url: https://api.datadoghq.com/api/v1/synthetics/tests/delete
    method: POST
  response:
    body: '{"deleted_tests":[{"deleted_at":"2020-02-27T11:39:38.440614+00:00","public_id":"55d-cvh-vrm"}]}'
    headers:
      Cache-Control:
      - no-cache
      Connection:
      - keep-alive
      Content-Security-Policy:
      - frame-ancestors 'self'; report-uri https://api.datadoghq.com/csp-report
      Content-Type:
      - application/json
      Date:
      - Thu, 27 Feb 2020 11:39:38 GMT
      Dd-Pool:
      - dogweb
      Pragma:
      - no-cache
      Set-Cookie:
      - DD-PSHARD=224; Max-Age=604800; Path=/; expires=Thu, 05-Mar-2020 11:39:38 GMT;
        secure; HttpOnly
      Strict-Transport-Security:
      - max-age=15724800;
      Vary:
      - Accept-Encoding
      X-Content-Type-Options:
      - nosniff
      X-Dd-Debug:
      - LOVPYRkvxiVgJlSU7tTR5QW5I3IByFfoP5oRWZk6jukYFQiYGeCZXWoo6PiPBzrK
      X-Dd-Version:
      - "35.2219923"
      X-Frame-Options:
      - SAMEORIGIN
    status: 200 OK
    code: 200
    duration: ""
- request:
    body: ""
    form: {}
    headers:
      User-Agent:
      - Datadog/dev/terraform (go1.13.6)
    url: https://api.datadoghq.com/api/v1/synthetics/tests/55d-cvh-vrm
    method: GET
  response:
    body: '{"errors": ["Synthetics test not found"]}'
    headers:
      Cache-Control:
      - no-cache
      Connection:
      - keep-alive
      Content-Security-Policy:
      - frame-ancestors 'self'; report-uri https://api.datadoghq.com/csp-report
      Content-Type:
      - application/json
      Date:
      - Thu, 27 Feb 2020 11:39:38 GMT
      Dd-Pool:
      - dogweb
      Pragma:
      - no-cache
      Strict-Transport-Security:
      - max-age=15724800;
      Vary:
      - Accept-Encoding
      X-Content-Type-Options:
      - nosniff
      X-Dd-Version:
      - "35.2219923"
      X-Frame-Options:
      - SAMEORIGIN
    status: 404 Not Found
    code: 404
    duration: ""
