---
version: 1
interactions:
- request:
    body: |
      {"description":"Created using the Datadog provider in Terraform","id":"","is_read_only":true,"layout_type":"free","notify_list":[],"template_variable_presets":[],"template_variables":[],"title":"Acceptance Test Event Timeline Widget Dashboard","widgets":[{"definition":{"query":"status:error","tags_execution":"and","time":{"live_span":"1h"},"title":"Widget Title","title_align":"right","title_size":"16","type":"event_timeline"},"layout":{"height":43,"width":32,"x":5,"y":5}}]}
    form: {}
    headers:
      Accept:
      - application/json
      Content-Type:
      - application/json
      Dd-Operation-Id:
      - CreateDashboard
      User-Agent:
      - datadog-api-client-go/1.0.0-beta.8+dev (go go1.14.4; os darwin; arch amd64)
    url: https://api.datadoghq.com/api/v1/dashboard
    method: POST
  response:
    body: '{"notify_list":[],"description":"Created using the Datadog provider in
      Terraform","author_name":null,"template_variable_presets":[],"template_variables":[],"is_read_only":true,"id":"2pa-sdh-trx","title":"Acceptance
      Test Event Timeline Widget Dashboard","url":"/dashboard/2pa-sdh-trx/acceptance-test-event-timeline-widget-dashboard","created_at":"2020-07-28T11:38:39.802046+00:00","modified_at":"2020-07-28T11:38:39.802046+00:00","author_handle":"frog@datadoghq.com","widgets":[{"definition":{"title_size":"16","title":"Widget
      Title","title_align":"right","tags_execution":"and","time":{"live_span":"1h"},"query":"status:error","type":"event_timeline"},"layout":{"y":5,"width":32,"x":5,"height":43},"id":5588426967887475}],"layout_type":"free"}'
    headers:
      Cache-Control:
      - no-cache
      Connection:
      - keep-alive
      Content-Security-Policy:
      - frame-ancestors 'self'; report-uri https://api.datadoghq.com/csp-report
      Content-Type:
      - application/json
      Date:
      - Tue, 28 Jul 2020 11:38:39 GMT
      Dd-Pool:
      - dogweb
      Pragma:
      - no-cache
      Set-Cookie:
      - DD-PSHARD=233; Max-Age=604800; Path=/; expires=Tue, 04-Aug-2020 11:38:39 GMT;
        secure; HttpOnly
      Strict-Transport-Security:
      - max-age=15724800;
      Vary:
      - Accept-Encoding
      X-Content-Type-Options:
      - nosniff
      X-Dd-Debug:
      - ISRExHElHntqNwZXbi16eoU4xsZRA8TTPWYn6rCV+4Pd0NBog+VXfSTgjW68Cljw
      X-Dd-Version:
      - "35.2795924"
      X-Frame-Options:
      - SAMEORIGIN
    status: 200 OK
    code: 200
    duration: ""
- request:
    body: ""
    form: {}
    headers:
      Accept:
      - application/json
      Dd-Operation-Id:
      - GetDashboard
      User-Agent:
      - datadog-api-client-go/1.0.0-beta.8+dev (go go1.14.4; os darwin; arch amd64)
    url: https://api.datadoghq.com/api/v1/dashboard/2pa-sdh-trx
    method: GET
  response:
    body: '{"notify_list":[],"description":"Created using the Datadog provider in
      Terraform","author_name":null,"template_variable_presets":[],"template_variables":[],"is_read_only":true,"id":"2pa-sdh-trx","title":"Acceptance
      Test Event Timeline Widget Dashboard","url":"/dashboard/2pa-sdh-trx/acceptance-test-event-timeline-widget-dashboard","created_at":"2020-07-28T11:38:39.802046+00:00","modified_at":"2020-07-28T11:38:39.802046+00:00","author_handle":"frog@datadoghq.com","widgets":[{"definition":{"title_size":"16","title":"Widget
      Title","title_align":"right","tags_execution":"and","time":{"live_span":"1h"},"query":"status:error","type":"event_timeline"},"layout":{"y":5,"width":32,"x":5,"height":43},"id":5588426967887475}],"layout_type":"free"}'
    headers:
      Cache-Control:
      - no-cache
      Connection:
      - keep-alive
      Content-Security-Policy:
      - frame-ancestors 'self'; report-uri https://api.datadoghq.com/csp-report
      Content-Type:
      - application/json
      Date:
      - Tue, 28 Jul 2020 11:38:40 GMT
      Dd-Pool:
      - dogweb
      Pragma:
      - no-cache
      Set-Cookie:
      - DD-PSHARD=233; Max-Age=604800; Path=/; expires=Tue, 04-Aug-2020 11:38:40 GMT;
        secure; HttpOnly
      Strict-Transport-Security:
      - max-age=15724800;
      Vary:
      - Accept-Encoding
      X-Content-Type-Options:
      - nosniff
      X-Dd-Debug:
      - bdSqhkfOxHsLgf03iBostd7JCruMdjf6h9eGSRNie2NKQkZADklQH98pbyihkInb
      X-Dd-Version:
      - "35.2795924"
      X-Frame-Options:
      - SAMEORIGIN
    status: 200 OK
    code: 200
    duration: ""
- request:
    body: ""
    form: {}
    headers:
      Accept:
      - application/json
      Dd-Operation-Id:
      - GetDashboard
      User-Agent:
      - datadog-api-client-go/1.0.0-beta.8+dev (go go1.14.4; os darwin; arch amd64)
    url: https://api.datadoghq.com/api/v1/dashboard/2pa-sdh-trx
    method: GET
  response:
    body: '{"notify_list":[],"description":"Created using the Datadog provider in
      Terraform","author_name":null,"template_variable_presets":[],"template_variables":[],"is_read_only":true,"id":"2pa-sdh-trx","title":"Acceptance
      Test Event Timeline Widget Dashboard","url":"/dashboard/2pa-sdh-trx/acceptance-test-event-timeline-widget-dashboard","created_at":"2020-07-28T11:38:39.802046+00:00","modified_at":"2020-07-28T11:38:39.802046+00:00","author_handle":"frog@datadoghq.com","widgets":[{"definition":{"title_size":"16","title":"Widget
      Title","title_align":"right","tags_execution":"and","time":{"live_span":"1h"},"query":"status:error","type":"event_timeline"},"layout":{"y":5,"width":32,"x":5,"height":43},"id":5588426967887475}],"layout_type":"free"}'
    headers:
      Cache-Control:
      - no-cache
      Connection:
      - keep-alive
      Content-Security-Policy:
      - frame-ancestors 'self'; report-uri https://api.datadoghq.com/csp-report
      Content-Type:
      - application/json
      Date:
      - Tue, 28 Jul 2020 11:38:40 GMT
      Dd-Pool:
      - dogweb
      Pragma:
      - no-cache
      Set-Cookie:
      - DD-PSHARD=233; Max-Age=604800; Path=/; expires=Tue, 04-Aug-2020 11:38:40 GMT;
        secure; HttpOnly
      Strict-Transport-Security:
      - max-age=15724800;
      Vary:
      - Accept-Encoding
      X-Content-Type-Options:
      - nosniff
      X-Dd-Debug:
      - 70XaWeaQvpcLJhvCTAqT4hHsqdm1UQrPhYlUoOuxIMHjzhNLG/kbMFjSjTsMEqRh
      X-Dd-Version:
      - "35.2795924"
      X-Frame-Options:
      - SAMEORIGIN
    status: 200 OK
    code: 200
    duration: ""
- request:
    body: ""
    form: {}
    headers:
      Accept:
      - application/json
      Dd-Operation-Id:
      - GetDashboard
      User-Agent:
      - datadog-api-client-go/1.0.0-beta.8+dev (go go1.14.4; os darwin; arch amd64)
    url: https://api.datadoghq.com/api/v1/dashboard/2pa-sdh-trx
    method: GET
  response:
    body: '{"notify_list":[],"description":"Created using the Datadog provider in
      Terraform","author_name":null,"template_variable_presets":[],"template_variables":[],"is_read_only":true,"id":"2pa-sdh-trx","title":"Acceptance
      Test Event Timeline Widget Dashboard","url":"/dashboard/2pa-sdh-trx/acceptance-test-event-timeline-widget-dashboard","created_at":"2020-07-28T11:38:39.802046+00:00","modified_at":"2020-07-28T11:38:39.802046+00:00","author_handle":"frog@datadoghq.com","widgets":[{"definition":{"title_size":"16","title":"Widget
      Title","title_align":"right","tags_execution":"and","time":{"live_span":"1h"},"query":"status:error","type":"event_timeline"},"layout":{"y":5,"width":32,"x":5,"height":43},"id":5588426967887475}],"layout_type":"free"}'
    headers:
      Cache-Control:
      - no-cache
      Connection:
      - keep-alive
      Content-Security-Policy:
      - frame-ancestors 'self'; report-uri https://api.datadoghq.com/csp-report
      Content-Type:
      - application/json
      Date:
      - Tue, 28 Jul 2020 11:38:41 GMT
      Dd-Pool:
      - dogweb
      Pragma:
      - no-cache
      Set-Cookie:
      - DD-PSHARD=233; Max-Age=604800; Path=/; expires=Tue, 04-Aug-2020 11:38:41 GMT;
        secure; HttpOnly
      Strict-Transport-Security:
      - max-age=15724800;
      Vary:
      - Accept-Encoding
      X-Content-Type-Options:
      - nosniff
      X-Dd-Debug:
      - qgG8PLAWNSnYTth12EHECCOYjwVDUmTbeCckAk0NJiu1SV+WbjSxor68ztk6roW8
      X-Dd-Version:
      - "35.2795924"
      X-Frame-Options:
      - SAMEORIGIN
    status: 200 OK
    code: 200
    duration: ""
- request:
    body: ""
    form: {}
    headers:
      Accept:
      - application/json
      Dd-Operation-Id:
      - GetDashboard
      User-Agent:
      - datadog-api-client-go/1.0.0-beta.8+dev (go go1.14.4; os darwin; arch amd64)
    url: https://api.datadoghq.com/api/v1/dashboard/2pa-sdh-trx
    method: GET
  response:
    body: '{"notify_list":[],"description":"Created using the Datadog provider in
      Terraform","author_name":null,"template_variable_presets":[],"template_variables":[],"is_read_only":true,"id":"2pa-sdh-trx","title":"Acceptance
      Test Event Timeline Widget Dashboard","url":"/dashboard/2pa-sdh-trx/acceptance-test-event-timeline-widget-dashboard","created_at":"2020-07-28T11:38:39.802046+00:00","modified_at":"2020-07-28T11:38:39.802046+00:00","author_handle":"frog@datadoghq.com","widgets":[{"definition":{"title_size":"16","title":"Widget
      Title","title_align":"right","tags_execution":"and","time":{"live_span":"1h"},"query":"status:error","type":"event_timeline"},"layout":{"y":5,"width":32,"x":5,"height":43},"id":5588426967887475}],"layout_type":"free"}'
    headers:
      Cache-Control:
      - no-cache
      Connection:
      - keep-alive
      Content-Security-Policy:
      - frame-ancestors 'self'; report-uri https://api.datadoghq.com/csp-report
      Content-Type:
      - application/json
      Date:
      - Tue, 28 Jul 2020 11:38:42 GMT
      Dd-Pool:
      - dogweb
      Pragma:
      - no-cache
      Set-Cookie:
      - DD-PSHARD=233; Max-Age=604800; Path=/; expires=Tue, 04-Aug-2020 11:38:42 GMT;
        secure; HttpOnly
      Strict-Transport-Security:
      - max-age=15724800;
      Vary:
      - Accept-Encoding
      X-Content-Type-Options:
      - nosniff
      X-Dd-Debug:
      - NueLa2zkdBcl9S7BHrRuWyjAeR9iWgPFe330KTY6Cp0/yUhjUktbxu5rG2fG6gBk
      X-Dd-Version:
      - "35.2795924"
      X-Frame-Options:
      - SAMEORIGIN
    status: 200 OK
    code: 200
    duration: ""
- request:
    body: ""
    form: {}
    headers:
      Accept:
      - application/json
      Dd-Operation-Id:
      - GetDashboard
      User-Agent:
      - datadog-api-client-go/1.0.0-beta.8+dev (go go1.14.4; os darwin; arch amd64)
    url: https://api.datadoghq.com/api/v1/dashboard/2pa-sdh-trx
    method: GET
  response:
    body: '{"notify_list":[],"description":"Created using the Datadog provider in
      Terraform","author_name":null,"template_variable_presets":[],"template_variables":[],"is_read_only":true,"id":"2pa-sdh-trx","title":"Acceptance
      Test Event Timeline Widget Dashboard","url":"/dashboard/2pa-sdh-trx/acceptance-test-event-timeline-widget-dashboard","created_at":"2020-07-28T11:38:39.802046+00:00","modified_at":"2020-07-28T11:38:39.802046+00:00","author_handle":"frog@datadoghq.com","widgets":[{"definition":{"title_size":"16","title":"Widget
      Title","title_align":"right","tags_execution":"and","time":{"live_span":"1h"},"query":"status:error","type":"event_timeline"},"layout":{"y":5,"width":32,"x":5,"height":43},"id":5588426967887475}],"layout_type":"free"}'
    headers:
      Cache-Control:
      - no-cache
      Connection:
      - keep-alive
      Content-Security-Policy:
      - frame-ancestors 'self'; report-uri https://api.datadoghq.com/csp-report
      Content-Type:
      - application/json
      Date:
      - Tue, 28 Jul 2020 11:38:43 GMT
      Dd-Pool:
      - dogweb
      Pragma:
      - no-cache
      Set-Cookie:
      - DD-PSHARD=233; Max-Age=604800; Path=/; expires=Tue, 04-Aug-2020 11:38:43 GMT;
        secure; HttpOnly
      Strict-Transport-Security:
      - max-age=15724800;
      Vary:
      - Accept-Encoding
      X-Content-Type-Options:
      - nosniff
      X-Dd-Debug:
      - crXlyvNM6JnN71t62A0PjbbJGQtk3j0dA/2NEkX1wZk2VWd/TmD8mu8DLrmzZ1lY
      X-Dd-Version:
      - "35.2795924"
      X-Frame-Options:
      - SAMEORIGIN
    status: 200 OK
    code: 200
    duration: ""
- request:
    body: ""
    form: {}
    headers:
      Accept:
      - application/json
      Dd-Operation-Id:
      - GetDashboard
      User-Agent:
      - datadog-api-client-go/1.0.0-beta.8+dev (go go1.14.4; os darwin; arch amd64)
    url: https://api.datadoghq.com/api/v1/dashboard/2pa-sdh-trx
    method: GET
  response:
    body: '{"notify_list":[],"description":"Created using the Datadog provider in
      Terraform","author_name":null,"template_variable_presets":[],"template_variables":[],"is_read_only":true,"id":"2pa-sdh-trx","title":"Acceptance
      Test Event Timeline Widget Dashboard","url":"/dashboard/2pa-sdh-trx/acceptance-test-event-timeline-widget-dashboard","created_at":"2020-07-28T11:38:39.802046+00:00","modified_at":"2020-07-28T11:38:39.802046+00:00","author_handle":"frog@datadoghq.com","widgets":[{"definition":{"title_size":"16","title":"Widget
      Title","title_align":"right","tags_execution":"and","time":{"live_span":"1h"},"query":"status:error","type":"event_timeline"},"layout":{"y":5,"width":32,"x":5,"height":43},"id":5588426967887475}],"layout_type":"free"}'
    headers:
      Cache-Control:
      - no-cache
      Connection:
      - keep-alive
      Content-Security-Policy:
      - frame-ancestors 'self'; report-uri https://api.datadoghq.com/csp-report
      Content-Type:
      - application/json
      Date:
      - Tue, 28 Jul 2020 11:38:43 GMT
      Dd-Pool:
      - dogweb
      Pragma:
      - no-cache
      Set-Cookie:
      - DD-PSHARD=233; Max-Age=604800; Path=/; expires=Tue, 04-Aug-2020 11:38:43 GMT;
        secure; HttpOnly
      Strict-Transport-Security:
      - max-age=15724800;
      Vary:
      - Accept-Encoding
      X-Content-Type-Options:
      - nosniff
      X-Dd-Debug:
      - nSRgqrrNNmPPT6VSGZq0R9QdtdJF1qxzho2//eboP+tsIQDRgfSx3bSVb1t6QyYb
      X-Dd-Version:
      - "35.2795924"
      X-Frame-Options:
      - SAMEORIGIN
    status: 200 OK
    code: 200
    duration: ""
- request:
    body: ""
    form: {}
    headers:
      Accept:
      - application/json
      Dd-Operation-Id:
      - DeleteDashboard
      User-Agent:
      - datadog-api-client-go/1.0.0-beta.8+dev (go go1.14.4; os darwin; arch amd64)
    url: https://api.datadoghq.com/api/v1/dashboard/2pa-sdh-trx
    method: DELETE
  response:
    body: '{"deleted_dashboard_id":"2pa-sdh-trx"}'
    headers:
      Cache-Control:
      - no-cache
      Connection:
      - keep-alive
      Content-Security-Policy:
      - frame-ancestors 'self'; report-uri https://api.datadoghq.com/csp-report
      Content-Type:
      - application/json
      Date:
      - Tue, 28 Jul 2020 11:39:06 GMT
      Dd-Pool:
      - dogweb
      Pragma:
      - no-cache
      Set-Cookie:
      - DD-PSHARD=233; Max-Age=604800; Path=/; expires=Tue, 04-Aug-2020 11:38:44 GMT;
        secure; HttpOnly
      Strict-Transport-Security:
      - max-age=15724800;
      Vary:
      - Accept-Encoding
      X-Content-Type-Options:
      - nosniff
      X-Dd-Debug:
      - 1FWMmPoJiTyRk/TBxW+wJxr0ELulYySex1/Fb+CHQd/1AXyAGQmmMRUoKsUNAri2
      X-Dd-Version:
      - "35.2795924"
      X-Frame-Options:
      - SAMEORIGIN
    status: 200 OK
    code: 200
    duration: ""
- request:
    body: ""
    form: {}
    headers:
      Accept:
      - application/json
      Dd-Operation-Id:
      - GetDashboard
      User-Agent:
      - datadog-api-client-go/1.0.0-beta.8+dev (go go1.14.4; os darwin; arch amd64)
    url: https://api.datadoghq.com/api/v1/dashboard/2pa-sdh-trx
    method: GET
  response:
    body: '{"errors": ["Dashboard with ID 2pa-sdh-trx not found"]}'
    headers:
      Cache-Control:
      - no-cache
      Connection:
      - keep-alive
      Content-Security-Policy:
      - frame-ancestors 'self'; report-uri https://api.datadoghq.com/csp-report
      Content-Type:
      - application/json
      Date:
      - Tue, 28 Jul 2020 11:39:07 GMT
      Dd-Pool:
      - dogweb
      Pragma:
      - no-cache
      Strict-Transport-Security:
      - max-age=15724800;
      Vary:
      - Accept-Encoding
      X-Content-Type-Options:
      - nosniff
      X-Dd-Version:
      - "35.2795924"
      X-Frame-Options:
      - SAMEORIGIN
    status: 404 Not Found
    code: 404
    duration: ""
