---
version: 1
interactions:
- request:
    body: |
      {"client_id":"testc7f6-1234-5678-9101-3fcbf464test","client_secret":"testingx./Sw*g/Y33t..R1cH+hScMDt","tenant_name":"my-tenant-id"}
    form: {}
    headers:
      Accept:
      - application/json
      Content-Type:
      - application/json
      Dd-Operation-Id:
      - CreateAzureIntegration
      User-Agent:
      - datadog-api-client-go/1.0.0-beta.6 (go go1.14.3; os darwin; arch amd64)
    url: https://api.datadoghq.com/api/v1/integration/azure
    method: POST
  response:
    body: '{}'
    headers:
      Cache-Control:
      - no-cache
      Connection:
      - keep-alive
      Content-Length:
      - "2"
      Content-Security-Policy:
      - frame-ancestors 'self'; report-uri https://api.datadoghq.com/csp-report
      Content-Type:
      - application/json
      Date:
      - Thu, 25 Jun 2020 10:02:10 GMT
      Dd-Pool:
      - dogweb
      Pragma:
      - no-cache
      Set-Cookie:
      - DD-PSHARD=233; Max-Age=604800; Path=/; expires=Thu, 02-Jul-2020 10:02:10 GMT;
        secure; HttpOnly
      Strict-Transport-Security:
      - max-age=15724800;
      X-Content-Type-Options:
      - nosniff
      X-Dd-Debug:
      - u9VEJv4YNx+Fl9tRGJNbGm0+76jyym0t+mec2t84PhoJYEedil3ajyEhP7U3EneZ
      X-Dd-Version:
      - "35.2663868"
      X-Frame-Options:
      - SAMEORIGIN
    status: 200 OK
    code: 200
    duration: ""
- request:
    body: |
      {"data":{"attributes":{"destination":{"container":"my-container","integration":{"client_id":"testc7f6-1234-5678-9101-3fcbf464test","tenant_id":"my-tenant-id"},"path":"/path/blou","storage_account":"storageAccount","type":"azure"},"name":"my first azure archive","query":"service:toto"},"type":"archives"}}
    form: {}
    headers:
      Accept:
      - application/json
      Content-Type:
      - application/json
      Dd-Operation-Id:
      - CreateLogsArchive
      User-Agent:
      - datadog-api-client-go/1.0.0-beta.6 (go go1.14.3; os darwin; arch amd64)
    url: https://api.datadoghq.com/api/v2/logs/config/archives
    method: POST
  response:
    body: '{"data":{"type":"archives","id":"cbAxC2EwR5u5koUk600gUw","attributes":{"name":"my
      first azure archive","query":"service:toto","state":"UNKNOWN","destination":{"container":"my-container","storage_account":"storageAccount","path":"/path/blou","type":"azure","integration":{"tenant_id":"my-tenant-id","client_id":"testc7f6-1234-5678-9101-3fcbf464test"}}}}}'
    headers:
      Cache-Control:
      - no-cache
      Connection:
      - keep-alive
      Content-Security-Policy:
      - frame-ancestors 'self'; report-uri https://api.datadoghq.com/csp-report
      Content-Type:
      - application/json
      Date:
      - Thu, 25 Jun 2020 10:02:11 GMT
      Dd-Pool:
      - dogweb
      Pragma:
      - no-cache
      Set-Cookie:
      - DD-PSHARD=233; Max-Age=604800; Path=/; expires=Thu, 02-Jul-2020 10:02:11 GMT;
        secure; HttpOnly
      Strict-Transport-Security:
      - max-age=15724800;
      Vary:
      - Accept-Encoding
      X-Content-Type-Options:
      - nosniff
      X-Dd-Debug:
      - YNGrI7M9aLfuf6Npp7n/51e6xDtYCO9Rm/LB+HGbX4I6A/e7rnC+cgQxIZnsU+fj
      X-Dd-Version:
      - "35.2663868"
      X-Frame-Options:
      - SAMEORIGIN
      X-Ratelimit-Limit:
      - "100"
      X-Ratelimit-Period:
      - "3600"
      X-Ratelimit-Remaining:
      - "99"
      X-Ratelimit-Reset:
      - "3469"
    status: 200 OK
    code: 200
    duration: ""
- request:
    body: ""
    form: {}
    headers:
      Accept:
      - application/json
      Dd-Operation-Id:
      - GetLogsArchive
      User-Agent:
      - datadog-api-client-go/1.0.0-beta.6 (go go1.14.3; os darwin; arch amd64)
    url: https://api.datadoghq.com/api/v2/logs/config/archives/cbAxC2EwR5u5koUk600gUw
    method: GET
  response:
    body: '{"data":{"type":"archives","id":"cbAxC2EwR5u5koUk600gUw","attributes":{"name":"my
      first azure archive","query":"service:toto","state":"UNKNOWN","destination":{"container":"my-container","storage_account":"storageAccount","path":"/path/blou","type":"azure","integration":{"tenant_id":"my-tenant-id","client_id":"testc7f6-1234-5678-9101-3fcbf464test"}}}}}'
    headers:
      Cache-Control:
      - no-cache
      Connection:
      - keep-alive
      Content-Security-Policy:
      - frame-ancestors 'self'; report-uri https://api.datadoghq.com/csp-report
      Content-Type:
      - application/json
      Date:
      - Thu, 25 Jun 2020 10:02:11 GMT
      Dd-Pool:
      - dogweb
      Pragma:
      - no-cache
      Set-Cookie:
      - DD-PSHARD=233; Max-Age=604800; Path=/; expires=Thu, 02-Jul-2020 10:02:11 GMT;
        secure; HttpOnly
      Strict-Transport-Security:
      - max-age=15724800;
      Vary:
      - Accept-Encoding
      X-Content-Type-Options:
      - nosniff
      X-Dd-Debug:
      - aERr2Ftx8O/BR8oAhSymZ3bVROQEC+81YMSphOQK1me4DxXSbMIcFkB0Di4ggZ++
      X-Dd-Version:
      - "35.2663868"
      X-Frame-Options:
      - SAMEORIGIN
      X-Ratelimit-Limit:
      - "5000"
      X-Ratelimit-Period:
      - "3600"
      X-Ratelimit-Remaining:
      - "4999"
      X-Ratelimit-Reset:
      - "3469"
    status: 200 OK
    code: 200
    duration: ""
- request:
    body: ""
    form: {}
    headers:
      Accept:
      - application/json
      Dd-Operation-Id:
      - GetLogsArchive
      User-Agent:
      - datadog-api-client-go/1.0.0-beta.6 (go go1.14.3; os darwin; arch amd64)
    url: https://api.datadoghq.com/api/v2/logs/config/archives/cbAxC2EwR5u5koUk600gUw
    method: GET
  response:
    body: '{"data":{"type":"archives","id":"cbAxC2EwR5u5koUk600gUw","attributes":{"name":"my
      first azure archive","query":"service:toto","state":"UNKNOWN","destination":{"container":"my-container","storage_account":"storageAccount","path":"/path/blou","type":"azure","integration":{"tenant_id":"my-tenant-id","client_id":"testc7f6-1234-5678-9101-3fcbf464test"}}}}}'
    headers:
      Cache-Control:
      - no-cache
      Connection:
      - keep-alive
      Content-Security-Policy:
      - frame-ancestors 'self'; report-uri https://api.datadoghq.com/csp-report
      Content-Type:
      - application/json
      Date:
      - Thu, 25 Jun 2020 10:02:12 GMT
      Dd-Pool:
      - dogweb
      Pragma:
      - no-cache
      Set-Cookie:
      - DD-PSHARD=233; Max-Age=604800; Path=/; expires=Thu, 02-Jul-2020 10:02:12 GMT;
        secure; HttpOnly
      Strict-Transport-Security:
      - max-age=15724800;
      Vary:
      - Accept-Encoding
      X-Content-Type-Options:
      - nosniff
      X-Dd-Debug:
      - NueLa2zkdBcl9S7BHrRuWyjAeR9iWgPFe330KTY6Cp0/yUhjUktbxu5rG2fG6gBk
      X-Dd-Version:
      - "35.2663868"
      X-Frame-Options:
      - SAMEORIGIN
      X-Ratelimit-Limit:
      - "5000"
      X-Ratelimit-Period:
      - "3600"
      X-Ratelimit-Remaining:
      - "4998"
      X-Ratelimit-Reset:
      - "3468"
    status: 200 OK
    code: 200
    duration: ""
- request:
    body: ""
    form: {}
    headers:
      Accept:
      - application/json
      Dd-Operation-Id:
      - GetLogsArchive
      User-Agent:
      - datadog-api-client-go/1.0.0-beta.6 (go go1.14.3; os darwin; arch amd64)
    url: https://api.datadoghq.com/api/v2/logs/config/archives/cbAxC2EwR5u5koUk600gUw
    method: GET
  response:
    body: '{"data":{"type":"archives","id":"cbAxC2EwR5u5koUk600gUw","attributes":{"name":"my
      first azure archive","query":"service:toto","state":"UNKNOWN","destination":{"container":"my-container","storage_account":"storageAccount","path":"/path/blou","type":"azure","integration":{"tenant_id":"my-tenant-id","client_id":"testc7f6-1234-5678-9101-3fcbf464test"}}}}}'
    headers:
      Cache-Control:
      - no-cache
      Connection:
      - keep-alive
      Content-Security-Policy:
      - frame-ancestors 'self'; report-uri https://api.datadoghq.com/csp-report
      Content-Type:
      - application/json
      Date:
      - Thu, 25 Jun 2020 10:02:12 GMT
      Dd-Pool:
      - dogweb
      Pragma:
      - no-cache
      Set-Cookie:
      - DD-PSHARD=233; Max-Age=604800; Path=/; expires=Thu, 02-Jul-2020 10:02:12 GMT;
        secure; HttpOnly
      Strict-Transport-Security:
      - max-age=15724800;
      Vary:
      - Accept-Encoding
      X-Content-Type-Options:
      - nosniff
      X-Dd-Debug:
      - QaEGvF++JqTbTiFomKhE21Fdnra2zinKOaCEqOgwcd7OtJatRLgvovBbCNyGqcpO
      X-Dd-Version:
      - "35.2663868"
      X-Frame-Options:
      - SAMEORIGIN
      X-Ratelimit-Limit:
      - "5000"
      X-Ratelimit-Period:
      - "3600"
      X-Ratelimit-Remaining:
      - "4997"
      X-Ratelimit-Reset:
      - "3468"
    status: 200 OK
    code: 200
    duration: ""
- request:
    body: ""
    form: {}
    headers:
      Accept:
      - application/json
      Dd-Operation-Id:
      - GetLogsArchive
      User-Agent:
      - datadog-api-client-go/1.0.0-beta.6 (go go1.14.3; os darwin; arch amd64)
    url: https://api.datadoghq.com/api/v2/logs/config/archives/cbAxC2EwR5u5koUk600gUw
    method: GET
  response:
    body: '{"data":{"type":"archives","id":"cbAxC2EwR5u5koUk600gUw","attributes":{"name":"my
      first azure archive","query":"service:toto","state":"UNKNOWN","destination":{"container":"my-container","storage_account":"storageAccount","path":"/path/blou","type":"azure","integration":{"tenant_id":"my-tenant-id","client_id":"testc7f6-1234-5678-9101-3fcbf464test"}}}}}'
    headers:
      Cache-Control:
      - no-cache
      Connection:
      - keep-alive
      Content-Security-Policy:
      - frame-ancestors 'self'; report-uri https://api.datadoghq.com/csp-report
      Content-Type:
      - application/json
      Date:
      - Thu, 25 Jun 2020 10:02:12 GMT
      Dd-Pool:
      - dogweb
      Pragma:
      - no-cache
      Set-Cookie:
      - DD-PSHARD=233; Max-Age=604800; Path=/; expires=Thu, 02-Jul-2020 10:02:12 GMT;
        secure; HttpOnly
      Strict-Transport-Security:
      - max-age=15724800;
      Vary:
      - Accept-Encoding
      X-Content-Type-Options:
      - nosniff
      X-Dd-Debug:
      - bJj7D3RvHsKo+7eO3lrtPpPG0z8SsAwLw7bNfLb4htD+N9Ub8bD3AFgh45XaVsFM
      X-Dd-Version:
      - "35.2663868"
      X-Frame-Options:
      - SAMEORIGIN
      X-Ratelimit-Limit:
      - "5000"
      X-Ratelimit-Period:
      - "3600"
      X-Ratelimit-Remaining:
      - "4996"
      X-Ratelimit-Reset:
      - "3468"
    status: 200 OK
    code: 200
    duration: ""
- request:
    body: ""
    form: {}
    headers:
      Accept:
      - application/json
      Dd-Operation-Id:
      - GetLogsArchive
      User-Agent:
      - datadog-api-client-go/1.0.0-beta.6 (go go1.14.3; os darwin; arch amd64)
    url: https://api.datadoghq.com/api/v2/logs/config/archives/cbAxC2EwR5u5koUk600gUw
    method: GET
  response:
    body: '{"data":{"type":"archives","id":"cbAxC2EwR5u5koUk600gUw","attributes":{"name":"my
      first azure archive","query":"service:toto","state":"UNKNOWN","destination":{"container":"my-container","storage_account":"storageAccount","path":"/path/blou","type":"azure","integration":{"tenant_id":"my-tenant-id","client_id":"testc7f6-1234-5678-9101-3fcbf464test"}}}}}'
    headers:
      Cache-Control:
      - no-cache
      Connection:
      - keep-alive
      Content-Security-Policy:
      - frame-ancestors 'self'; report-uri https://api.datadoghq.com/csp-report
      Content-Type:
      - application/json
      Date:
      - Thu, 25 Jun 2020 10:02:13 GMT
      Dd-Pool:
      - dogweb
      Pragma:
      - no-cache
      Set-Cookie:
      - DD-PSHARD=233; Max-Age=604800; Path=/; expires=Thu, 02-Jul-2020 10:02:12 GMT;
        secure; HttpOnly
      Strict-Transport-Security:
      - max-age=15724800;
      Vary:
      - Accept-Encoding
      X-Content-Type-Options:
      - nosniff
      X-Dd-Debug:
      - HTCsbjwqQM0jTFHFq9ukWObBv4f/yxvHIxzrANPhzJkr6s3+rN5uCN3TcZuK2V2B
      X-Dd-Version:
      - "35.2663868"
      X-Frame-Options:
      - SAMEORIGIN
      X-Ratelimit-Limit:
      - "5000"
      X-Ratelimit-Period:
      - "3600"
      X-Ratelimit-Remaining:
      - "4995"
      X-Ratelimit-Reset:
      - "3468"
    status: 200 OK
    code: 200
    duration: ""
- request:
    body: ""
    form: {}
    headers:
      Accept:
      - application/json
      Dd-Operation-Id:
      - DeleteLogsArchive
      User-Agent:
      - datadog-api-client-go/1.0.0-beta.6 (go go1.14.3; os darwin; arch amd64)
    url: https://api.datadoghq.com/api/v2/logs/config/archives/cbAxC2EwR5u5koUk600gUw
    method: DELETE
  response:
    body: ""
    headers:
      Cache-Control:
      - no-cache
      Connection:
      - keep-alive
      Content-Length:
      - "0"
      Content-Security-Policy:
      - frame-ancestors 'self'; report-uri https://api.datadoghq.com/csp-report
      Content-Type:
      - text/html; charset=UTF-8
      Date:
      - Thu, 25 Jun 2020 10:02:14 GMT
      Dd-Pool:
      - dogweb
      Pragma:
      - no-cache
      Set-Cookie:
      - DD-PSHARD=233; Max-Age=604800; Path=/; expires=Thu, 02-Jul-2020 10:02:14 GMT;
        secure; HttpOnly
      Strict-Transport-Security:
      - max-age=15724800;
      X-Content-Type-Options:
      - nosniff
      X-Dd-Debug:
      - hlZGwPPL87Cire+2SDWJrcKtg5ChXKBaVFmtHdrZS+BoDfdo10256wfXrEDRUv8c
      X-Dd-Version:
      - "35.2663868"
      X-Frame-Options:
      - SAMEORIGIN
      X-Ratelimit-Limit:
      - "100"
      X-Ratelimit-Period:
      - "3600"
      X-Ratelimit-Remaining:
      - "98"
      X-Ratelimit-Reset:
      - "3466"
    status: 204 No Content
    code: 204
    duration: ""
- request:
    body: ""
    form: {}
    headers:
      Accept:
      - application/json
      Dd-Operation-Id:
      - GetLogsArchive
      User-Agent:
      - datadog-api-client-go/1.0.0-beta.6 (go go1.14.3; os darwin; arch amd64)
    url: https://api.datadoghq.com/api/v2/logs/config/archives/cbAxC2EwR5u5koUk600gUw
    method: GET
  response:
    body: '{"errors": ["Archive cbAxC2EwR5u5koUk600gUw not found"]}'
    headers:
      Cache-Control:
      - no-cache
      Connection:
      - keep-alive
      Content-Security-Policy:
      - frame-ancestors 'self'; report-uri https://api.datadoghq.com/csp-report
      Content-Type:
      - application/json
      Date:
      - Thu, 25 Jun 2020 10:02:14 GMT
      Dd-Pool:
      - dogweb
      Pragma:
      - no-cache
      Strict-Transport-Security:
      - max-age=15724800;
      Vary:
      - Accept-Encoding
      X-Content-Type-Options:
      - nosniff
      X-Dd-Version:
      - "35.2663868"
      X-Frame-Options:
      - SAMEORIGIN
      X-Ratelimit-Limit:
      - "5000"
      X-Ratelimit-Period:
      - "3600"
      X-Ratelimit-Remaining:
      - "4994"
      X-Ratelimit-Reset:
      - "3466"
    status: 404 Not Found
    code: 404
    duration: ""
- request:
    body: |
      {"client_id":"testc7f6-1234-5678-9101-3fcbf464test","client_secret":"testingx./Sw*g/Y33t..R1cH+hScMDt","tenant_name":"my-tenant-id"}
    form: {}
    headers:
      Accept:
      - application/json
      Content-Type:
      - application/json
      Dd-Operation-Id:
      - DeleteAzureIntegration
      User-Agent:
      - datadog-api-client-go/1.0.0-beta.6 (go go1.14.3; os darwin; arch amd64)
    url: https://api.datadoghq.com/api/v1/integration/azure
    method: DELETE
  response:
    body: '{}'
    headers:
      Cache-Control:
      - no-cache
      Connection:
      - keep-alive
      Content-Length:
      - "2"
      Content-Security-Policy:
      - frame-ancestors 'self'; report-uri https://api.datadoghq.com/csp-report
      Content-Type:
      - application/json
      Date:
      - Thu, 25 Jun 2020 10:02:15 GMT
      Dd-Pool:
      - dogweb
      Pragma:
      - no-cache
      Set-Cookie:
      - DD-PSHARD=233; Max-Age=604800; Path=/; expires=Thu, 02-Jul-2020 10:02:15 GMT;
        secure; HttpOnly
      Strict-Transport-Security:
      - max-age=15724800;
      X-Content-Type-Options:
      - nosniff
      X-Dd-Debug:
      - gVnECQ7ifaEfJ6BNPsXSglLjlU41ay4U8jXHC6V3+oC4U6gHkBb20H5zrSJj1zee
      X-Dd-Version:
      - "35.2663868"
      X-Frame-Options:
      - SAMEORIGIN
    status: 200 OK
    code: 200
    duration: ""
