---
version: 1
interactions:
- request:
    body: |
      {"description":"Created using the Datadog provider in Terraform","id":"","is_read_only":true,"layout_type":"free","notify_list":[],"template_variable_presets":[],"template_variables":[],"title":"Acceptance Test Log Stream Widget Dashboard","widgets":[{"definition":{"columns":["core_host","core_service"],"indexes":[],"logset":"main","message_display":"expanded-md","query":"status:error env:prod","show_date_column":true,"show_message_column":true,"sort":{"column":"time","order":"desc"},"time":{"live_span":"1d"},"title":"Log Stream","title_align":"right","title_size":"16","type":"log_stream"},"layout":{"height":43,"width":32,"x":5,"y":5}}]}
    form: {}
    headers:
      Accept:
      - application/json
      Content-Type:
      - application/json
      Dd-Operation-Id:
      - CreateDashboard
      User-Agent:
      - datadog-api-client-go/1.0.0-beta.6 (go go1.13; os darwin; arch amd64)
    url: https://api.datadoghq.com/api/v1/dashboard
    method: POST
  response:
    body: '{"notify_list":[],"description":"Created using the Datadog provider in
      Terraform","author_name":"Nicholas Muesch","template_variable_presets":[],"template_variables":[],"is_read_only":true,"id":"n54-amh-fqn","title":"Acceptance
      Test Log Stream Widget Dashboard","url":"/dashboard/n54-amh-fqn/acceptance-test-log-stream-widget-dashboard","created_at":"2020-06-23T13:21:28.034862+00:00","modified_at":"2020-06-23T13:21:28.034862+00:00","author_handle":"nicholas.muesch@datadoghq.com","widgets":[{"definition":{"logset":"main","sort":{"column":"time","order":"desc"},"show_message_column":true,"title_size":"16","title":"Log
      Stream","title_align":"right","message_display":"expanded-md","indexes":[],"columns":["core_host","core_service"],"time":{"live_span":"1d"},"query":"status:error
      env:prod","type":"log_stream","show_date_column":true},"layout":{"y":5,"width":32,"x":5,"height":43},"id":5670837280964968}],"layout_type":"free"}'
    headers:
      Cache-Control:
      - no-cache
      Connection:
      - keep-alive
      Content-Security-Policy:
      - frame-ancestors 'self'; report-uri https://api.datadoghq.com/csp-report
      Content-Type:
      - application/json
      Date:
      - Tue, 23 Jun 2020 13:21:28 GMT
      Dd-Pool:
      - dogweb
      Pragma:
      - no-cache
      Set-Cookie:
      - DD-PSHARD=233; Max-Age=604800; Path=/; expires=Tue, 30-Jun-2020 13:21:27 GMT;
        secure; HttpOnly
      Strict-Transport-Security:
      - max-age=15724800;
      Vary:
      - Accept-Encoding
      X-Content-Type-Options:
      - nosniff
      X-Dd-Debug:
      - xuqj9hdWDkSD9EtpcqPe+eGtJAYYHPEMbUsHJUlu4ckBMffeXAIJAOyY354PYCG0
      X-Dd-Version:
      - "35.2654799"
      X-Frame-Options:
      - SAMEORIGIN
    status: 200 OK
    code: 200
    duration: ""
- request:
    body: ""
    form: {}
    headers:
      Accept:
      - application/json
      Dd-Operation-Id:
      - GetDashboard
      User-Agent:
      - datadog-api-client-go/1.0.0-beta.6 (go go1.13; os darwin; arch amd64)
    url: https://api.datadoghq.com/api/v1/dashboard/n54-amh-fqn
    method: GET
  response:
    body: '{"notify_list":[],"description":"Created using the Datadog provider in
      Terraform","author_name":"Nicholas Muesch","template_variable_presets":[],"template_variables":[],"is_read_only":true,"id":"n54-amh-fqn","title":"Acceptance
      Test Log Stream Widget Dashboard","url":"/dashboard/n54-amh-fqn/acceptance-test-log-stream-widget-dashboard","created_at":"2020-06-23T13:21:28.034862+00:00","modified_at":"2020-06-23T13:21:28.034862+00:00","author_handle":"nicholas.muesch@datadoghq.com","widgets":[{"definition":{"logset":"main","sort":{"column":"time","order":"desc"},"show_message_column":true,"title_size":"16","title":"Log
      Stream","title_align":"right","message_display":"expanded-md","indexes":[],"columns":["core_host","core_service"],"time":{"live_span":"1d"},"query":"status:error
      env:prod","type":"log_stream","show_date_column":true},"layout":{"y":5,"width":32,"x":5,"height":43},"id":5670837280964968}],"layout_type":"free"}'
    headers:
      Cache-Control:
      - no-cache
      Connection:
      - keep-alive
      Content-Security-Policy:
      - frame-ancestors 'self'; report-uri https://api.datadoghq.com/csp-report
      Content-Type:
      - application/json
      Date:
      - Tue, 23 Jun 2020 13:21:28 GMT
      Dd-Pool:
      - dogweb
      Pragma:
      - no-cache
      Set-Cookie:
      - DD-PSHARD=233; Max-Age=604800; Path=/; expires=Tue, 30-Jun-2020 13:21:28 GMT;
        secure; HttpOnly
      Strict-Transport-Security:
      - max-age=15724800;
      Vary:
      - Accept-Encoding
      X-Content-Type-Options:
      - nosniff
      X-Dd-Debug:
      - dPTJBBDv5jeY1gnH1FisDpda5Hi0boOGbsHxIOi4qkMt+QLOH7F7P7MeSr40vXZ0
      X-Dd-Version:
      - "35.2654799"
      X-Frame-Options:
      - SAMEORIGIN
    status: 200 OK
    code: 200
    duration: ""
- request:
    body: ""
    form: {}
    headers:
      Accept:
      - application/json
      Dd-Operation-Id:
      - GetDashboard
      User-Agent:
      - datadog-api-client-go/1.0.0-beta.6 (go go1.13; os darwin; arch amd64)
    url: https://api.datadoghq.com/api/v1/dashboard/n54-amh-fqn
    method: GET
  response:
    body: '{"notify_list":[],"description":"Created using the Datadog provider in
      Terraform","author_name":"Nicholas Muesch","template_variable_presets":[],"template_variables":[],"is_read_only":true,"id":"n54-amh-fqn","title":"Acceptance
      Test Log Stream Widget Dashboard","url":"/dashboard/n54-amh-fqn/acceptance-test-log-stream-widget-dashboard","created_at":"2020-06-23T13:21:28.034862+00:00","modified_at":"2020-06-23T13:21:28.034862+00:00","author_handle":"nicholas.muesch@datadoghq.com","widgets":[{"definition":{"logset":"main","sort":{"column":"time","order":"desc"},"show_message_column":true,"title_size":"16","title":"Log
      Stream","title_align":"right","message_display":"expanded-md","indexes":[],"columns":["core_host","core_service"],"time":{"live_span":"1d"},"query":"status:error
      env:prod","type":"log_stream","show_date_column":true},"layout":{"y":5,"width":32,"x":5,"height":43},"id":5670837280964968}],"layout_type":"free"}'
    headers:
      Cache-Control:
      - no-cache
      Connection:
      - keep-alive
      Content-Security-Policy:
      - frame-ancestors 'self'; report-uri https://api.datadoghq.com/csp-report
      Content-Type:
      - application/json
      Date:
      - Tue, 23 Jun 2020 13:21:29 GMT
      Dd-Pool:
      - dogweb
      Pragma:
      - no-cache
      Set-Cookie:
      - DD-PSHARD=233; Max-Age=604800; Path=/; expires=Tue, 30-Jun-2020 13:21:29 GMT;
        secure; HttpOnly
      Strict-Transport-Security:
      - max-age=15724800;
      Vary:
      - Accept-Encoding
      X-Content-Type-Options:
      - nosniff
      X-Dd-Debug:
      - +0e88dcOoH2a7qrZ5zz4PnubdrAKvSl+k8YKr4bhBQyArPBFiYg3oXWqeVKLPB1I
      X-Dd-Version:
      - "35.2654799"
      X-Frame-Options:
      - SAMEORIGIN
    status: 200 OK
    code: 200
    duration: ""
- request:
    body: ""
    form: {}
    headers:
      Accept:
      - application/json
      Dd-Operation-Id:
      - GetDashboard
      User-Agent:
      - datadog-api-client-go/1.0.0-beta.6 (go go1.13; os darwin; arch amd64)
    url: https://api.datadoghq.com/api/v1/dashboard/n54-amh-fqn
    method: GET
  response:
    body: '{"notify_list":[],"description":"Created using the Datadog provider in
      Terraform","author_name":"Nicholas Muesch","template_variable_presets":[],"template_variables":[],"is_read_only":true,"id":"n54-amh-fqn","title":"Acceptance
      Test Log Stream Widget Dashboard","url":"/dashboard/n54-amh-fqn/acceptance-test-log-stream-widget-dashboard","created_at":"2020-06-23T13:21:28.034862+00:00","modified_at":"2020-06-23T13:21:28.034862+00:00","author_handle":"nicholas.muesch@datadoghq.com","widgets":[{"definition":{"logset":"main","sort":{"column":"time","order":"desc"},"show_message_column":true,"title_size":"16","title":"Log
      Stream","title_align":"right","message_display":"expanded-md","indexes":[],"columns":["core_host","core_service"],"time":{"live_span":"1d"},"query":"status:error
      env:prod","type":"log_stream","show_date_column":true},"layout":{"y":5,"width":32,"x":5,"height":43},"id":5670837280964968}],"layout_type":"free"}'
    headers:
      Cache-Control:
      - no-cache
      Connection:
      - keep-alive
      Content-Security-Policy:
      - frame-ancestors 'self'; report-uri https://api.datadoghq.com/csp-report
      Content-Type:
      - application/json
      Date:
      - Tue, 23 Jun 2020 13:21:31 GMT
      Dd-Pool:
      - dogweb
      Pragma:
      - no-cache
      Set-Cookie:
      - DD-PSHARD=233; Max-Age=604800; Path=/; expires=Tue, 30-Jun-2020 13:21:31 GMT;
        secure; HttpOnly
      Strict-Transport-Security:
      - max-age=15724800;
      Vary:
      - Accept-Encoding
      X-Content-Type-Options:
      - nosniff
      X-Dd-Debug:
      - L5yd3v29mZzDtdpTLB/OLdaP/nm856X8oKVK7IsHIbLmKRYkqq5Jv7+SBx/bs1VS
      X-Dd-Version:
      - "35.2654799"
      X-Frame-Options:
      - SAMEORIGIN
    status: 200 OK
    code: 200
    duration: ""
- request:
    body: ""
    form: {}
    headers:
      Accept:
      - application/json
      Dd-Operation-Id:
      - GetDashboard
      User-Agent:
      - datadog-api-client-go/1.0.0-beta.6 (go go1.13; os darwin; arch amd64)
    url: https://api.datadoghq.com/api/v1/dashboard/n54-amh-fqn
    method: GET
  response:
    body: '{"notify_list":[],"description":"Created using the Datadog provider in
      Terraform","author_name":"Nicholas Muesch","template_variable_presets":[],"template_variables":[],"is_read_only":true,"id":"n54-amh-fqn","title":"Acceptance
      Test Log Stream Widget Dashboard","url":"/dashboard/n54-amh-fqn/acceptance-test-log-stream-widget-dashboard","created_at":"2020-06-23T13:21:28.034862+00:00","modified_at":"2020-06-23T13:21:28.034862+00:00","author_handle":"nicholas.muesch@datadoghq.com","widgets":[{"definition":{"logset":"main","sort":{"column":"time","order":"desc"},"show_message_column":true,"title_size":"16","title":"Log
      Stream","title_align":"right","message_display":"expanded-md","indexes":[],"columns":["core_host","core_service"],"time":{"live_span":"1d"},"query":"status:error
      env:prod","type":"log_stream","show_date_column":true},"layout":{"y":5,"width":32,"x":5,"height":43},"id":5670837280964968}],"layout_type":"free"}'
    headers:
      Cache-Control:
      - no-cache
      Connection:
      - keep-alive
      Content-Security-Policy:
      - frame-ancestors 'self'; report-uri https://api.datadoghq.com/csp-report
      Content-Type:
      - application/json
      Date:
      - Tue, 23 Jun 2020 13:21:31 GMT
      Dd-Pool:
      - dogweb
      Pragma:
      - no-cache
      Set-Cookie:
      - DD-PSHARD=233; Max-Age=604800; Path=/; expires=Tue, 30-Jun-2020 13:21:31 GMT;
        secure; HttpOnly
      Strict-Transport-Security:
      - max-age=15724800;
      Vary:
      - Accept-Encoding
      X-Content-Type-Options:
      - nosniff
      X-Dd-Debug:
      - Wn01ZjXucAfzJfwvKAkpy0yFfNtHyWu4ZB2aA4ZDwwhXkyLHirYeUNsx208dZz9p
      X-Dd-Version:
      - "35.2654799"
      X-Frame-Options:
      - SAMEORIGIN
    status: 200 OK
    code: 200
    duration: ""
- request:
    body: ""
    form: {}
    headers:
      Accept:
      - application/json
      Dd-Operation-Id:
      - GetDashboard
      User-Agent:
      - datadog-api-client-go/1.0.0-beta.6 (go go1.13; os darwin; arch amd64)
    url: https://api.datadoghq.com/api/v1/dashboard/n54-amh-fqn
    method: GET
  response:
    body: '{"notify_list":[],"description":"Created using the Datadog provider in
      Terraform","author_name":"Nicholas Muesch","template_variable_presets":[],"template_variables":[],"is_read_only":true,"id":"n54-amh-fqn","title":"Acceptance
      Test Log Stream Widget Dashboard","url":"/dashboard/n54-amh-fqn/acceptance-test-log-stream-widget-dashboard","created_at":"2020-06-23T13:21:28.034862+00:00","modified_at":"2020-06-23T13:21:28.034862+00:00","author_handle":"nicholas.muesch@datadoghq.com","widgets":[{"definition":{"logset":"main","sort":{"column":"time","order":"desc"},"show_message_column":true,"title_size":"16","title":"Log
      Stream","title_align":"right","message_display":"expanded-md","indexes":[],"columns":["core_host","core_service"],"time":{"live_span":"1d"},"query":"status:error
      env:prod","type":"log_stream","show_date_column":true},"layout":{"y":5,"width":32,"x":5,"height":43},"id":5670837280964968}],"layout_type":"free"}'
    headers:
      Cache-Control:
      - no-cache
      Connection:
      - keep-alive
      Content-Security-Policy:
      - frame-ancestors 'self'; report-uri https://api.datadoghq.com/csp-report
      Content-Type:
      - application/json
      Date:
      - Tue, 23 Jun 2020 13:21:34 GMT
      Dd-Pool:
      - dogweb
      Pragma:
      - no-cache
      Set-Cookie:
      - DD-PSHARD=233; Max-Age=604800; Path=/; expires=Tue, 30-Jun-2020 13:21:34 GMT;
        secure; HttpOnly
      Strict-Transport-Security:
      - max-age=15724800;
      Vary:
      - Accept-Encoding
      X-Content-Type-Options:
      - nosniff
      X-Dd-Debug:
      - Z91NUpPIZnIQ9h7lBFWBkEPGVUEsn4/i71imPPwrChu4RPI5uNM5HGuodISK1HBR
      X-Dd-Version:
      - "35.2654799"
      X-Frame-Options:
      - SAMEORIGIN
    status: 200 OK
    code: 200
    duration: ""
- request:
    body: ""
    form: {}
    headers:
      Accept:
      - application/json
      Dd-Operation-Id:
      - GetDashboard
      User-Agent:
      - datadog-api-client-go/1.0.0-beta.6 (go go1.13; os darwin; arch amd64)
    url: https://api.datadoghq.com/api/v1/dashboard/n54-amh-fqn
    method: GET
  response:
    body: '{"notify_list":[],"description":"Created using the Datadog provider in
      Terraform","author_name":"Nicholas Muesch","template_variable_presets":[],"template_variables":[],"is_read_only":true,"id":"n54-amh-fqn","title":"Acceptance
      Test Log Stream Widget Dashboard","url":"/dashboard/n54-amh-fqn/acceptance-test-log-stream-widget-dashboard","created_at":"2020-06-23T13:21:28.034862+00:00","modified_at":"2020-06-23T13:21:28.034862+00:00","author_handle":"nicholas.muesch@datadoghq.com","widgets":[{"definition":{"logset":"main","sort":{"column":"time","order":"desc"},"show_message_column":true,"title_size":"16","title":"Log
      Stream","title_align":"right","message_display":"expanded-md","indexes":[],"columns":["core_host","core_service"],"time":{"live_span":"1d"},"query":"status:error
      env:prod","type":"log_stream","show_date_column":true},"layout":{"y":5,"width":32,"x":5,"height":43},"id":5670837280964968}],"layout_type":"free"}'
    headers:
      Cache-Control:
      - no-cache
      Connection:
      - keep-alive
      Content-Security-Policy:
      - frame-ancestors 'self'; report-uri https://api.datadoghq.com/csp-report
      Content-Type:
      - application/json
      Date:
      - Tue, 23 Jun 2020 13:21:35 GMT
      Dd-Pool:
      - dogweb
      Pragma:
      - no-cache
      Set-Cookie:
      - DD-PSHARD=233; Max-Age=604800; Path=/; expires=Tue, 30-Jun-2020 13:21:34 GMT;
        secure; HttpOnly
      Strict-Transport-Security:
      - max-age=15724800;
      Vary:
      - Accept-Encoding
      X-Content-Type-Options:
      - nosniff
      X-Dd-Debug:
      - SxoanfhUZNcxsD3lnA3j+up2jAgZV05RpnWjR/qtgMkjy5UIlkbs0WqFT6yaBwwR
      X-Dd-Version:
      - "35.2654799"
      X-Frame-Options:
      - SAMEORIGIN
    status: 200 OK
    code: 200
    duration: ""
- request:
    body: ""
    form: {}
    headers:
      Accept:
      - application/json
      Dd-Operation-Id:
      - DeleteDashboard
      User-Agent:
      - datadog-api-client-go/1.0.0-beta.6 (go go1.13; os darwin; arch amd64)
    url: https://api.datadoghq.com/api/v1/dashboard/n54-amh-fqn
    method: DELETE
  response:
    body: '{"deleted_dashboard_id":"n54-amh-fqn"}'
    headers:
      Cache-Control:
      - no-cache
      Connection:
      - keep-alive
      Content-Security-Policy:
      - frame-ancestors 'self'; report-uri https://api.datadoghq.com/csp-report
      Content-Type:
      - application/json
      Date:
      - Tue, 23 Jun 2020 13:21:52 GMT
      Dd-Pool:
      - dogweb
      Pragma:
      - no-cache
      Set-Cookie:
      - DD-PSHARD=233; Max-Age=604800; Path=/; expires=Tue, 30-Jun-2020 13:21:37 GMT;
        secure; HttpOnly
      Strict-Transport-Security:
      - max-age=15724800;
      Vary:
      - Accept-Encoding
      X-Content-Type-Options:
      - nosniff
      X-Dd-Debug:
      - QaEGvF++JqTbTiFomKhE21Fdnra2zinKOaCEqOgwcd7OtJatRLgvovBbCNyGqcpO
      X-Dd-Version:
      - "35.2654799"
      X-Frame-Options:
      - SAMEORIGIN
    status: 200 OK
    code: 200
    duration: ""
- request:
    body: ""
    form: {}
    headers:
      Accept:
      - application/json
      Dd-Operation-Id:
      - GetDashboard
      User-Agent:
      - datadog-api-client-go/1.0.0-beta.6 (go go1.13; os darwin; arch amd64)
    url: https://api.datadoghq.com/api/v1/dashboard/n54-amh-fqn
    method: GET
  response:
    body: '{"errors": ["Dashboard with ID n54-amh-fqn not found"]}'
    headers:
      Cache-Control:
      - no-cache
      Connection:
      - keep-alive
      Content-Security-Policy:
      - frame-ancestors 'self'; report-uri https://api.datadoghq.com/csp-report
      Content-Type:
      - application/json
      Date:
      - Tue, 23 Jun 2020 13:21:52 GMT
      Dd-Pool:
      - dogweb
      Pragma:
      - no-cache
      Strict-Transport-Security:
      - max-age=15724800;
      Vary:
      - Accept-Encoding
      X-Content-Type-Options:
      - nosniff
      X-Dd-Version:
      - "35.2654799"
      X-Frame-Options:
      - SAMEORIGIN
    status: 404 Not Found
    code: 404
    duration: ""
